19:42:01 **** Incremental Build of configuration Debug for project STM32412ZG_Nucleo ****
make all 
make: Nothing to be done for `all'.
19:42:07 **** Incremental Build of configuration Debug for project STM32412ZG_Nucleo ****
make all 
make: Nothing to be done for `all'.
19:42:29 **** Clean-only build of configuration Debug for project STM32412ZG_Nucleo ****
make clean 
rm -rf *
 
19:42:31 **** Build of configuration Debug for project STM32412ZG_Nucleo ****
make all 
Building file: A:/Engineering/DataSheets/STM32/STM32Cube_FW_F4_V1.13.0/Projects/STM32F412ZG-Nucleo/Examples/GPIO/GPIO_IOToggle/Src/main.c
Invoking: MCU GCC Compiler
%cd%
arm-none-eabi-gcc -mcpu=cortex-m4 -mthumb -mfloat-abi=hard -mfpu=fpv4-sp-d16 -DSTM32F412Zx -DUSE_HAL_DRIVER -DUSE_STM32F4XX_NUCLEO_144 -I"A:/Engineering/DataSheets/STM32/STM32Cube_FW_F4_V1.13.0/Projects/STM32F412ZG-Nucleo/Examples/GPIO/GPIO_IOToggle/Inc" -I"A:/Engineering/DataSheets/STM32/STM32Cube_FW_F4_V1.13.0/Drivers/CMSIS/Device/ST/STM32F4xx/Include" -I"A:/Engineering/DataSheets/STM32/STM32Cube_FW_F4_V1.13.0/Drivers/CMSIS/Include" -I"A:/Engineering/DataSheets/STM32/STM32Cube_FW_F4_V1.13.0/Drivers/STM32F4xx_HAL_Driver/Inc" -I"A:/Engineering/DataSheets/STM32/STM32Cube_FW_F4_V1.13.0/Drivers/BSP/STM32F4xx_Nucleo_144"  -Os -g3 -Wall -fmessage-length=0 -ffunction-sections -c -fmessage-length=0 -MMD -MP -MF"Example/User/main.d" -MT"Example/User/main.o" -o "Example/User/main.o" "A:/Engineering/DataSheets/STM32/STM32Cube_FW_F4_V1.13.0/Projects/STM32F412ZG-Nucleo/Examples/GPIO/GPIO_IOToggle/Src/main.c"
Finished building: A:/Engineering/DataSheets/STM32/STM32Cube_FW_F4_V1.13.0/Projects/STM32F412ZG-Nucleo/Examples/GPIO/GPIO_IOToggle/Src/main.c
 
Building file: A:/Engineering/DataSheets/STM32/STM32Cube_FW_F4_V1.13.0/Projects/STM32F412ZG-Nucleo/Examples/GPIO/GPIO_IOToggle/Src/stm32f4xx_it.c
Invoking: MCU GCC Compiler
%cd%
arm-none-eabi-gcc -mcpu=cortex-m4 -mthumb -mfloat-abi=hard -mfpu=fpv4-sp-d16 -DSTM32F412Zx -DUSE_HAL_DRIVER -DUSE_STM32F4XX_NUCLEO_144 -I"A:/Engineering/DataSheets/STM32/STM32Cube_FW_F4_V1.13.0/Projects/STM32F412ZG-Nucleo/Examples/GPIO/GPIO_IOToggle/Inc" -I"A:/Engineering/DataSheets/STM32/STM32Cube_FW_F4_V1.13.0/Drivers/CMSIS/Device/ST/STM32F4xx/Include" -I"A:/Engineering/DataSheets/STM32/STM32Cube_FW_F4_V1.13.0/Drivers/CMSIS/Include" -I"A:/Engineering/DataSheets/STM32/STM32Cube_FW_F4_V1.13.0/Drivers/STM32F4xx_HAL_Driver/Inc" -I"A:/Engineering/DataSheets/STM32/STM32Cube_FW_F4_V1.13.0/Drivers/BSP/STM32F4xx_Nucleo_144"  -Os -g3 -Wall -fmessage-length=0 -ffunction-sections -c -fmessage-length=0 -MMD -MP -MF"Example/User/stm32f4xx_it.d" -MT"Example/User/stm32f4xx_it.o" -o "Example/User/stm32f4xx_it.o" "A:/Engineering/DataSheets/STM32/STM32Cube_FW_F4_V1.13.0/Projects/STM32F412ZG-Nucleo/Examples/GPIO/GPIO_IOToggle/Src/stm32f4xx_it.c"
Finished building: A:/Engineering/DataSheets/STM32/STM32Cube_FW_F4_V1.13.0/Projects/STM32F412ZG-Nucleo/Examples/GPIO/GPIO_IOToggle/Src/stm32f4xx_it.c
 
Building file: A:/Engineering/DataSheets/STM32/STM32Cube_FW_F4_V1.13.0/Projects/STM32F412ZG-Nucleo/Examples/GPIO/GPIO_IOToggle/SW4STM32/startup_stm32f412zx.s
Invoking: MCU GCC Assembler
%cd%
arm-none-eabi-as -mcpu=cortex-m4 -mthumb -mfloat-abi=hard -mfpu=fpv4-sp-d16 -g -o "Example/SW4STM32/startup_stm32f412zx.o" "A:/Engineering/DataSheets/STM32/STM32Cube_FW_F4_V1.13.0/Projects/STM32F412ZG-Nucleo/Examples/GPIO/GPIO_IOToggle/SW4STM32/startup_stm32f412zx.s"
Finished building: A:/Engineering/DataSheets/STM32/STM32Cube_FW_F4_V1.13.0/Projects/STM32F412ZG-Nucleo/Examples/GPIO/GPIO_IOToggle/SW4STM32/startup_stm32f412zx.s
 
Building file: A:/Engineering/DataSheets/STM32/STM32Cube_FW_F4_V1.13.0/Drivers/STM32F4xx_HAL_Driver/Src/stm32f4xx_hal.c
Invoking: MCU GCC Compiler
%cd%
arm-none-eabi-gcc -mcpu=cortex-m4 -mthumb -mfloat-abi=hard -mfpu=fpv4-sp-d16 -DSTM32F412Zx -DUSE_HAL_DRIVER -DUSE_STM32F4XX_NUCLEO_144 -I"A:/Engineering/DataSheets/STM32/STM32Cube_FW_F4_V1.13.0/Projects/STM32F412ZG-Nucleo/Examples/GPIO/GPIO_IOToggle/Inc" -I"A:/Engineering/DataSheets/STM32/STM32Cube_FW_F4_V1.13.0/Drivers/CMSIS/Device/ST/STM32F4xx/Include" -I"A:/Engineering/DataSheets/STM32/STM32Cube_FW_F4_V1.13.0/Drivers/CMSIS/Include" -I"A:/Engineering/DataSheets/STM32/STM32Cube_FW_F4_V1.13.0/Drivers/STM32F4xx_HAL_Driver/Inc" -I"A:/Engineering/DataSheets/STM32/STM32Cube_FW_F4_V1.13.0/Drivers/BSP/STM32F4xx_Nucleo_144"  -Os -g3 -Wall -fmessage-length=0 -ffunction-sections -c -fmessage-length=0 -MMD -MP -MF"Drivers/STM32F4xx_HAL_Driver/stm32f4xx_hal.d" -MT"Drivers/STM32F4xx_HAL_Driver/stm32f4xx_hal.o" -o "Drivers/STM32F4xx_HAL_Driver/stm32f4xx_hal.o" "A:/Engineering/DataSheets/STM32/STM32Cube_FW_F4_V1.13.0/Drivers/STM32F4xx_HAL_Driver/Src/stm32f4xx_hal.c"
Finished building: A:/Engineering/DataSheets/STM32/STM32Cube_FW_F4_V1.13.0/Drivers/STM32F4xx_HAL_Driver/Src/stm32f4xx_hal.c
 
Building file: A:/Engineering/DataSheets/STM32/STM32Cube_FW_F4_V1.13.0/Drivers/STM32F4xx_HAL_Driver/Src/stm32f4xx_hal_cortex.c
Invoking: MCU GCC Compiler
%cd%
arm-none-eabi-gcc -mcpu=cortex-m4 -mthumb -mfloat-abi=hard -mfpu=fpv4-sp-d16 -DSTM32F412Zx -DUSE_HAL_DRIVER -DUSE_STM32F4XX_NUCLEO_144 -I"A:/Engineering/DataSheets/STM32/STM32Cube_FW_F4_V1.13.0/Projects/STM32F412ZG-Nucleo/Examples/GPIO/GPIO_IOToggle/Inc" -I"A:/Engineering/DataSheets/STM32/STM32Cube_FW_F4_V1.13.0/Drivers/CMSIS/Device/ST/STM32F4xx/Include" -I"A:/Engineering/DataSheets/STM32/STM32Cube_FW_F4_V1.13.0/Drivers/CMSIS/Include" -I"A:/Engineering/DataSheets/STM32/STM32Cube_FW_F4_V1.13.0/Drivers/STM32F4xx_HAL_Driver/Inc" -I"A:/Engineering/DataSheets/STM32/STM32Cube_FW_F4_V1.13.0/Drivers/BSP/STM32F4xx_Nucleo_144"  -Os -g3 -Wall -fmessage-length=0 -ffunction-sections -c -fmessage-length=0 -MMD -MP -MF"Drivers/STM32F4xx_HAL_Driver/stm32f4xx_hal_cortex.d" -MT"Drivers/STM32F4xx_HAL_Driver/stm32f4xx_hal_cortex.o" -o "Drivers/STM32F4xx_HAL_Driver/stm32f4xx_hal_cortex.o" "A:/Engineering/DataSheets/STM32/STM32Cube_FW_F4_V1.13.0/Drivers/STM32F4xx_HAL_Driver/Src/stm32f4xx_hal_cortex.c"
Finished building: A:/Engineering/DataSheets/STM32/STM32Cube_FW_F4_V1.13.0/Drivers/STM32F4xx_HAL_Driver/Src/stm32f4xx_hal_cortex.c
 
Building file: A:/Engineering/DataSheets/STM32/STM32Cube_FW_F4_V1.13.0/Drivers/STM32F4xx_HAL_Driver/Src/stm32f4xx_hal_gpio.c
Invoking: MCU GCC Compiler
%cd%
arm-none-eabi-gcc -mcpu=cortex-m4 -mthumb -mfloat-abi=hard -mfpu=fpv4-sp-d16 -DSTM32F412Zx -DUSE_HAL_DRIVER -DUSE_STM32F4XX_NUCLEO_144 -I"A:/Engineering/DataSheets/STM32/STM32Cube_FW_F4_V1.13.0/Projects/STM32F412ZG-Nucleo/Examples/GPIO/GPIO_IOToggle/Inc" -I"A:/Engineering/DataSheets/STM32/STM32Cube_FW_F4_V1.13.0/Drivers/CMSIS/Device/ST/STM32F4xx/Include" -I"A:/Engineering/DataSheets/STM32/STM32Cube_FW_F4_V1.13.0/Drivers/CMSIS/Include" -I"A:/Engineering/DataSheets/STM32/STM32Cube_FW_F4_V1.13.0/Drivers/STM32F4xx_HAL_Driver/Inc" -I"A:/Engineering/DataSheets/STM32/STM32Cube_FW_F4_V1.13.0/Drivers/BSP/STM32F4xx_Nucleo_144"  -Os -g3 -Wall -fmessage-length=0 -ffunction-sections -c -fmessage-length=0 -MMD -MP -MF"Drivers/STM32F4xx_HAL_Driver/stm32f4xx_hal_gpio.d" -MT"Drivers/STM32F4xx_HAL_Driver/stm32f4xx_hal_gpio.o" -o "Drivers/STM32F4xx_HAL_Driver/stm32f4xx_hal_gpio.o" "A:/Engineering/DataSheets/STM32/STM32Cube_FW_F4_V1.13.0/Drivers/STM32F4xx_HAL_Driver/Src/stm32f4xx_hal_gpio.c"
Finished building: A:/Engineering/DataSheets/STM32/STM32Cube_FW_F4_V1.13.0/Drivers/STM32F4xx_HAL_Driver/Src/stm32f4xx_hal_gpio.c
 
Building file: A:/Engineering/DataSheets/STM32/STM32Cube_FW_F4_V1.13.0/Drivers/STM32F4xx_HAL_Driver/Src/stm32f4xx_hal_rcc.c
Invoking: MCU GCC Compiler
%cd%
arm-none-eabi-gcc -mcpu=cortex-m4 -mthumb -mfloat-abi=hard -mfpu=fpv4-sp-d16 -DSTM32F412Zx -DUSE_HAL_DRIVER -DUSE_STM32F4XX_NUCLEO_144 -I"A:/Engineering/DataSheets/STM32/STM32Cube_FW_F4_V1.13.0/Projects/STM32F412ZG-Nucleo/Examples/GPIO/GPIO_IOToggle/Inc" -I"A:/Engineering/DataSheets/STM32/STM32Cube_FW_F4_V1.13.0/Drivers/CMSIS/Device/ST/STM32F4xx/Include" -I"A:/Engineering/DataSheets/STM32/STM32Cube_FW_F4_V1.13.0/Drivers/CMSIS/Include" -I"A:/Engineering/DataSheets/STM32/STM32Cube_FW_F4_V1.13.0/Drivers/STM32F4xx_HAL_Driver/Inc" -I"A:/Engineering/DataSheets/STM32/STM32Cube_FW_F4_V1.13.0/Drivers/BSP/STM32F4xx_Nucleo_144"  -Os -g3 -Wall -fmessage-length=0 -ffunction-sections -c -fmessage-length=0 -MMD -MP -MF"Drivers/STM32F4xx_HAL_Driver/stm32f4xx_hal_rcc.d" -MT"Drivers/STM32F4xx_HAL_Driver/stm32f4xx_hal_rcc.o" -o "Drivers/STM32F4xx_HAL_Driver/stm32f4xx_hal_rcc.o" "A:/Engineering/DataSheets/STM32/STM32Cube_FW_F4_V1.13.0/Drivers/STM32F4xx_HAL_Driver/Src/stm32f4xx_hal_rcc.c"
Finished building: A:/Engineering/DataSheets/STM32/STM32Cube_FW_F4_V1.13.0/Drivers/STM32F4xx_HAL_Driver/Src/stm32f4xx_hal_rcc.c
 
Building file: A:/Engineering/DataSheets/STM32/STM32Cube_FW_F4_V1.13.0/Drivers/STM32F4xx_HAL_Driver/Src/stm32f4xx_hal_rcc_ex.c
Invoking: MCU GCC Compiler
%cd%
arm-none-eabi-gcc -mcpu=cortex-m4 -mthumb -mfloat-abi=hard -mfpu=fpv4-sp-d16 -DSTM32F412Zx -DUSE_HAL_DRIVER -DUSE_STM32F4XX_NUCLEO_144 -I"A:/Engineering/DataSheets/STM32/STM32Cube_FW_F4_V1.13.0/Projects/STM32F412ZG-Nucleo/Examples/GPIO/GPIO_IOToggle/Inc" -I"A:/Engineering/DataSheets/STM32/STM32Cube_FW_F4_V1.13.0/Drivers/CMSIS/Device/ST/STM32F4xx/Include" -I"A:/Engineering/DataSheets/STM32/STM32Cube_FW_F4_V1.13.0/Drivers/CMSIS/Include" -I"A:/Engineering/DataSheets/STM32/STM32Cube_FW_F4_V1.13.0/Drivers/STM32F4xx_HAL_Driver/Inc" -I"A:/Engineering/DataSheets/STM32/STM32Cube_FW_F4_V1.13.0/Drivers/BSP/STM32F4xx_Nucleo_144"  -Os -g3 -Wall -fmessage-length=0 -ffunction-sections -c -fmessage-length=0 -MMD -MP -MF"Drivers/STM32F4xx_HAL_Driver/stm32f4xx_hal_rcc_ex.d" -MT"Drivers/STM32F4xx_HAL_Driver/stm32f4xx_hal_rcc_ex.o" -o "Drivers/STM32F4xx_HAL_Driver/stm32f4xx_hal_rcc_ex.o" "A:/Engineering/DataSheets/STM32/STM32Cube_FW_F4_V1.13.0/Drivers/STM32F4xx_HAL_Driver/Src/stm32f4xx_hal_rcc_ex.c"
Finished building: A:/Engineering/DataSheets/STM32/STM32Cube_FW_F4_V1.13.0/Drivers/STM32F4xx_HAL_Driver/Src/stm32f4xx_hal_rcc_ex.c
 
Building file: A:/Engineering/DataSheets/STM32/STM32Cube_FW_F4_V1.13.0/Projects/STM32F412ZG-Nucleo/Examples/GPIO/GPIO_IOToggle/Src/system_stm32f4xx.c
Invoking: MCU GCC Compiler
%cd%
arm-none-eabi-gcc -mcpu=cortex-m4 -mthumb -mfloat-abi=hard -mfpu=fpv4-sp-d16 -DSTM32F412Zx -DUSE_HAL_DRIVER -DUSE_STM32F4XX_NUCLEO_144 -I"A:/Engineering/DataSheets/STM32/STM32Cube_FW_F4_V1.13.0/Projects/STM32F412ZG-Nucleo/Examples/GPIO/GPIO_IOToggle/Inc" -I"A:/Engineering/DataSheets/STM32/STM32Cube_FW_F4_V1.13.0/Drivers/CMSIS/Device/ST/STM32F4xx/Include" -I"A:/Engineering/DataSheets/STM32/STM32Cube_FW_F4_V1.13.0/Drivers/CMSIS/Include" -I"A:/Engineering/DataSheets/STM32/STM32Cube_FW_F4_V1.13.0/Drivers/STM32F4xx_HAL_Driver/Inc" -I"A:/Engineering/DataSheets/STM32/STM32Cube_FW_F4_V1.13.0/Drivers/BSP/STM32F4xx_Nucleo_144"  -Os -g3 -Wall -fmessage-length=0 -ffunction-sections -c -fmessage-length=0 -MMD -MP -MF"Drivers/CMSIS/system_stm32f4xx.d" -MT"Drivers/CMSIS/system_stm32f4xx.o" -o "Drivers/CMSIS/system_stm32f4xx.o" "A:/Engineering/DataSheets/STM32/STM32Cube_FW_F4_V1.13.0/Projects/STM32F412ZG-Nucleo/Examples/GPIO/GPIO_IOToggle/Src/system_stm32f4xx.c"
Finished building: A:/Engineering/DataSheets/STM32/STM32Cube_FW_F4_V1.13.0/Projects/STM32F412ZG-Nucleo/Examples/GPIO/GPIO_IOToggle/Src/system_stm32f4xx.c
 
Building file: A:/Engineering/DataSheets/STM32/STM32Cube_FW_F4_V1.13.0/Drivers/BSP/STM32F4xx_Nucleo_144/stm32f4xx_nucleo_144.c
Invoking: MCU GCC Compiler
%cd%
arm-none-eabi-gcc -mcpu=cortex-m4 -mthumb -mfloat-abi=hard -mfpu=fpv4-sp-d16 -DSTM32F412Zx -DUSE_HAL_DRIVER -DUSE_STM32F4XX_NUCLEO_144 -I"A:/Engineering/DataSheets/STM32/STM32Cube_FW_F4_V1.13.0/Projects/STM32F412ZG-Nucleo/Examples/GPIO/GPIO_IOToggle/Inc" -I"A:/Engineering/DataSheets/STM32/STM32Cube_FW_F4_V1.13.0/Drivers/CMSIS/Device/ST/STM32F4xx/Include" -I"A:/Engineering/DataSheets/STM32/STM32Cube_FW_F4_V1.13.0/Drivers/CMSIS/Include" -I"A:/Engineering/DataSheets/STM32/STM32Cube_FW_F4_V1.13.0/Drivers/STM32F4xx_HAL_Driver/Inc" -I"A:/Engineering/DataSheets/STM32/STM32Cube_FW_F4_V1.13.0/Drivers/BSP/STM32F4xx_Nucleo_144"  -Os -g3 -Wall -fmessage-length=0 -ffunction-sections -c -fmessage-length=0 -MMD -MP -MF"Drivers/BSP/STM32412ZG_Nucleo/stm32f4xx_nucleo_144.d" -MT"Drivers/BSP/STM32412ZG_Nucleo/stm32f4xx_nucleo_144.o" -o "Drivers/BSP/STM32412ZG_Nucleo/stm32f4xx_nucleo_144.o" "A:/Engineering/DataSheets/STM32/STM32Cube_FW_F4_V1.13.0/Drivers/BSP/STM32F4xx_Nucleo_144/stm32f4xx_nucleo_144.c"
Finished building: A:/Engineering/DataSheets/STM32/STM32Cube_FW_F4_V1.13.0/Drivers/BSP/STM32F4xx_Nucleo_144/stm32f4xx_nucleo_144.c
 
Building target: STM32412ZG_Nucleo.elf
Invoking: MCU GCC Linker
arm-none-eabi-gcc -mcpu=cortex-m4 -mthumb -mfloat-abi=hard -mfpu=fpv4-sp-d16 -specs=nosys.specs -specs=nano.specs -T"../STM32F412ZGTx_FLASH.ld" -Wl,-Map=output.map -Wl,--gc-sections -lm -o "STM32412ZG_Nucleo.elf" @"objects.list"  
Finished building target: STM32412ZG_Nucleo.elf
 
make --no-print-directory post-build
Generating binary and Printing size information:
arm-none-eabi-objcopy -O binary "STM32412ZG_Nucleo.elf" "STM32412ZG_Nucleo.bin"
arm-none-eabi-size "STM32412ZG_Nucleo.elf"
   text	   data	    bss	    dec	    hex	filename
   3212	     12	   1588	   4812	   12cc	STM32412ZG_Nucleo.elf
 
20:15:00 **** Incremental Build of configuration Debug for project STM32412ZG_Nucleo ****
make all 
Building file: A:/Engineering/DataSheets/STM32/STM32Cube_FW_F4_V1.13.0/Projects/STM32F412ZG-Nucleo/Examples/GPIO/GPIO_IOToggle/Src/main.c
Invoking: MCU GCC Compiler
%cd%
arm-none-eabi-gcc -mcpu=cortex-m4 -mthumb -mfloat-abi=hard -mfpu=fpv4-sp-d16 -DSTM32F412Zx -DUSE_HAL_DRIVER -DUSE_STM32F4XX_NUCLEO_144 -I"A:/Engineering/DataSheets/STM32/STM32Cube_FW_F4_V1.13.0/Projects/STM32F412ZG-Nucleo/Examples/GPIO/GPIO_IOToggle/Inc" -I"A:/Engineering/DataSheets/STM32/STM32Cube_FW_F4_V1.13.0/Drivers/CMSIS/Device/ST/STM32F4xx/Include" -I"A:/Engineering/DataSheets/STM32/STM32Cube_FW_F4_V1.13.0/Drivers/CMSIS/Include" -I"A:/Engineering/DataSheets/STM32/STM32Cube_FW_F4_V1.13.0/Drivers/STM32F4xx_HAL_Driver/Inc" -I"A:/Engineering/DataSheets/STM32/STM32Cube_FW_F4_V1.13.0/Drivers/BSP/STM32F4xx_Nucleo_144"  -Os -g3 -Wall -fmessage-length=0 -ffunction-sections -c -fmessage-length=0 -MMD -MP -MF"Example/User/main.d" -MT"Example/User/main.o" -o "Example/User/main.o" "A:/Engineering/DataSheets/STM32/STM32Cube_FW_F4_V1.13.0/Projects/STM32F412ZG-Nucleo/Examples/GPIO/GPIO_IOToggle/Src/main.c"
A:/Engineering/DataSheets/STM32/STM32Cube_FW_F4_V1.13.0/Projects/STM32F412ZG-Nucleo/Examples/GPIO/GPIO_IOToggle/Src/main.c: In function 'main':
A:/Engineering/DataSheets/STM32/STM32Cube_FW_F4_V1.13.0/Projects/STM32F412ZG-Nucleo/Examples/GPIO/GPIO_IOToggle/Src/main.c:111:2: error: too few arguments to function 'HAL_GPIO_Init'
  HAL_GPIO_Init(GPIOA);
  ^
In file included from A:/Engineering/DataSheets/STM32/STM32Cube_FW_F4_V1.13.0/Projects/STM32F412ZG-Nucleo/Examples/GPIO/GPIO_IOToggle/Inc/stm32f4xx_hal_conf.h:250:0,
                 from A:/Engineering/DataSheets/STM32/STM32Cube_FW_F4_V1.13.0/Drivers/STM32F4xx_HAL_Driver/Inc/stm32f4xx_hal.h:48,
                 from A:/Engineering/DataSheets/STM32/STM32Cube_FW_F4_V1.13.0/Projects/STM32F412ZG-Nucleo/Examples/GPIO/GPIO_IOToggle/Inc/main.h:43,
                 from A:/Engineering/DataSheets/STM32/STM32Cube_FW_F4_V1.13.0/Projects/STM32F412ZG-Nucleo/Examples/GPIO/GPIO_IOToggle/Src/main.c:40:
A:/Engineering/DataSheets/STM32/STM32Cube_FW_F4_V1.13.0/Drivers/STM32F4xx_HAL_Driver/Inc/stm32f4xx_hal_gpio.h:243:7: note: declared here
 void  HAL_GPIO_Init(GPIO_TypeDef  *GPIOx, GPIO_InitTypeDef *GPIO_Init);
       ^
make: *** [Example/User/main.o] Error 1
20:15:34 **** Incremental Build of configuration Debug for project STM32412ZG_Nucleo ****
make all 
Building file: A:/Engineering/DataSheets/STM32/STM32Cube_FW_F4_V1.13.0/Projects/STM32F412ZG-Nucleo/Examples/GPIO/GPIO_IOToggle/Src/main.c
Invoking: MCU GCC Compiler
%cd%
arm-none-eabi-gcc -mcpu=cortex-m4 -mthumb -mfloat-abi=hard -mfpu=fpv4-sp-d16 -DSTM32F412Zx -DUSE_HAL_DRIVER -DUSE_STM32F4XX_NUCLEO_144 -I"A:/Engineering/DataSheets/STM32/STM32Cube_FW_F4_V1.13.0/Projects/STM32F412ZG-Nucleo/Examples/GPIO/GPIO_IOToggle/Inc" -I"A:/Engineering/DataSheets/STM32/STM32Cube_FW_F4_V1.13.0/Drivers/CMSIS/Device/ST/STM32F4xx/Include" -I"A:/Engineering/DataSheets/STM32/STM32Cube_FW_F4_V1.13.0/Drivers/CMSIS/Include" -I"A:/Engineering/DataSheets/STM32/STM32Cube_FW_F4_V1.13.0/Drivers/STM32F4xx_HAL_Driver/Inc" -I"A:/Engineering/DataSheets/STM32/STM32Cube_FW_F4_V1.13.0/Drivers/BSP/STM32F4xx_Nucleo_144"  -Os -g3 -Wall -fmessage-length=0 -ffunction-sections -c -fmessage-length=0 -MMD -MP -MF"Example/User/main.d" -MT"Example/User/main.o" -o "Example/User/main.o" "A:/Engineering/DataSheets/STM32/STM32Cube_FW_F4_V1.13.0/Projects/STM32F412ZG-Nucleo/Examples/GPIO/GPIO_IOToggle/Src/main.c"
A:/Engineering/DataSheets/STM32/STM32Cube_FW_F4_V1.13.0/Projects/STM32F412ZG-Nucleo/Examples/GPIO/GPIO_IOToggle/Src/main.c: In function 'main':
A:/Engineering/DataSheets/STM32/STM32Cube_FW_F4_V1.13.0/Projects/STM32F412ZG-Nucleo/Examples/GPIO/GPIO_IOToggle/Src/main.c:111:2: error: too few arguments to function 'HAL_GPIO_Init'
  HAL_GPIO_Init(GPIOA);
  ^
In file included from A:/Engineering/DataSheets/STM32/STM32Cube_FW_F4_V1.13.0/Projects/STM32F412ZG-Nucleo/Examples/GPIO/GPIO_IOToggle/Inc/stm32f4xx_hal_conf.h:250:0,
                 from A:/Engineering/DataSheets/STM32/STM32Cube_FW_F4_V1.13.0/Drivers/STM32F4xx_HAL_Driver/Inc/stm32f4xx_hal.h:48,
                 from A:/Engineering/DataSheets/STM32/STM32Cube_FW_F4_V1.13.0/Projects/STM32F412ZG-Nucleo/Examples/GPIO/GPIO_IOToggle/Inc/main.h:43,
                 from A:/Engineering/DataSheets/STM32/STM32Cube_FW_F4_V1.13.0/Projects/STM32F412ZG-Nucleo/Examples/GPIO/GPIO_IOToggle/Src/main.c:40:
A:/Engineering/DataSheets/STM32/STM32Cube_FW_F4_V1.13.0/Drivers/STM32F4xx_HAL_Driver/Inc/stm32f4xx_hal_gpio.h:243:7: note: declared here
 void  HAL_GPIO_Init(GPIO_TypeDef  *GPIOx, GPIO_InitTypeDef *GPIO_Init);
       ^
make: *** [Example/User/main.o] Error 1
20:18:24 **** Incremental Build of configuration Debug for project STM32412ZG_Nucleo ****
make all 
Building file: A:/Engineering/DataSheets/STM32/STM32Cube_FW_F4_V1.13.0/Projects/STM32F412ZG-Nucleo/Examples/GPIO/GPIO_IOToggle/Src/main.c
Invoking: MCU GCC Compiler
%cd%
arm-none-eabi-gcc -mcpu=cortex-m4 -mthumb -mfloat-abi=hard -mfpu=fpv4-sp-d16 -DSTM32F412Zx -DUSE_HAL_DRIVER -DUSE_STM32F4XX_NUCLEO_144 -I"A:/Engineering/DataSheets/STM32/STM32Cube_FW_F4_V1.13.0/Projects/STM32F412ZG-Nucleo/Examples/GPIO/GPIO_IOToggle/Inc" -I"A:/Engineering/DataSheets/STM32/STM32Cube_FW_F4_V1.13.0/Drivers/CMSIS/Device/ST/STM32F4xx/Include" -I"A:/Engineering/DataSheets/STM32/STM32Cube_FW_F4_V1.13.0/Drivers/CMSIS/Include" -I"A:/Engineering/DataSheets/STM32/STM32Cube_FW_F4_V1.13.0/Drivers/STM32F4xx_HAL_Driver/Inc" -I"A:/Engineering/DataSheets/STM32/STM32Cube_FW_F4_V1.13.0/Drivers/BSP/STM32F4xx_Nucleo_144"  -Os -g3 -Wall -fmessage-length=0 -ffunction-sections -c -fmessage-length=0 -MMD -MP -MF"Example/User/main.d" -MT"Example/User/main.o" -o "Example/User/main.o" "A:/Engineering/DataSheets/STM32/STM32Cube_FW_F4_V1.13.0/Projects/STM32F412ZG-Nucleo/Examples/GPIO/GPIO_IOToggle/Src/main.c"
Finished building: A:/Engineering/DataSheets/STM32/STM32Cube_FW_F4_V1.13.0/Projects/STM32F412ZG-Nucleo/Examples/GPIO/GPIO_IOToggle/Src/main.c
 
Building target: STM32412ZG_Nucleo.elf
Invoking: MCU GCC Linker
arm-none-eabi-gcc -mcpu=cortex-m4 -mthumb -mfloat-abi=hard -mfpu=fpv4-sp-d16 -specs=nosys.specs -specs=nano.specs -T"../STM32F412ZGTx_FLASH.ld" -Wl,-Map=output.map -Wl,--gc-sections -lm -o "STM32412ZG_Nucleo.elf" @"objects.list"  
Finished building target: STM32412ZG_Nucleo.elf
 
make --no-print-directory post-build
Generating binary and Printing size information:
arm-none-eabi-objcopy -O binary "STM32412ZG_Nucleo.elf" "STM32412ZG_Nucleo.bin"
arm-none-eabi-size "STM32412ZG_Nucleo.elf"
   text	   data	    bss	    dec	    hex	filename
   3248	     12	   1588	   4848	   12f0	STM32412ZG_Nucleo.elf
 
20:20:13 **** Incremental Build of configuration Debug for project STM32412ZG_Nucleo ****
make all 
make: Nothing to be done for `all'.
20:20:27 **** Incremental Build of configuration Debug for project STM32412ZG_Nucleo ****
make all 
make: Nothing to be done for `all'.
20:31:18 **** Incremental Build of configuration Debug for project STM32412ZG_Nucleo ****
make all 
Building file: A:/Engineering/DataSheets/STM32/STM32Cube_FW_F4_V1.13.0/Projects/STM32F412ZG-Nucleo/Examples/GPIO/GPIO_IOToggle/Src/main.c
Invoking: MCU GCC Compiler
%cd%
arm-none-eabi-gcc -mcpu=cortex-m4 -mthumb -mfloat-abi=hard -mfpu=fpv4-sp-d16 -DSTM32F412Zx -DUSE_HAL_DRIVER -DUSE_STM32F4XX_NUCLEO_144 -I"A:/Engineering/DataSheets/STM32/STM32Cube_FW_F4_V1.13.0/Projects/STM32F412ZG-Nucleo/Examples/GPIO/GPIO_IOToggle/Inc" -I"A:/Engineering/DataSheets/STM32/STM32Cube_FW_F4_V1.13.0/Drivers/CMSIS/Device/ST/STM32F4xx/Include" -I"A:/Engineering/DataSheets/STM32/STM32Cube_FW_F4_V1.13.0/Drivers/CMSIS/Include" -I"A:/Engineering/DataSheets/STM32/STM32Cube_FW_F4_V1.13.0/Drivers/STM32F4xx_HAL_Driver/Inc" -I"A:/Engineering/DataSheets/STM32/STM32Cube_FW_F4_V1.13.0/Drivers/BSP/STM32F4xx_Nucleo_144"  -Os -g3 -Wall -fmessage-length=0 -ffunction-sections -c -fmessage-length=0 -MMD -MP -MF"Example/User/main.d" -MT"Example/User/main.o" -o "Example/User/main.o" "A:/Engineering/DataSheets/STM32/STM32Cube_FW_F4_V1.13.0/Projects/STM32F412ZG-Nucleo/Examples/GPIO/GPIO_IOToggle/Src/main.c"
Finished building: A:/Engineering/DataSheets/STM32/STM32Cube_FW_F4_V1.13.0/Projects/STM32F412ZG-Nucleo/Examples/GPIO/GPIO_IOToggle/Src/main.c
 
Building target: STM32412ZG_Nucleo.elf
Invoking: MCU GCC Linker
arm-none-eabi-gcc -mcpu=cortex-m4 -mthumb -mfloat-abi=hard -mfpu=fpv4-sp-d16 -specs=nosys.specs -specs=nano.specs -T"../STM32F412ZGTx_FLASH.ld" -Wl,-Map=output.map -Wl,--gc-sections -lm -o "STM32412ZG_Nucleo.elf" @"objects.list"  
Finished building target: STM32412ZG_Nucleo.elf
 
make --no-print-directory post-build
Generating binary and Printing size information:
arm-none-eabi-objcopy -O binary "STM32412ZG_Nucleo.elf" "STM32412ZG_Nucleo.bin"
arm-none-eabi-size "STM32412ZG_Nucleo.elf"
   text	   data	    bss	    dec	    hex	filename
   3276	     12	   1588	   4876	   130c	STM32412ZG_Nucleo.elf
 
20:31:30 **** Incremental Build of configuration Debug for project STM32412ZG_Nucleo ****
make all 
make: Nothing to be done for `all'.
20:31:41 **** Incremental Build of configuration Debug for project STM32412ZG_Nucleo ****
make all 
make: Nothing to be done for `all'.
20:32:35 **** Incremental Build of configuration Debug for project STM32412ZG_Nucleo ****
make all 
make: Nothing to be done for `all'.
20:36:53 **** Incremental Build of configuration Debug for project STM32412ZG_Nucleo ****
make all 
Building file: A:/Engineering/DataSheets/STM32/STM32Cube_FW_F4_V1.13.0/Projects/STM32F412ZG-Nucleo/Examples/GPIO/GPIO_IOToggle/Src/main.c
Invoking: MCU GCC Compiler
%cd%
arm-none-eabi-gcc -mcpu=cortex-m4 -mthumb -mfloat-abi=hard -mfpu=fpv4-sp-d16 -DSTM32F412Zx -DUSE_HAL_DRIVER -DUSE_STM32F4XX_NUCLEO_144 -I"A:/Engineering/DataSheets/STM32/STM32Cube_FW_F4_V1.13.0/Projects/STM32F412ZG-Nucleo/Examples/GPIO/GPIO_IOToggle/Inc" -I"A:/Engineering/DataSheets/STM32/STM32Cube_FW_F4_V1.13.0/Drivers/CMSIS/Device/ST/STM32F4xx/Include" -I"A:/Engineering/DataSheets/STM32/STM32Cube_FW_F4_V1.13.0/Drivers/CMSIS/Include" -I"A:/Engineering/DataSheets/STM32/STM32Cube_FW_F4_V1.13.0/Drivers/STM32F4xx_HAL_Driver/Inc" -I"A:/Engineering/DataSheets/STM32/STM32Cube_FW_F4_V1.13.0/Drivers/BSP/STM32F4xx_Nucleo_144"  -Os -g3 -Wall -fmessage-length=0 -ffunction-sections -c -fmessage-length=0 -MMD -MP -MF"Example/User/main.d" -MT"Example/User/main.o" -o "Example/User/main.o" "A:/Engineering/DataSheets/STM32/STM32Cube_FW_F4_V1.13.0/Projects/STM32F412ZG-Nucleo/Examples/GPIO/GPIO_IOToggle/Src/main.c"
Finished building: A:/Engineering/DataSheets/STM32/STM32Cube_FW_F4_V1.13.0/Projects/STM32F412ZG-Nucleo/Examples/GPIO/GPIO_IOToggle/Src/main.c
 
Building target: STM32412ZG_Nucleo.elf
Invoking: MCU GCC Linker
arm-none-eabi-gcc -mcpu=cortex-m4 -mthumb -mfloat-abi=hard -mfpu=fpv4-sp-d16 -specs=nosys.specs -specs=nano.specs -T"../STM32F412ZGTx_FLASH.ld" -Wl,-Map=output.map -Wl,--gc-sections -lm -o "STM32412ZG_Nucleo.elf" @"objects.list"  
Finished building target: STM32412ZG_Nucleo.elf
 
make --no-print-directory post-build
Generating binary and Printing size information:
arm-none-eabi-objcopy -O binary "STM32412ZG_Nucleo.elf" "STM32412ZG_Nucleo.bin"
arm-none-eabi-size "STM32412ZG_Nucleo.elf"
   text	   data	    bss	    dec	    hex	filename
   3236	     12	   1588	   4836	   12e4	STM32412ZG_Nucleo.elf
 
20:37:19 **** Incremental Build of configuration Debug for project STM32412ZG_Nucleo ****
make all 
make: Nothing to be done for `all'.
20:59:10 **** Incremental Build of configuration Debug for project STM32412ZG_Nucleo ****
make all 
Building file: A:/Engineering/DataSheets/STM32/STM32Cube_FW_F4_V1.13.0/Projects/STM32F412ZG-Nucleo/Examples/GPIO/GPIO_IOToggle/Src/main.c
Invoking: MCU GCC Compiler
%cd%
arm-none-eabi-gcc -mcpu=cortex-m4 -mthumb -mfloat-abi=hard -mfpu=fpv4-sp-d16 -DSTM32F412Zx -DUSE_HAL_DRIVER -DUSE_STM32F4XX_NUCLEO_144 -I"A:/Engineering/DataSheets/STM32/STM32Cube_FW_F4_V1.13.0/Projects/STM32F412ZG-Nucleo/Examples/GPIO/GPIO_IOToggle/Inc" -I"A:/Engineering/DataSheets/STM32/STM32Cube_FW_F4_V1.13.0/Drivers/CMSIS/Device/ST/STM32F4xx/Include" -I"A:/Engineering/DataSheets/STM32/STM32Cube_FW_F4_V1.13.0/Drivers/CMSIS/Include" -I"A:/Engineering/DataSheets/STM32/STM32Cube_FW_F4_V1.13.0/Drivers/STM32F4xx_HAL_Driver/Inc" -I"A:/Engineering/DataSheets/STM32/STM32Cube_FW_F4_V1.13.0/Drivers/BSP/STM32F4xx_Nucleo_144"  -Os -g3 -Wall -fmessage-length=0 -ffunction-sections -c -fmessage-length=0 -MMD -MP -MF"Example/User/main.d" -MT"Example/User/main.o" -o "Example/User/main.o" "A:/Engineering/DataSheets/STM32/STM32Cube_FW_F4_V1.13.0/Projects/STM32F412ZG-Nucleo/Examples/GPIO/GPIO_IOToggle/Src/main.c"
Finished building: A:/Engineering/DataSheets/STM32/STM32Cube_FW_F4_V1.13.0/Projects/STM32F412ZG-Nucleo/Examples/GPIO/GPIO_IOToggle/Src/main.c
 
Building target: STM32412ZG_Nucleo.elf
Invoking: MCU GCC Linker
arm-none-eabi-gcc -mcpu=cortex-m4 -mthumb -mfloat-abi=hard -mfpu=fpv4-sp-d16 -specs=nosys.specs -specs=nano.specs -T"../STM32F412ZGTx_FLASH.ld" -Wl,-Map=output.map -Wl,--gc-sections -lm -o "STM32412ZG_Nucleo.elf" @"objects.list"  
Finished building target: STM32412ZG_Nucleo.elf
 
make --no-print-directory post-build
Generating binary and Printing size information:
arm-none-eabi-objcopy -O binary "STM32412ZG_Nucleo.elf" "STM32412ZG_Nucleo.bin"
arm-none-eabi-size "STM32412ZG_Nucleo.elf"
   text	   data	    bss	    dec	    hex	filename
   3256	     12	   1588	   4856	   12f8	STM32412ZG_Nucleo.elf
 
21:00:01 **** Incremental Build of configuration Debug for project STM32412ZG_Nucleo ****
make all 
Building file: A:/Engineering/DataSheets/STM32/STM32Cube_FW_F4_V1.13.0/Projects/STM32F412ZG-Nucleo/Examples/GPIO/GPIO_IOToggle/Src/main.c
Invoking: MCU GCC Compiler
%cd%
arm-none-eabi-gcc -mcpu=cortex-m4 -mthumb -mfloat-abi=hard -mfpu=fpv4-sp-d16 -DSTM32F412Zx -DUSE_HAL_DRIVER -DUSE_STM32F4XX_NUCLEO_144 -I"A:/Engineering/DataSheets/STM32/STM32Cube_FW_F4_V1.13.0/Projects/STM32F412ZG-Nucleo/Examples/GPIO/GPIO_IOToggle/Inc" -I"A:/Engineering/DataSheets/STM32/STM32Cube_FW_F4_V1.13.0/Drivers/CMSIS/Device/ST/STM32F4xx/Include" -I"A:/Engineering/DataSheets/STM32/STM32Cube_FW_F4_V1.13.0/Drivers/CMSIS/Include" -I"A:/Engineering/DataSheets/STM32/STM32Cube_FW_F4_V1.13.0/Drivers/STM32F4xx_HAL_Driver/Inc" -I"A:/Engineering/DataSheets/STM32/STM32Cube_FW_F4_V1.13.0/Drivers/BSP/STM32F4xx_Nucleo_144"  -Os -g3 -Wall -fmessage-length=0 -ffunction-sections -c -fmessage-length=0 -MMD -MP -MF"Example/User/main.d" -MT"Example/User/main.o" -o "Example/User/main.o" "A:/Engineering/DataSheets/STM32/STM32Cube_FW_F4_V1.13.0/Projects/STM32F412ZG-Nucleo/Examples/GPIO/GPIO_IOToggle/Src/main.c"
Finished building: A:/Engineering/DataSheets/STM32/STM32Cube_FW_F4_V1.13.0/Projects/STM32F412ZG-Nucleo/Examples/GPIO/GPIO_IOToggle/Src/main.c
 
Building target: STM32412ZG_Nucleo.elf
Invoking: MCU GCC Linker
arm-none-eabi-gcc -mcpu=cortex-m4 -mthumb -mfloat-abi=hard -mfpu=fpv4-sp-d16 -specs=nosys.specs -specs=nano.specs -T"../STM32F412ZGTx_FLASH.ld" -Wl,-Map=output.map -Wl,--gc-sections -lm -o "STM32412ZG_Nucleo.elf" @"objects.list"  
Finished building target: STM32412ZG_Nucleo.elf
 
make --no-print-directory post-build
Generating binary and Printing size information:
arm-none-eabi-objcopy -O binary "STM32412ZG_Nucleo.elf" "STM32412ZG_Nucleo.bin"
arm-none-eabi-size "STM32412ZG_Nucleo.elf"
   text	   data	    bss	    dec	    hex	filename
   3256	     12	   1588	   4856	   12f8	STM32412ZG_Nucleo.elf
 
21:02:24 **** Incremental Build of configuration Debug for project STM32412ZG_Nucleo ****
make all 
Building file: A:/Engineering/DataSheets/STM32/STM32Cube_FW_F4_V1.13.0/Projects/STM32F412ZG-Nucleo/Examples/GPIO/GPIO_IOToggle/Src/main.c
Invoking: MCU GCC Compiler
%cd%
arm-none-eabi-gcc -mcpu=cortex-m4 -mthumb -mfloat-abi=hard -mfpu=fpv4-sp-d16 -DSTM32F412Zx -DUSE_HAL_DRIVER -DUSE_STM32F4XX_NUCLEO_144 -I"A:/Engineering/DataSheets/STM32/STM32Cube_FW_F4_V1.13.0/Projects/STM32F412ZG-Nucleo/Examples/GPIO/GPIO_IOToggle/Inc" -I"A:/Engineering/DataSheets/STM32/STM32Cube_FW_F4_V1.13.0/Drivers/CMSIS/Device/ST/STM32F4xx/Include" -I"A:/Engineering/DataSheets/STM32/STM32Cube_FW_F4_V1.13.0/Drivers/CMSIS/Include" -I"A:/Engineering/DataSheets/STM32/STM32Cube_FW_F4_V1.13.0/Drivers/STM32F4xx_HAL_Driver/Inc" -I"A:/Engineering/DataSheets/STM32/STM32Cube_FW_F4_V1.13.0/Drivers/BSP/STM32F4xx_Nucleo_144"  -Os -g3 -Wall -fmessage-length=0 -ffunction-sections -c -fmessage-length=0 -MMD -MP -MF"Example/User/main.d" -MT"Example/User/main.o" -o "Example/User/main.o" "A:/Engineering/DataSheets/STM32/STM32Cube_FW_F4_V1.13.0/Projects/STM32F412ZG-Nucleo/Examples/GPIO/GPIO_IOToggle/Src/main.c"
Finished building: A:/Engineering/DataSheets/STM32/STM32Cube_FW_F4_V1.13.0/Projects/STM32F412ZG-Nucleo/Examples/GPIO/GPIO_IOToggle/Src/main.c
 
Building target: STM32412ZG_Nucleo.elf
Invoking: MCU GCC Linker
arm-none-eabi-gcc -mcpu=cortex-m4 -mthumb -mfloat-abi=hard -mfpu=fpv4-sp-d16 -specs=nosys.specs -specs=nano.specs -T"../STM32F412ZGTx_FLASH.ld" -Wl,-Map=output.map -Wl,--gc-sections -lm -o "STM32412ZG_Nucleo.elf" @"objects.list"  
Finished building target: STM32412ZG_Nucleo.elf
 
make --no-print-directory post-build
Generating binary and Printing size information:
arm-none-eabi-objcopy -O binary "STM32412ZG_Nucleo.elf" "STM32412ZG_Nucleo.bin"
arm-none-eabi-size "STM32412ZG_Nucleo.elf"
   text	   data	    bss	    dec	    hex	filename
   3256	     12	   1588	   4856	   12f8	STM32412ZG_Nucleo.elf
 
21:03:28 **** Incremental Build of configuration Debug for project STM32412ZG_Nucleo ****
make all 
Building file: A:/Engineering/DataSheets/STM32/STM32Cube_FW_F4_V1.13.0/Projects/STM32F412ZG-Nucleo/Examples/GPIO/GPIO_IOToggle/Src/main.c
Invoking: MCU GCC Compiler
%cd%
arm-none-eabi-gcc -mcpu=cortex-m4 -mthumb -mfloat-abi=hard -mfpu=fpv4-sp-d16 -DSTM32F412Zx -DUSE_HAL_DRIVER -DUSE_STM32F4XX_NUCLEO_144 -I"A:/Engineering/DataSheets/STM32/STM32Cube_FW_F4_V1.13.0/Projects/STM32F412ZG-Nucleo/Examples/GPIO/GPIO_IOToggle/Inc" -I"A:/Engineering/DataSheets/STM32/STM32Cube_FW_F4_V1.13.0/Drivers/CMSIS/Device/ST/STM32F4xx/Include" -I"A:/Engineering/DataSheets/STM32/STM32Cube_FW_F4_V1.13.0/Drivers/CMSIS/Include" -I"A:/Engineering/DataSheets/STM32/STM32Cube_FW_F4_V1.13.0/Drivers/STM32F4xx_HAL_Driver/Inc" -I"A:/Engineering/DataSheets/STM32/STM32Cube_FW_F4_V1.13.0/Drivers/BSP/STM32F4xx_Nucleo_144"  -Os -g3 -Wall -fmessage-length=0 -ffunction-sections -c -fmessage-length=0 -MMD -MP -MF"Example/User/main.d" -MT"Example/User/main.o" -o "Example/User/main.o" "A:/Engineering/DataSheets/STM32/STM32Cube_FW_F4_V1.13.0/Projects/STM32F412ZG-Nucleo/Examples/GPIO/GPIO_IOToggle/Src/main.c"
Finished building: A:/Engineering/DataSheets/STM32/STM32Cube_FW_F4_V1.13.0/Projects/STM32F412ZG-Nucleo/Examples/GPIO/GPIO_IOToggle/Src/main.c
 
Building target: STM32412ZG_Nucleo.elf
Invoking: MCU GCC Linker
arm-none-eabi-gcc -mcpu=cortex-m4 -mthumb -mfloat-abi=hard -mfpu=fpv4-sp-d16 -specs=nosys.specs -specs=nano.specs -T"../STM32F412ZGTx_FLASH.ld" -Wl,-Map=output.map -Wl,--gc-sections -lm -o "STM32412ZG_Nucleo.elf" @"objects.list"  
Finished building target: STM32412ZG_Nucleo.elf
 
make --no-print-directory post-build
Generating binary and Printing size information:
arm-none-eabi-objcopy -O binary "STM32412ZG_Nucleo.elf" "STM32412ZG_Nucleo.bin"
arm-none-eabi-size "STM32412ZG_Nucleo.elf"
   text	   data	    bss	    dec	    hex	filename
   3256	     12	   1588	   4856	   12f8	STM32412ZG_Nucleo.elf
 
15:13:57 **** Incremental Build of configuration Debug for project STM32412ZG_Nucleo ****
make all 
Building file: A:/Engineering/DataSheets/STM32/STM32Cube_FW_F4_V1.13.0/Projects/STM32F412ZG-Nucleo/Examples/GPIO/GPIO_IOToggle/Src/main.c
Invoking: MCU GCC Compiler
%cd%
arm-none-eabi-gcc -mcpu=cortex-m4 -mthumb -mfloat-abi=hard -mfpu=fpv4-sp-d16 -DSTM32F412Zx -DUSE_HAL_DRIVER -DUSE_STM32F4XX_NUCLEO_144 -I"A:/Engineering/DataSheets/STM32/STM32Cube_FW_F4_V1.13.0/Projects/STM32F412ZG-Nucleo/Examples/GPIO/GPIO_IOToggle/Inc" -I"A:/Engineering/DataSheets/STM32/STM32Cube_FW_F4_V1.13.0/Drivers/CMSIS/Device/ST/STM32F4xx/Include" -I"A:/Engineering/DataSheets/STM32/STM32Cube_FW_F4_V1.13.0/Drivers/CMSIS/Include" -I"A:/Engineering/DataSheets/STM32/STM32Cube_FW_F4_V1.13.0/Drivers/STM32F4xx_HAL_Driver/Inc" -I"A:/Engineering/DataSheets/STM32/STM32Cube_FW_F4_V1.13.0/Drivers/BSP/STM32F4xx_Nucleo_144"  -Os -g3 -Wall -fmessage-length=0 -ffunction-sections -c -fmessage-length=0 -MMD -MP -MF"Example/User/main.d" -MT"Example/User/main.o" -o "Example/User/main.o" "A:/Engineering/DataSheets/STM32/STM32Cube_FW_F4_V1.13.0/Projects/STM32F412ZG-Nucleo/Examples/GPIO/GPIO_IOToggle/Src/main.c"
Finished building: A:/Engineering/DataSheets/STM32/STM32Cube_FW_F4_V1.13.0/Projects/STM32F412ZG-Nucleo/Examples/GPIO/GPIO_IOToggle/Src/main.c
 
Building target: STM32412ZG_Nucleo.elf
Invoking: MCU GCC Linker
arm-none-eabi-gcc -mcpu=cortex-m4 -mthumb -mfloat-abi=hard -mfpu=fpv4-sp-d16 -specs=nosys.specs -specs=nano.specs -T"../STM32F412ZGTx_FLASH.ld" -Wl,-Map=output.map -Wl,--gc-sections -lm -o "STM32412ZG_Nucleo.elf" @"objects.list"  
Finished building target: STM32412ZG_Nucleo.elf
 
make --no-print-directory post-build
Generating binary and Printing size information:
arm-none-eabi-objcopy -O binary "STM32412ZG_Nucleo.elf" "STM32412ZG_Nucleo.bin"
arm-none-eabi-size "STM32412ZG_Nucleo.elf"
   text	   data	    bss	    dec	    hex	filename
   3256	     12	   1588	   4856	   12f8	STM32412ZG_Nucleo.elf
 
15:14:12 **** Incremental Build of configuration Debug for project STM32412ZG_Nucleo ****
make all 
Building file: A:/Engineering/DataSheets/STM32/STM32Cube_FW_F4_V1.13.0/Projects/STM32F412ZG-Nucleo/Examples/GPIO/GPIO_IOToggle/Src/main.c
Invoking: MCU GCC Compiler
%cd%
arm-none-eabi-gcc -mcpu=cortex-m4 -mthumb -mfloat-abi=hard -mfpu=fpv4-sp-d16 -DSTM32F412Zx -DUSE_HAL_DRIVER -DUSE_STM32F4XX_NUCLEO_144 -I"A:/Engineering/DataSheets/STM32/STM32Cube_FW_F4_V1.13.0/Projects/STM32F412ZG-Nucleo/Examples/GPIO/GPIO_IOToggle/Inc" -I"A:/Engineering/DataSheets/STM32/STM32Cube_FW_F4_V1.13.0/Drivers/CMSIS/Device/ST/STM32F4xx/Include" -I"A:/Engineering/DataSheets/STM32/STM32Cube_FW_F4_V1.13.0/Drivers/CMSIS/Include" -I"A:/Engineering/DataSheets/STM32/STM32Cube_FW_F4_V1.13.0/Drivers/STM32F4xx_HAL_Driver/Inc" -I"A:/Engineering/DataSheets/STM32/STM32Cube_FW_F4_V1.13.0/Drivers/BSP/STM32F4xx_Nucleo_144"  -Os -g3 -Wall -fmessage-length=0 -ffunction-sections -c -fmessage-length=0 -MMD -MP -MF"Example/User/main.d" -MT"Example/User/main.o" -o "Example/User/main.o" "A:/Engineering/DataSheets/STM32/STM32Cube_FW_F4_V1.13.0/Projects/STM32F412ZG-Nucleo/Examples/GPIO/GPIO_IOToggle/Src/main.c"
Finished building: A:/Engineering/DataSheets/STM32/STM32Cube_FW_F4_V1.13.0/Projects/STM32F412ZG-Nucleo/Examples/GPIO/GPIO_IOToggle/Src/main.c
 
Building target: STM32412ZG_Nucleo.elf
Invoking: MCU GCC Linker
arm-none-eabi-gcc -mcpu=cortex-m4 -mthumb -mfloat-abi=hard -mfpu=fpv4-sp-d16 -specs=nosys.specs -specs=nano.specs -T"../STM32F412ZGTx_FLASH.ld" -Wl,-Map=output.map -Wl,--gc-sections -lm -o "STM32412ZG_Nucleo.elf" @"objects.list"  
Finished building target: STM32412ZG_Nucleo.elf
 
make --no-print-directory post-build
Generating binary and Printing size information:
arm-none-eabi-objcopy -O binary "STM32412ZG_Nucleo.elf" "STM32412ZG_Nucleo.bin"
arm-none-eabi-size "STM32412ZG_Nucleo.elf"
   text	   data	    bss	    dec	    hex	filename
   3256	     12	   1588	   4856	   12f8	STM32412ZG_Nucleo.elf
 
15:14:35 **** Incremental Build of configuration Debug for project STM32412ZG_Nucleo ****
make all 
Building file: A:/Engineering/DataSheets/STM32/STM32Cube_FW_F4_V1.13.0/Projects/STM32F412ZG-Nucleo/Examples/GPIO/GPIO_IOToggle/Src/main.c
Invoking: MCU GCC Compiler
%cd%
arm-none-eabi-gcc -mcpu=cortex-m4 -mthumb -mfloat-abi=hard -mfpu=fpv4-sp-d16 -DSTM32F412Zx -DUSE_HAL_DRIVER -DUSE_STM32F4XX_NUCLEO_144 -I"A:/Engineering/DataSheets/STM32/STM32Cube_FW_F4_V1.13.0/Projects/STM32F412ZG-Nucleo/Examples/GPIO/GPIO_IOToggle/Inc" -I"A:/Engineering/DataSheets/STM32/STM32Cube_FW_F4_V1.13.0/Drivers/CMSIS/Device/ST/STM32F4xx/Include" -I"A:/Engineering/DataSheets/STM32/STM32Cube_FW_F4_V1.13.0/Drivers/CMSIS/Include" -I"A:/Engineering/DataSheets/STM32/STM32Cube_FW_F4_V1.13.0/Drivers/STM32F4xx_HAL_Driver/Inc" -I"A:/Engineering/DataSheets/STM32/STM32Cube_FW_F4_V1.13.0/Drivers/BSP/STM32F4xx_Nucleo_144"  -Os -g3 -Wall -fmessage-length=0 -ffunction-sections -c -fmessage-length=0 -MMD -MP -MF"Example/User/main.d" -MT"Example/User/main.o" -o "Example/User/main.o" "A:/Engineering/DataSheets/STM32/STM32Cube_FW_F4_V1.13.0/Projects/STM32F412ZG-Nucleo/Examples/GPIO/GPIO_IOToggle/Src/main.c"
Finished building: A:/Engineering/DataSheets/STM32/STM32Cube_FW_F4_V1.13.0/Projects/STM32F412ZG-Nucleo/Examples/GPIO/GPIO_IOToggle/Src/main.c
 
Building target: STM32412ZG_Nucleo.elf
Invoking: MCU GCC Linker
arm-none-eabi-gcc -mcpu=cortex-m4 -mthumb -mfloat-abi=hard -mfpu=fpv4-sp-d16 -specs=nosys.specs -specs=nano.specs -T"../STM32F412ZGTx_FLASH.ld" -Wl,-Map=output.map -Wl,--gc-sections -lm -o "STM32412ZG_Nucleo.elf" @"objects.list"  
Finished building target: STM32412ZG_Nucleo.elf
 
make --no-print-directory post-build
Generating binary and Printing size information:
arm-none-eabi-objcopy -O binary "STM32412ZG_Nucleo.elf" "STM32412ZG_Nucleo.bin"
arm-none-eabi-size "STM32412ZG_Nucleo.elf"
   text	   data	    bss	    dec	    hex	filename
   3256	     12	   1588	   4856	   12f8	STM32412ZG_Nucleo.elf
 
15:15:10 **** Incremental Build of configuration Debug for project STM32412ZG_Nucleo ****
make all 
Building file: A:/Engineering/DataSheets/STM32/STM32Cube_FW_F4_V1.13.0/Projects/STM32F412ZG-Nucleo/Examples/GPIO/GPIO_IOToggle/Src/main.c
Invoking: MCU GCC Compiler
%cd%
arm-none-eabi-gcc -mcpu=cortex-m4 -mthumb -mfloat-abi=hard -mfpu=fpv4-sp-d16 -DSTM32F412Zx -DUSE_HAL_DRIVER -DUSE_STM32F4XX_NUCLEO_144 -I"A:/Engineering/DataSheets/STM32/STM32Cube_FW_F4_V1.13.0/Projects/STM32F412ZG-Nucleo/Examples/GPIO/GPIO_IOToggle/Inc" -I"A:/Engineering/DataSheets/STM32/STM32Cube_FW_F4_V1.13.0/Drivers/CMSIS/Device/ST/STM32F4xx/Include" -I"A:/Engineering/DataSheets/STM32/STM32Cube_FW_F4_V1.13.0/Drivers/CMSIS/Include" -I"A:/Engineering/DataSheets/STM32/STM32Cube_FW_F4_V1.13.0/Drivers/STM32F4xx_HAL_Driver/Inc" -I"A:/Engineering/DataSheets/STM32/STM32Cube_FW_F4_V1.13.0/Drivers/BSP/STM32F4xx_Nucleo_144"  -Os -g3 -Wall -fmessage-length=0 -ffunction-sections -c -fmessage-length=0 -MMD -MP -MF"Example/User/main.d" -MT"Example/User/main.o" -o "Example/User/main.o" "A:/Engineering/DataSheets/STM32/STM32Cube_FW_F4_V1.13.0/Projects/STM32F412ZG-Nucleo/Examples/GPIO/GPIO_IOToggle/Src/main.c"
Finished building: A:/Engineering/DataSheets/STM32/STM32Cube_FW_F4_V1.13.0/Projects/STM32F412ZG-Nucleo/Examples/GPIO/GPIO_IOToggle/Src/main.c
 
Building target: STM32412ZG_Nucleo.elf
Invoking: MCU GCC Linker
arm-none-eabi-gcc -mcpu=cortex-m4 -mthumb -mfloat-abi=hard -mfpu=fpv4-sp-d16 -specs=nosys.specs -specs=nano.specs -T"../STM32F412ZGTx_FLASH.ld" -Wl,-Map=output.map -Wl,--gc-sections -lm -o "STM32412ZG_Nucleo.elf" @"objects.list"  
Finished building target: STM32412ZG_Nucleo.elf
 
make --no-print-directory post-build
Generating binary and Printing size information:
arm-none-eabi-objcopy -O binary "STM32412ZG_Nucleo.elf" "STM32412ZG_Nucleo.bin"
arm-none-eabi-size "STM32412ZG_Nucleo.elf"
   text	   data	    bss	    dec	    hex	filename
   3256	     12	   1588	   4856	   12f8	STM32412ZG_Nucleo.elf
 
15:16:13 **** Incremental Build of configuration Debug for project STM32412ZG_Nucleo ****
make all 
make: Nothing to be done for `all'.
18:51:22 **** Incremental Build of configuration Debug for project STM32412ZG_Nucleo ****
make all 
make: Nothing to be done for `all'.
18:51:22 **** Clean-only build of configuration Debug for project XPhone ****
make clean 
rm -rf *
 
18:51:23 **** Build of configuration Debug for project XPhone ****
make all 
Building file: ../startup/startup_stm32f412zx.s
Invoking: MCU GCC Assembler
%cd%
arm-none-eabi-as -mcpu=cortex-m4 -mthumb -mfloat-abi=hard -mfpu=fpv4-sp-d16 -I"A:/Programming/XPhone/micro/stm/XPhone/inc" -I"A:/Programming/XPhone/micro/stm/XPhone/Utilities/STM32F4xx_Nucleo_144" -I"A:/Programming/XPhone/micro/stm/XPhone/HAL_Driver/Inc" -I"A:/Programming/XPhone/micro/stm/XPhone/HAL_Driver/Inc/Legacy" -I"A:/Programming/XPhone/micro/stm/XPhone/CMSIS/core" -I"A:/Programming/XPhone/micro/stm/XPhone/CMSIS/device" -g -o "startup/startup_stm32f412zx.o" "../startup/startup_stm32f412zx.s"
Finished building: ../startup/startup_stm32f412zx.s
 
Building file: ../src/main.c
Invoking: MCU GCC Compiler
%cd%
arm-none-eabi-gcc -mcpu=cortex-m4 -mthumb -mfloat-abi=hard -mfpu=fpv4-sp-d16 -DSTM32F412ZGTx -DSTM32F4 -DNUCLEO_F412ZG -DSTM32 -DDEBUG -DUSE_HAL_DRIVER -DSTM32F412Zx -I"A:/Programming/XPhone/micro/stm/XPhone/inc" -I"A:/Programming/XPhone/micro/stm/XPhone/Utilities/STM32F4xx_Nucleo_144" -I"A:/Programming/XPhone/micro/stm/XPhone/HAL_Driver/Inc" -I"A:/Programming/XPhone/micro/stm/XPhone/HAL_Driver/Inc/Legacy" -I"A:/Programming/XPhone/micro/stm/XPhone/CMSIS/core" -I"A:/Programming/XPhone/micro/stm/XPhone/CMSIS/device" -O0 -g3 -Wall -fmessage-length=0 -ffunction-sections -c -MMD -MP -MF"src/main.d" -MT"src/main.o" -o "src/main.o" "../src/main.c"
../src/main.c:41:34: warning: missing terminating " character
 #include "stm32f4xx_nucleo_144.h""
                                  ^
../src/main.c:41:34: warning: extra tokens at end of #include directive
../src/main.c:55:26: warning: 'GPIO_InitStruct' defined but not used [-Wunused-variable]
 static GPIO_InitTypeDef  GPIO_InitStruct;
                          ^
Finished building: ../src/main.c
 
Building file: ../src/stm32f4xx_it.c
Invoking: MCU GCC Compiler
%cd%
arm-none-eabi-gcc -mcpu=cortex-m4 -mthumb -mfloat-abi=hard -mfpu=fpv4-sp-d16 -DSTM32F412ZGTx -DSTM32F4 -DNUCLEO_F412ZG -DSTM32 -DDEBUG -DUSE_HAL_DRIVER -DSTM32F412Zx -I"A:/Programming/XPhone/micro/stm/XPhone/inc" -I"A:/Programming/XPhone/micro/stm/XPhone/Utilities/STM32F4xx_Nucleo_144" -I"A:/Programming/XPhone/micro/stm/XPhone/HAL_Driver/Inc" -I"A:/Programming/XPhone/micro/stm/XPhone/HAL_Driver/Inc/Legacy" -I"A:/Programming/XPhone/micro/stm/XPhone/CMSIS/core" -I"A:/Programming/XPhone/micro/stm/XPhone/CMSIS/device" -O0 -g3 -Wall -fmessage-length=0 -ffunction-sections -c -MMD -MP -MF"src/stm32f4xx_it.d" -MT"src/stm32f4xx_it.o" -o "src/stm32f4xx_it.o" "../src/stm32f4xx_it.c"
Finished building: ../src/stm32f4xx_it.c
 
Building file: ../src/syscalls.c
Invoking: MCU GCC Compiler
%cd%
arm-none-eabi-gcc -mcpu=cortex-m4 -mthumb -mfloat-abi=hard -mfpu=fpv4-sp-d16 -DSTM32F412ZGTx -DSTM32F4 -DNUCLEO_F412ZG -DSTM32 -DDEBUG -DUSE_HAL_DRIVER -DSTM32F412Zx -I"A:/Programming/XPhone/micro/stm/XPhone/inc" -I"A:/Programming/XPhone/micro/stm/XPhone/Utilities/STM32F4xx_Nucleo_144" -I"A:/Programming/XPhone/micro/stm/XPhone/HAL_Driver/Inc" -I"A:/Programming/XPhone/micro/stm/XPhone/HAL_Driver/Inc/Legacy" -I"A:/Programming/XPhone/micro/stm/XPhone/CMSIS/core" -I"A:/Programming/XPhone/micro/stm/XPhone/CMSIS/device" -O0 -g3 -Wall -fmessage-length=0 -ffunction-sections -c -MMD -MP -MF"src/syscalls.d" -MT"src/syscalls.o" -o "src/syscalls.o" "../src/syscalls.c"
Finished building: ../src/syscalls.c
 
Building file: ../src/system_stm32f4xx.c
Invoking: MCU GCC Compiler
%cd%
arm-none-eabi-gcc -mcpu=cortex-m4 -mthumb -mfloat-abi=hard -mfpu=fpv4-sp-d16 -DSTM32F412ZGTx -DSTM32F4 -DNUCLEO_F412ZG -DSTM32 -DDEBUG -DUSE_HAL_DRIVER -DSTM32F412Zx -I"A:/Programming/XPhone/micro/stm/XPhone/inc" -I"A:/Programming/XPhone/micro/stm/XPhone/Utilities/STM32F4xx_Nucleo_144" -I"A:/Programming/XPhone/micro/stm/XPhone/HAL_Driver/Inc" -I"A:/Programming/XPhone/micro/stm/XPhone/HAL_Driver/Inc/Legacy" -I"A:/Programming/XPhone/micro/stm/XPhone/CMSIS/core" -I"A:/Programming/XPhone/micro/stm/XPhone/CMSIS/device" -O0 -g3 -Wall -fmessage-length=0 -ffunction-sections -c -MMD -MP -MF"src/system_stm32f4xx.d" -MT"src/system_stm32f4xx.o" -o "src/system_stm32f4xx.o" "../src/system_stm32f4xx.c"
Finished building: ../src/system_stm32f4xx.c
 
Building file: ../Utilities/STM32F4xx_Nucleo_144/stm32f4xx_nucleo_144.c
Invoking: MCU GCC Compiler
%cd%
arm-none-eabi-gcc -mcpu=cortex-m4 -mthumb -mfloat-abi=hard -mfpu=fpv4-sp-d16 -DSTM32F412ZGTx -DSTM32F4 -DNUCLEO_F412ZG -DSTM32 -DDEBUG -DUSE_HAL_DRIVER -DSTM32F412Zx -I"A:/Programming/XPhone/micro/stm/XPhone/inc" -I"A:/Programming/XPhone/micro/stm/XPhone/Utilities/STM32F4xx_Nucleo_144" -I"A:/Programming/XPhone/micro/stm/XPhone/HAL_Driver/Inc" -I"A:/Programming/XPhone/micro/stm/XPhone/HAL_Driver/Inc/Legacy" -I"A:/Programming/XPhone/micro/stm/XPhone/CMSIS/core" -I"A:/Programming/XPhone/micro/stm/XPhone/CMSIS/device" -O0 -g3 -Wall -fmessage-length=0 -ffunction-sections -c -MMD -MP -MF"Utilities/STM32F4xx_Nucleo_144/stm32f4xx_nucleo_144.d" -MT"Utilities/STM32F4xx_Nucleo_144/stm32f4xx_nucleo_144.o" -o "Utilities/STM32F4xx_Nucleo_144/stm32f4xx_nucleo_144.o" "../Utilities/STM32F4xx_Nucleo_144/stm32f4xx_nucleo_144.c"
Finished building: ../Utilities/STM32F4xx_Nucleo_144/stm32f4xx_nucleo_144.c
 
Building file: ../HAL_Driver/Src/stm32f4xx_hal.c
Invoking: MCU GCC Compiler
%cd%
arm-none-eabi-gcc -mcpu=cortex-m4 -mthumb -mfloat-abi=hard -mfpu=fpv4-sp-d16 -DSTM32F412ZGTx -DSTM32F4 -DNUCLEO_F412ZG -DSTM32 -DDEBUG -DUSE_HAL_DRIVER -DSTM32F412Zx -I"A:/Programming/XPhone/micro/stm/XPhone/inc" -I"A:/Programming/XPhone/micro/stm/XPhone/Utilities/STM32F4xx_Nucleo_144" -I"A:/Programming/XPhone/micro/stm/XPhone/HAL_Driver/Inc" -I"A:/Programming/XPhone/micro/stm/XPhone/HAL_Driver/Inc/Legacy" -I"A:/Programming/XPhone/micro/stm/XPhone/CMSIS/core" -I"A:/Programming/XPhone/micro/stm/XPhone/CMSIS/device" -O0 -g3 -Wall -fmessage-length=0 -ffunction-sections -c -MMD -MP -MF"HAL_Driver/Src/stm32f4xx_hal.d" -MT"HAL_Driver/Src/stm32f4xx_hal.o" -o "HAL_Driver/Src/stm32f4xx_hal.o" "../HAL_Driver/Src/stm32f4xx_hal.c"
Finished building: ../HAL_Driver/Src/stm32f4xx_hal.c
 
Building file: ../HAL_Driver/Src/stm32f4xx_hal_adc.c
Invoking: MCU GCC Compiler
%cd%
arm-none-eabi-gcc -mcpu=cortex-m4 -mthumb -mfloat-abi=hard -mfpu=fpv4-sp-d16 -DSTM32F412ZGTx -DSTM32F4 -DNUCLEO_F412ZG -DSTM32 -DDEBUG -DUSE_HAL_DRIVER -DSTM32F412Zx -I"A:/Programming/XPhone/micro/stm/XPhone/inc" -I"A:/Programming/XPhone/micro/stm/XPhone/Utilities/STM32F4xx_Nucleo_144" -I"A:/Programming/XPhone/micro/stm/XPhone/HAL_Driver/Inc" -I"A:/Programming/XPhone/micro/stm/XPhone/HAL_Driver/Inc/Legacy" -I"A:/Programming/XPhone/micro/stm/XPhone/CMSIS/core" -I"A:/Programming/XPhone/micro/stm/XPhone/CMSIS/device" -O0 -g3 -Wall -fmessage-length=0 -ffunction-sections -c -MMD -MP -MF"HAL_Driver/Src/stm32f4xx_hal_adc.d" -MT"HAL_Driver/Src/stm32f4xx_hal_adc.o" -o "HAL_Driver/Src/stm32f4xx_hal_adc.o" "../HAL_Driver/Src/stm32f4xx_hal_adc.c"
Finished building: ../HAL_Driver/Src/stm32f4xx_hal_adc.c
 
Building file: ../HAL_Driver/Src/stm32f4xx_hal_adc_ex.c
Invoking: MCU GCC Compiler
%cd%
arm-none-eabi-gcc -mcpu=cortex-m4 -mthumb -mfloat-abi=hard -mfpu=fpv4-sp-d16 -DSTM32F412ZGTx -DSTM32F4 -DNUCLEO_F412ZG -DSTM32 -DDEBUG -DUSE_HAL_DRIVER -DSTM32F412Zx -I"A:/Programming/XPhone/micro/stm/XPhone/inc" -I"A:/Programming/XPhone/micro/stm/XPhone/Utilities/STM32F4xx_Nucleo_144" -I"A:/Programming/XPhone/micro/stm/XPhone/HAL_Driver/Inc" -I"A:/Programming/XPhone/micro/stm/XPhone/HAL_Driver/Inc/Legacy" -I"A:/Programming/XPhone/micro/stm/XPhone/CMSIS/core" -I"A:/Programming/XPhone/micro/stm/XPhone/CMSIS/device" -O0 -g3 -Wall -fmessage-length=0 -ffunction-sections -c -MMD -MP -MF"HAL_Driver/Src/stm32f4xx_hal_adc_ex.d" -MT"HAL_Driver/Src/stm32f4xx_hal_adc_ex.o" -o "HAL_Driver/Src/stm32f4xx_hal_adc_ex.o" "../HAL_Driver/Src/stm32f4xx_hal_adc_ex.c"
Finished building: ../HAL_Driver/Src/stm32f4xx_hal_adc_ex.c
 
Building file: ../HAL_Driver/Src/stm32f4xx_hal_can.c
Invoking: MCU GCC Compiler
%cd%
arm-none-eabi-gcc -mcpu=cortex-m4 -mthumb -mfloat-abi=hard -mfpu=fpv4-sp-d16 -DSTM32F412ZGTx -DSTM32F4 -DNUCLEO_F412ZG -DSTM32 -DDEBUG -DUSE_HAL_DRIVER -DSTM32F412Zx -I"A:/Programming/XPhone/micro/stm/XPhone/inc" -I"A:/Programming/XPhone/micro/stm/XPhone/Utilities/STM32F4xx_Nucleo_144" -I"A:/Programming/XPhone/micro/stm/XPhone/HAL_Driver/Inc" -I"A:/Programming/XPhone/micro/stm/XPhone/HAL_Driver/Inc/Legacy" -I"A:/Programming/XPhone/micro/stm/XPhone/CMSIS/core" -I"A:/Programming/XPhone/micro/stm/XPhone/CMSIS/device" -O0 -g3 -Wall -fmessage-length=0 -ffunction-sections -c -MMD -MP -MF"HAL_Driver/Src/stm32f4xx_hal_can.d" -MT"HAL_Driver/Src/stm32f4xx_hal_can.o" -o "HAL_Driver/Src/stm32f4xx_hal_can.o" "../HAL_Driver/Src/stm32f4xx_hal_can.c"
Finished building: ../HAL_Driver/Src/stm32f4xx_hal_can.c
 
Building file: ../HAL_Driver/Src/stm32f4xx_hal_cec.c
Invoking: MCU GCC Compiler
%cd%
arm-none-eabi-gcc -mcpu=cortex-m4 -mthumb -mfloat-abi=hard -mfpu=fpv4-sp-d16 -DSTM32F412ZGTx -DSTM32F4 -DNUCLEO_F412ZG -DSTM32 -DDEBUG -DUSE_HAL_DRIVER -DSTM32F412Zx -I"A:/Programming/XPhone/micro/stm/XPhone/inc" -I"A:/Programming/XPhone/micro/stm/XPhone/Utilities/STM32F4xx_Nucleo_144" -I"A:/Programming/XPhone/micro/stm/XPhone/HAL_Driver/Inc" -I"A:/Programming/XPhone/micro/stm/XPhone/HAL_Driver/Inc/Legacy" -I"A:/Programming/XPhone/micro/stm/XPhone/CMSIS/core" -I"A:/Programming/XPhone/micro/stm/XPhone/CMSIS/device" -O0 -g3 -Wall -fmessage-length=0 -ffunction-sections -c -MMD -MP -MF"HAL_Driver/Src/stm32f4xx_hal_cec.d" -MT"HAL_Driver/Src/stm32f4xx_hal_cec.o" -o "HAL_Driver/Src/stm32f4xx_hal_cec.o" "../HAL_Driver/Src/stm32f4xx_hal_cec.c"
Finished building: ../HAL_Driver/Src/stm32f4xx_hal_cec.c
 
Building file: ../HAL_Driver/Src/stm32f4xx_hal_cortex.c
Invoking: MCU GCC Compiler
%cd%
arm-none-eabi-gcc -mcpu=cortex-m4 -mthumb -mfloat-abi=hard -mfpu=fpv4-sp-d16 -DSTM32F412ZGTx -DSTM32F4 -DNUCLEO_F412ZG -DSTM32 -DDEBUG -DUSE_HAL_DRIVER -DSTM32F412Zx -I"A:/Programming/XPhone/micro/stm/XPhone/inc" -I"A:/Programming/XPhone/micro/stm/XPhone/Utilities/STM32F4xx_Nucleo_144" -I"A:/Programming/XPhone/micro/stm/XPhone/HAL_Driver/Inc" -I"A:/Programming/XPhone/micro/stm/XPhone/HAL_Driver/Inc/Legacy" -I"A:/Programming/XPhone/micro/stm/XPhone/CMSIS/core" -I"A:/Programming/XPhone/micro/stm/XPhone/CMSIS/device" -O0 -g3 -Wall -fmessage-length=0 -ffunction-sections -c -MMD -MP -MF"HAL_Driver/Src/stm32f4xx_hal_cortex.d" -MT"HAL_Driver/Src/stm32f4xx_hal_cortex.o" -o "HAL_Driver/Src/stm32f4xx_hal_cortex.o" "../HAL_Driver/Src/stm32f4xx_hal_cortex.c"
Finished building: ../HAL_Driver/Src/stm32f4xx_hal_cortex.c
 
Building file: ../HAL_Driver/Src/stm32f4xx_hal_crc.c
Invoking: MCU GCC Compiler
%cd%
arm-none-eabi-gcc -mcpu=cortex-m4 -mthumb -mfloat-abi=hard -mfpu=fpv4-sp-d16 -DSTM32F412ZGTx -DSTM32F4 -DNUCLEO_F412ZG -DSTM32 -DDEBUG -DUSE_HAL_DRIVER -DSTM32F412Zx -I"A:/Programming/XPhone/micro/stm/XPhone/inc" -I"A:/Programming/XPhone/micro/stm/XPhone/Utilities/STM32F4xx_Nucleo_144" -I"A:/Programming/XPhone/micro/stm/XPhone/HAL_Driver/Inc" -I"A:/Programming/XPhone/micro/stm/XPhone/HAL_Driver/Inc/Legacy" -I"A:/Programming/XPhone/micro/stm/XPhone/CMSIS/core" -I"A:/Programming/XPhone/micro/stm/XPhone/CMSIS/device" -O0 -g3 -Wall -fmessage-length=0 -ffunction-sections -c -MMD -MP -MF"HAL_Driver/Src/stm32f4xx_hal_crc.d" -MT"HAL_Driver/Src/stm32f4xx_hal_crc.o" -o "HAL_Driver/Src/stm32f4xx_hal_crc.o" "../HAL_Driver/Src/stm32f4xx_hal_crc.c"
Finished building: ../HAL_Driver/Src/stm32f4xx_hal_crc.c
 
Building file: ../HAL_Driver/Src/stm32f4xx_hal_cryp.c
Invoking: MCU GCC Compiler
%cd%
arm-none-eabi-gcc -mcpu=cortex-m4 -mthumb -mfloat-abi=hard -mfpu=fpv4-sp-d16 -DSTM32F412ZGTx -DSTM32F4 -DNUCLEO_F412ZG -DSTM32 -DDEBUG -DUSE_HAL_DRIVER -DSTM32F412Zx -I"A:/Programming/XPhone/micro/stm/XPhone/inc" -I"A:/Programming/XPhone/micro/stm/XPhone/Utilities/STM32F4xx_Nucleo_144" -I"A:/Programming/XPhone/micro/stm/XPhone/HAL_Driver/Inc" -I"A:/Programming/XPhone/micro/stm/XPhone/HAL_Driver/Inc/Legacy" -I"A:/Programming/XPhone/micro/stm/XPhone/CMSIS/core" -I"A:/Programming/XPhone/micro/stm/XPhone/CMSIS/device" -O0 -g3 -Wall -fmessage-length=0 -ffunction-sections -c -MMD -MP -MF"HAL_Driver/Src/stm32f4xx_hal_cryp.d" -MT"HAL_Driver/Src/stm32f4xx_hal_cryp.o" -o "HAL_Driver/Src/stm32f4xx_hal_cryp.o" "../HAL_Driver/Src/stm32f4xx_hal_cryp.c"
Finished building: ../HAL_Driver/Src/stm32f4xx_hal_cryp.c
 
Building file: ../HAL_Driver/Src/stm32f4xx_hal_cryp_ex.c
Invoking: MCU GCC Compiler
%cd%
arm-none-eabi-gcc -mcpu=cortex-m4 -mthumb -mfloat-abi=hard -mfpu=fpv4-sp-d16 -DSTM32F412ZGTx -DSTM32F4 -DNUCLEO_F412ZG -DSTM32 -DDEBUG -DUSE_HAL_DRIVER -DSTM32F412Zx -I"A:/Programming/XPhone/micro/stm/XPhone/inc" -I"A:/Programming/XPhone/micro/stm/XPhone/Utilities/STM32F4xx_Nucleo_144" -I"A:/Programming/XPhone/micro/stm/XPhone/HAL_Driver/Inc" -I"A:/Programming/XPhone/micro/stm/XPhone/HAL_Driver/Inc/Legacy" -I"A:/Programming/XPhone/micro/stm/XPhone/CMSIS/core" -I"A:/Programming/XPhone/micro/stm/XPhone/CMSIS/device" -O0 -g3 -Wall -fmessage-length=0 -ffunction-sections -c -MMD -MP -MF"HAL_Driver/Src/stm32f4xx_hal_cryp_ex.d" -MT"HAL_Driver/Src/stm32f4xx_hal_cryp_ex.o" -o "HAL_Driver/Src/stm32f4xx_hal_cryp_ex.o" "../HAL_Driver/Src/stm32f4xx_hal_cryp_ex.c"
Finished building: ../HAL_Driver/Src/stm32f4xx_hal_cryp_ex.c
 
Building file: ../HAL_Driver/Src/stm32f4xx_hal_dac.c
Invoking: MCU GCC Compiler
%cd%
arm-none-eabi-gcc -mcpu=cortex-m4 -mthumb -mfloat-abi=hard -mfpu=fpv4-sp-d16 -DSTM32F412ZGTx -DSTM32F4 -DNUCLEO_F412ZG -DSTM32 -DDEBUG -DUSE_HAL_DRIVER -DSTM32F412Zx -I"A:/Programming/XPhone/micro/stm/XPhone/inc" -I"A:/Programming/XPhone/micro/stm/XPhone/Utilities/STM32F4xx_Nucleo_144" -I"A:/Programming/XPhone/micro/stm/XPhone/HAL_Driver/Inc" -I"A:/Programming/XPhone/micro/stm/XPhone/HAL_Driver/Inc/Legacy" -I"A:/Programming/XPhone/micro/stm/XPhone/CMSIS/core" -I"A:/Programming/XPhone/micro/stm/XPhone/CMSIS/device" -O0 -g3 -Wall -fmessage-length=0 -ffunction-sections -c -MMD -MP -MF"HAL_Driver/Src/stm32f4xx_hal_dac.d" -MT"HAL_Driver/Src/stm32f4xx_hal_dac.o" -o "HAL_Driver/Src/stm32f4xx_hal_dac.o" "../HAL_Driver/Src/stm32f4xx_hal_dac.c"
Finished building: ../HAL_Driver/Src/stm32f4xx_hal_dac.c
 
Building file: ../HAL_Driver/Src/stm32f4xx_hal_dac_ex.c
Invoking: MCU GCC Compiler
%cd%
arm-none-eabi-gcc -mcpu=cortex-m4 -mthumb -mfloat-abi=hard -mfpu=fpv4-sp-d16 -DSTM32F412ZGTx -DSTM32F4 -DNUCLEO_F412ZG -DSTM32 -DDEBUG -DUSE_HAL_DRIVER -DSTM32F412Zx -I"A:/Programming/XPhone/micro/stm/XPhone/inc" -I"A:/Programming/XPhone/micro/stm/XPhone/Utilities/STM32F4xx_Nucleo_144" -I"A:/Programming/XPhone/micro/stm/XPhone/HAL_Driver/Inc" -I"A:/Programming/XPhone/micro/stm/XPhone/HAL_Driver/Inc/Legacy" -I"A:/Programming/XPhone/micro/stm/XPhone/CMSIS/core" -I"A:/Programming/XPhone/micro/stm/XPhone/CMSIS/device" -O0 -g3 -Wall -fmessage-length=0 -ffunction-sections -c -MMD -MP -MF"HAL_Driver/Src/stm32f4xx_hal_dac_ex.d" -MT"HAL_Driver/Src/stm32f4xx_hal_dac_ex.o" -o "HAL_Driver/Src/stm32f4xx_hal_dac_ex.o" "../HAL_Driver/Src/stm32f4xx_hal_dac_ex.c"
Finished building: ../HAL_Driver/Src/stm32f4xx_hal_dac_ex.c
 
Building file: ../HAL_Driver/Src/stm32f4xx_hal_dcmi.c
Invoking: MCU GCC Compiler
%cd%
arm-none-eabi-gcc -mcpu=cortex-m4 -mthumb -mfloat-abi=hard -mfpu=fpv4-sp-d16 -DSTM32F412ZGTx -DSTM32F4 -DNUCLEO_F412ZG -DSTM32 -DDEBUG -DUSE_HAL_DRIVER -DSTM32F412Zx -I"A:/Programming/XPhone/micro/stm/XPhone/inc" -I"A:/Programming/XPhone/micro/stm/XPhone/Utilities/STM32F4xx_Nucleo_144" -I"A:/Programming/XPhone/micro/stm/XPhone/HAL_Driver/Inc" -I"A:/Programming/XPhone/micro/stm/XPhone/HAL_Driver/Inc/Legacy" -I"A:/Programming/XPhone/micro/stm/XPhone/CMSIS/core" -I"A:/Programming/XPhone/micro/stm/XPhone/CMSIS/device" -O0 -g3 -Wall -fmessage-length=0 -ffunction-sections -c -MMD -MP -MF"HAL_Driver/Src/stm32f4xx_hal_dcmi.d" -MT"HAL_Driver/Src/stm32f4xx_hal_dcmi.o" -o "HAL_Driver/Src/stm32f4xx_hal_dcmi.o" "../HAL_Driver/Src/stm32f4xx_hal_dcmi.c"
Finished building: ../HAL_Driver/Src/stm32f4xx_hal_dcmi.c
 
Building file: ../HAL_Driver/Src/stm32f4xx_hal_dcmi_ex.c
Invoking: MCU GCC Compiler
%cd%
arm-none-eabi-gcc -mcpu=cortex-m4 -mthumb -mfloat-abi=hard -mfpu=fpv4-sp-d16 -DSTM32F412ZGTx -DSTM32F4 -DNUCLEO_F412ZG -DSTM32 -DDEBUG -DUSE_HAL_DRIVER -DSTM32F412Zx -I"A:/Programming/XPhone/micro/stm/XPhone/inc" -I"A:/Programming/XPhone/micro/stm/XPhone/Utilities/STM32F4xx_Nucleo_144" -I"A:/Programming/XPhone/micro/stm/XPhone/HAL_Driver/Inc" -I"A:/Programming/XPhone/micro/stm/XPhone/HAL_Driver/Inc/Legacy" -I"A:/Programming/XPhone/micro/stm/XPhone/CMSIS/core" -I"A:/Programming/XPhone/micro/stm/XPhone/CMSIS/device" -O0 -g3 -Wall -fmessage-length=0 -ffunction-sections -c -MMD -MP -MF"HAL_Driver/Src/stm32f4xx_hal_dcmi_ex.d" -MT"HAL_Driver/Src/stm32f4xx_hal_dcmi_ex.o" -o "HAL_Driver/Src/stm32f4xx_hal_dcmi_ex.o" "../HAL_Driver/Src/stm32f4xx_hal_dcmi_ex.c"
Finished building: ../HAL_Driver/Src/stm32f4xx_hal_dcmi_ex.c
 
Building file: ../HAL_Driver/Src/stm32f4xx_hal_dfsdm.c
Invoking: MCU GCC Compiler
%cd%
arm-none-eabi-gcc -mcpu=cortex-m4 -mthumb -mfloat-abi=hard -mfpu=fpv4-sp-d16 -DSTM32F412ZGTx -DSTM32F4 -DNUCLEO_F412ZG -DSTM32 -DDEBUG -DUSE_HAL_DRIVER -DSTM32F412Zx -I"A:/Programming/XPhone/micro/stm/XPhone/inc" -I"A:/Programming/XPhone/micro/stm/XPhone/Utilities/STM32F4xx_Nucleo_144" -I"A:/Programming/XPhone/micro/stm/XPhone/HAL_Driver/Inc" -I"A:/Programming/XPhone/micro/stm/XPhone/HAL_Driver/Inc/Legacy" -I"A:/Programming/XPhone/micro/stm/XPhone/CMSIS/core" -I"A:/Programming/XPhone/micro/stm/XPhone/CMSIS/device" -O0 -g3 -Wall -fmessage-length=0 -ffunction-sections -c -MMD -MP -MF"HAL_Driver/Src/stm32f4xx_hal_dfsdm.d" -MT"HAL_Driver/Src/stm32f4xx_hal_dfsdm.o" -o "HAL_Driver/Src/stm32f4xx_hal_dfsdm.o" "../HAL_Driver/Src/stm32f4xx_hal_dfsdm.c"
Finished building: ../HAL_Driver/Src/stm32f4xx_hal_dfsdm.c
 
Building file: ../HAL_Driver/Src/stm32f4xx_hal_dma.c
Invoking: MCU GCC Compiler
%cd%
arm-none-eabi-gcc -mcpu=cortex-m4 -mthumb -mfloat-abi=hard -mfpu=fpv4-sp-d16 -DSTM32F412ZGTx -DSTM32F4 -DNUCLEO_F412ZG -DSTM32 -DDEBUG -DUSE_HAL_DRIVER -DSTM32F412Zx -I"A:/Programming/XPhone/micro/stm/XPhone/inc" -I"A:/Programming/XPhone/micro/stm/XPhone/Utilities/STM32F4xx_Nucleo_144" -I"A:/Programming/XPhone/micro/stm/XPhone/HAL_Driver/Inc" -I"A:/Programming/XPhone/micro/stm/XPhone/HAL_Driver/Inc/Legacy" -I"A:/Programming/XPhone/micro/stm/XPhone/CMSIS/core" -I"A:/Programming/XPhone/micro/stm/XPhone/CMSIS/device" -O0 -g3 -Wall -fmessage-length=0 -ffunction-sections -c -MMD -MP -MF"HAL_Driver/Src/stm32f4xx_hal_dma.d" -MT"HAL_Driver/Src/stm32f4xx_hal_dma.o" -o "HAL_Driver/Src/stm32f4xx_hal_dma.o" "../HAL_Driver/Src/stm32f4xx_hal_dma.c"
Finished building: ../HAL_Driver/Src/stm32f4xx_hal_dma.c
 
Building file: ../HAL_Driver/Src/stm32f4xx_hal_dma2d.c
Invoking: MCU GCC Compiler
%cd%
arm-none-eabi-gcc -mcpu=cortex-m4 -mthumb -mfloat-abi=hard -mfpu=fpv4-sp-d16 -DSTM32F412ZGTx -DSTM32F4 -DNUCLEO_F412ZG -DSTM32 -DDEBUG -DUSE_HAL_DRIVER -DSTM32F412Zx -I"A:/Programming/XPhone/micro/stm/XPhone/inc" -I"A:/Programming/XPhone/micro/stm/XPhone/Utilities/STM32F4xx_Nucleo_144" -I"A:/Programming/XPhone/micro/stm/XPhone/HAL_Driver/Inc" -I"A:/Programming/XPhone/micro/stm/XPhone/HAL_Driver/Inc/Legacy" -I"A:/Programming/XPhone/micro/stm/XPhone/CMSIS/core" -I"A:/Programming/XPhone/micro/stm/XPhone/CMSIS/device" -O0 -g3 -Wall -fmessage-length=0 -ffunction-sections -c -MMD -MP -MF"HAL_Driver/Src/stm32f4xx_hal_dma2d.d" -MT"HAL_Driver/Src/stm32f4xx_hal_dma2d.o" -o "HAL_Driver/Src/stm32f4xx_hal_dma2d.o" "../HAL_Driver/Src/stm32f4xx_hal_dma2d.c"
Finished building: ../HAL_Driver/Src/stm32f4xx_hal_dma2d.c
 
Building file: ../HAL_Driver/Src/stm32f4xx_hal_dma_ex.c
Invoking: MCU GCC Compiler
%cd%
arm-none-eabi-gcc -mcpu=cortex-m4 -mthumb -mfloat-abi=hard -mfpu=fpv4-sp-d16 -DSTM32F412ZGTx -DSTM32F4 -DNUCLEO_F412ZG -DSTM32 -DDEBUG -DUSE_HAL_DRIVER -DSTM32F412Zx -I"A:/Programming/XPhone/micro/stm/XPhone/inc" -I"A:/Programming/XPhone/micro/stm/XPhone/Utilities/STM32F4xx_Nucleo_144" -I"A:/Programming/XPhone/micro/stm/XPhone/HAL_Driver/Inc" -I"A:/Programming/XPhone/micro/stm/XPhone/HAL_Driver/Inc/Legacy" -I"A:/Programming/XPhone/micro/stm/XPhone/CMSIS/core" -I"A:/Programming/XPhone/micro/stm/XPhone/CMSIS/device" -O0 -g3 -Wall -fmessage-length=0 -ffunction-sections -c -MMD -MP -MF"HAL_Driver/Src/stm32f4xx_hal_dma_ex.d" -MT"HAL_Driver/Src/stm32f4xx_hal_dma_ex.o" -o "HAL_Driver/Src/stm32f4xx_hal_dma_ex.o" "../HAL_Driver/Src/stm32f4xx_hal_dma_ex.c"
Finished building: ../HAL_Driver/Src/stm32f4xx_hal_dma_ex.c
 
Building file: ../HAL_Driver/Src/stm32f4xx_hal_dsi.c
Invoking: MCU GCC Compiler
%cd%
arm-none-eabi-gcc -mcpu=cortex-m4 -mthumb -mfloat-abi=hard -mfpu=fpv4-sp-d16 -DSTM32F412ZGTx -DSTM32F4 -DNUCLEO_F412ZG -DSTM32 -DDEBUG -DUSE_HAL_DRIVER -DSTM32F412Zx -I"A:/Programming/XPhone/micro/stm/XPhone/inc" -I"A:/Programming/XPhone/micro/stm/XPhone/Utilities/STM32F4xx_Nucleo_144" -I"A:/Programming/XPhone/micro/stm/XPhone/HAL_Driver/Inc" -I"A:/Programming/XPhone/micro/stm/XPhone/HAL_Driver/Inc/Legacy" -I"A:/Programming/XPhone/micro/stm/XPhone/CMSIS/core" -I"A:/Programming/XPhone/micro/stm/XPhone/CMSIS/device" -O0 -g3 -Wall -fmessage-length=0 -ffunction-sections -c -MMD -MP -MF"HAL_Driver/Src/stm32f4xx_hal_dsi.d" -MT"HAL_Driver/Src/stm32f4xx_hal_dsi.o" -o "HAL_Driver/Src/stm32f4xx_hal_dsi.o" "../HAL_Driver/Src/stm32f4xx_hal_dsi.c"
Finished building: ../HAL_Driver/Src/stm32f4xx_hal_dsi.c
 
Building file: ../HAL_Driver/Src/stm32f4xx_hal_eth.c
Invoking: MCU GCC Compiler
%cd%
arm-none-eabi-gcc -mcpu=cortex-m4 -mthumb -mfloat-abi=hard -mfpu=fpv4-sp-d16 -DSTM32F412ZGTx -DSTM32F4 -DNUCLEO_F412ZG -DSTM32 -DDEBUG -DUSE_HAL_DRIVER -DSTM32F412Zx -I"A:/Programming/XPhone/micro/stm/XPhone/inc" -I"A:/Programming/XPhone/micro/stm/XPhone/Utilities/STM32F4xx_Nucleo_144" -I"A:/Programming/XPhone/micro/stm/XPhone/HAL_Driver/Inc" -I"A:/Programming/XPhone/micro/stm/XPhone/HAL_Driver/Inc/Legacy" -I"A:/Programming/XPhone/micro/stm/XPhone/CMSIS/core" -I"A:/Programming/XPhone/micro/stm/XPhone/CMSIS/device" -O0 -g3 -Wall -fmessage-length=0 -ffunction-sections -c -MMD -MP -MF"HAL_Driver/Src/stm32f4xx_hal_eth.d" -MT"HAL_Driver/Src/stm32f4xx_hal_eth.o" -o "HAL_Driver/Src/stm32f4xx_hal_eth.o" "../HAL_Driver/Src/stm32f4xx_hal_eth.c"
Finished building: ../HAL_Driver/Src/stm32f4xx_hal_eth.c
 
Building file: ../HAL_Driver/Src/stm32f4xx_hal_flash.c
Invoking: MCU GCC Compiler
%cd%
arm-none-eabi-gcc -mcpu=cortex-m4 -mthumb -mfloat-abi=hard -mfpu=fpv4-sp-d16 -DSTM32F412ZGTx -DSTM32F4 -DNUCLEO_F412ZG -DSTM32 -DDEBUG -DUSE_HAL_DRIVER -DSTM32F412Zx -I"A:/Programming/XPhone/micro/stm/XPhone/inc" -I"A:/Programming/XPhone/micro/stm/XPhone/Utilities/STM32F4xx_Nucleo_144" -I"A:/Programming/XPhone/micro/stm/XPhone/HAL_Driver/Inc" -I"A:/Programming/XPhone/micro/stm/XPhone/HAL_Driver/Inc/Legacy" -I"A:/Programming/XPhone/micro/stm/XPhone/CMSIS/core" -I"A:/Programming/XPhone/micro/stm/XPhone/CMSIS/device" -O0 -g3 -Wall -fmessage-length=0 -ffunction-sections -c -MMD -MP -MF"HAL_Driver/Src/stm32f4xx_hal_flash.d" -MT"HAL_Driver/Src/stm32f4xx_hal_flash.o" -o "HAL_Driver/Src/stm32f4xx_hal_flash.o" "../HAL_Driver/Src/stm32f4xx_hal_flash.c"
Finished building: ../HAL_Driver/Src/stm32f4xx_hal_flash.c
 
Building file: ../HAL_Driver/Src/stm32f4xx_hal_flash_ex.c
Invoking: MCU GCC Compiler
%cd%
arm-none-eabi-gcc -mcpu=cortex-m4 -mthumb -mfloat-abi=hard -mfpu=fpv4-sp-d16 -DSTM32F412ZGTx -DSTM32F4 -DNUCLEO_F412ZG -DSTM32 -DDEBUG -DUSE_HAL_DRIVER -DSTM32F412Zx -I"A:/Programming/XPhone/micro/stm/XPhone/inc" -I"A:/Programming/XPhone/micro/stm/XPhone/Utilities/STM32F4xx_Nucleo_144" -I"A:/Programming/XPhone/micro/stm/XPhone/HAL_Driver/Inc" -I"A:/Programming/XPhone/micro/stm/XPhone/HAL_Driver/Inc/Legacy" -I"A:/Programming/XPhone/micro/stm/XPhone/CMSIS/core" -I"A:/Programming/XPhone/micro/stm/XPhone/CMSIS/device" -O0 -g3 -Wall -fmessage-length=0 -ffunction-sections -c -MMD -MP -MF"HAL_Driver/Src/stm32f4xx_hal_flash_ex.d" -MT"HAL_Driver/Src/stm32f4xx_hal_flash_ex.o" -o "HAL_Driver/Src/stm32f4xx_hal_flash_ex.o" "../HAL_Driver/Src/stm32f4xx_hal_flash_ex.c"
Finished building: ../HAL_Driver/Src/stm32f4xx_hal_flash_ex.c
 
Building file: ../HAL_Driver/Src/stm32f4xx_hal_flash_ramfunc.c
Invoking: MCU GCC Compiler
%cd%
arm-none-eabi-gcc -mcpu=cortex-m4 -mthumb -mfloat-abi=hard -mfpu=fpv4-sp-d16 -DSTM32F412ZGTx -DSTM32F4 -DNUCLEO_F412ZG -DSTM32 -DDEBUG -DUSE_HAL_DRIVER -DSTM32F412Zx -I"A:/Programming/XPhone/micro/stm/XPhone/inc" -I"A:/Programming/XPhone/micro/stm/XPhone/Utilities/STM32F4xx_Nucleo_144" -I"A:/Programming/XPhone/micro/stm/XPhone/HAL_Driver/Inc" -I"A:/Programming/XPhone/micro/stm/XPhone/HAL_Driver/Inc/Legacy" -I"A:/Programming/XPhone/micro/stm/XPhone/CMSIS/core" -I"A:/Programming/XPhone/micro/stm/XPhone/CMSIS/device" -O0 -g3 -Wall -fmessage-length=0 -ffunction-sections -c -MMD -MP -MF"HAL_Driver/Src/stm32f4xx_hal_flash_ramfunc.d" -MT"HAL_Driver/Src/stm32f4xx_hal_flash_ramfunc.o" -o "HAL_Driver/Src/stm32f4xx_hal_flash_ramfunc.o" "../HAL_Driver/Src/stm32f4xx_hal_flash_ramfunc.c"
Finished building: ../HAL_Driver/Src/stm32f4xx_hal_flash_ramfunc.c
 
Building file: ../HAL_Driver/Src/stm32f4xx_hal_fmpi2c.c
Invoking: MCU GCC Compiler
%cd%
arm-none-eabi-gcc -mcpu=cortex-m4 -mthumb -mfloat-abi=hard -mfpu=fpv4-sp-d16 -DSTM32F412ZGTx -DSTM32F4 -DNUCLEO_F412ZG -DSTM32 -DDEBUG -DUSE_HAL_DRIVER -DSTM32F412Zx -I"A:/Programming/XPhone/micro/stm/XPhone/inc" -I"A:/Programming/XPhone/micro/stm/XPhone/Utilities/STM32F4xx_Nucleo_144" -I"A:/Programming/XPhone/micro/stm/XPhone/HAL_Driver/Inc" -I"A:/Programming/XPhone/micro/stm/XPhone/HAL_Driver/Inc/Legacy" -I"A:/Programming/XPhone/micro/stm/XPhone/CMSIS/core" -I"A:/Programming/XPhone/micro/stm/XPhone/CMSIS/device" -O0 -g3 -Wall -fmessage-length=0 -ffunction-sections -c -MMD -MP -MF"HAL_Driver/Src/stm32f4xx_hal_fmpi2c.d" -MT"HAL_Driver/Src/stm32f4xx_hal_fmpi2c.o" -o "HAL_Driver/Src/stm32f4xx_hal_fmpi2c.o" "../HAL_Driver/Src/stm32f4xx_hal_fmpi2c.c"
Finished building: ../HAL_Driver/Src/stm32f4xx_hal_fmpi2c.c
 
Building file: ../HAL_Driver/Src/stm32f4xx_hal_fmpi2c_ex.c
Invoking: MCU GCC Compiler
%cd%
arm-none-eabi-gcc -mcpu=cortex-m4 -mthumb -mfloat-abi=hard -mfpu=fpv4-sp-d16 -DSTM32F412ZGTx -DSTM32F4 -DNUCLEO_F412ZG -DSTM32 -DDEBUG -DUSE_HAL_DRIVER -DSTM32F412Zx -I"A:/Programming/XPhone/micro/stm/XPhone/inc" -I"A:/Programming/XPhone/micro/stm/XPhone/Utilities/STM32F4xx_Nucleo_144" -I"A:/Programming/XPhone/micro/stm/XPhone/HAL_Driver/Inc" -I"A:/Programming/XPhone/micro/stm/XPhone/HAL_Driver/Inc/Legacy" -I"A:/Programming/XPhone/micro/stm/XPhone/CMSIS/core" -I"A:/Programming/XPhone/micro/stm/XPhone/CMSIS/device" -O0 -g3 -Wall -fmessage-length=0 -ffunction-sections -c -MMD -MP -MF"HAL_Driver/Src/stm32f4xx_hal_fmpi2c_ex.d" -MT"HAL_Driver/Src/stm32f4xx_hal_fmpi2c_ex.o" -o "HAL_Driver/Src/stm32f4xx_hal_fmpi2c_ex.o" "../HAL_Driver/Src/stm32f4xx_hal_fmpi2c_ex.c"
Finished building: ../HAL_Driver/Src/stm32f4xx_hal_fmpi2c_ex.c
 
Building file: ../HAL_Driver/Src/stm32f4xx_hal_gpio.c
Invoking: MCU GCC Compiler
%cd%
arm-none-eabi-gcc -mcpu=cortex-m4 -mthumb -mfloat-abi=hard -mfpu=fpv4-sp-d16 -DSTM32F412ZGTx -DSTM32F4 -DNUCLEO_F412ZG -DSTM32 -DDEBUG -DUSE_HAL_DRIVER -DSTM32F412Zx -I"A:/Programming/XPhone/micro/stm/XPhone/inc" -I"A:/Programming/XPhone/micro/stm/XPhone/Utilities/STM32F4xx_Nucleo_144" -I"A:/Programming/XPhone/micro/stm/XPhone/HAL_Driver/Inc" -I"A:/Programming/XPhone/micro/stm/XPhone/HAL_Driver/Inc/Legacy" -I"A:/Programming/XPhone/micro/stm/XPhone/CMSIS/core" -I"A:/Programming/XPhone/micro/stm/XPhone/CMSIS/device" -O0 -g3 -Wall -fmessage-length=0 -ffunction-sections -c -MMD -MP -MF"HAL_Driver/Src/stm32f4xx_hal_gpio.d" -MT"HAL_Driver/Src/stm32f4xx_hal_gpio.o" -o "HAL_Driver/Src/stm32f4xx_hal_gpio.o" "../HAL_Driver/Src/stm32f4xx_hal_gpio.c"
Finished building: ../HAL_Driver/Src/stm32f4xx_hal_gpio.c
 
Building file: ../HAL_Driver/Src/stm32f4xx_hal_hash.c
Invoking: MCU GCC Compiler
%cd%
arm-none-eabi-gcc -mcpu=cortex-m4 -mthumb -mfloat-abi=hard -mfpu=fpv4-sp-d16 -DSTM32F412ZGTx -DSTM32F4 -DNUCLEO_F412ZG -DSTM32 -DDEBUG -DUSE_HAL_DRIVER -DSTM32F412Zx -I"A:/Programming/XPhone/micro/stm/XPhone/inc" -I"A:/Programming/XPhone/micro/stm/XPhone/Utilities/STM32F4xx_Nucleo_144" -I"A:/Programming/XPhone/micro/stm/XPhone/HAL_Driver/Inc" -I"A:/Programming/XPhone/micro/stm/XPhone/HAL_Driver/Inc/Legacy" -I"A:/Programming/XPhone/micro/stm/XPhone/CMSIS/core" -I"A:/Programming/XPhone/micro/stm/XPhone/CMSIS/device" -O0 -g3 -Wall -fmessage-length=0 -ffunction-sections -c -MMD -MP -MF"HAL_Driver/Src/stm32f4xx_hal_hash.d" -MT"HAL_Driver/Src/stm32f4xx_hal_hash.o" -o "HAL_Driver/Src/stm32f4xx_hal_hash.o" "../HAL_Driver/Src/stm32f4xx_hal_hash.c"
Finished building: ../HAL_Driver/Src/stm32f4xx_hal_hash.c
 
Building file: ../HAL_Driver/Src/stm32f4xx_hal_hash_ex.c
Invoking: MCU GCC Compiler
%cd%
arm-none-eabi-gcc -mcpu=cortex-m4 -mthumb -mfloat-abi=hard -mfpu=fpv4-sp-d16 -DSTM32F412ZGTx -DSTM32F4 -DNUCLEO_F412ZG -DSTM32 -DDEBUG -DUSE_HAL_DRIVER -DSTM32F412Zx -I"A:/Programming/XPhone/micro/stm/XPhone/inc" -I"A:/Programming/XPhone/micro/stm/XPhone/Utilities/STM32F4xx_Nucleo_144" -I"A:/Programming/XPhone/micro/stm/XPhone/HAL_Driver/Inc" -I"A:/Programming/XPhone/micro/stm/XPhone/HAL_Driver/Inc/Legacy" -I"A:/Programming/XPhone/micro/stm/XPhone/CMSIS/core" -I"A:/Programming/XPhone/micro/stm/XPhone/CMSIS/device" -O0 -g3 -Wall -fmessage-length=0 -ffunction-sections -c -MMD -MP -MF"HAL_Driver/Src/stm32f4xx_hal_hash_ex.d" -MT"HAL_Driver/Src/stm32f4xx_hal_hash_ex.o" -o "HAL_Driver/Src/stm32f4xx_hal_hash_ex.o" "../HAL_Driver/Src/stm32f4xx_hal_hash_ex.c"
Finished building: ../HAL_Driver/Src/stm32f4xx_hal_hash_ex.c
 
Building file: ../HAL_Driver/Src/stm32f4xx_hal_hcd.c
Invoking: MCU GCC Compiler
%cd%
arm-none-eabi-gcc -mcpu=cortex-m4 -mthumb -mfloat-abi=hard -mfpu=fpv4-sp-d16 -DSTM32F412ZGTx -DSTM32F4 -DNUCLEO_F412ZG -DSTM32 -DDEBUG -DUSE_HAL_DRIVER -DSTM32F412Zx -I"A:/Programming/XPhone/micro/stm/XPhone/inc" -I"A:/Programming/XPhone/micro/stm/XPhone/Utilities/STM32F4xx_Nucleo_144" -I"A:/Programming/XPhone/micro/stm/XPhone/HAL_Driver/Inc" -I"A:/Programming/XPhone/micro/stm/XPhone/HAL_Driver/Inc/Legacy" -I"A:/Programming/XPhone/micro/stm/XPhone/CMSIS/core" -I"A:/Programming/XPhone/micro/stm/XPhone/CMSIS/device" -O0 -g3 -Wall -fmessage-length=0 -ffunction-sections -c -MMD -MP -MF"HAL_Driver/Src/stm32f4xx_hal_hcd.d" -MT"HAL_Driver/Src/stm32f4xx_hal_hcd.o" -o "HAL_Driver/Src/stm32f4xx_hal_hcd.o" "../HAL_Driver/Src/stm32f4xx_hal_hcd.c"
Finished building: ../HAL_Driver/Src/stm32f4xx_hal_hcd.c
 
Building file: ../HAL_Driver/Src/stm32f4xx_hal_i2c.c
Invoking: MCU GCC Compiler
%cd%
arm-none-eabi-gcc -mcpu=cortex-m4 -mthumb -mfloat-abi=hard -mfpu=fpv4-sp-d16 -DSTM32F412ZGTx -DSTM32F4 -DNUCLEO_F412ZG -DSTM32 -DDEBUG -DUSE_HAL_DRIVER -DSTM32F412Zx -I"A:/Programming/XPhone/micro/stm/XPhone/inc" -I"A:/Programming/XPhone/micro/stm/XPhone/Utilities/STM32F4xx_Nucleo_144" -I"A:/Programming/XPhone/micro/stm/XPhone/HAL_Driver/Inc" -I"A:/Programming/XPhone/micro/stm/XPhone/HAL_Driver/Inc/Legacy" -I"A:/Programming/XPhone/micro/stm/XPhone/CMSIS/core" -I"A:/Programming/XPhone/micro/stm/XPhone/CMSIS/device" -O0 -g3 -Wall -fmessage-length=0 -ffunction-sections -c -MMD -MP -MF"HAL_Driver/Src/stm32f4xx_hal_i2c.d" -MT"HAL_Driver/Src/stm32f4xx_hal_i2c.o" -o "HAL_Driver/Src/stm32f4xx_hal_i2c.o" "../HAL_Driver/Src/stm32f4xx_hal_i2c.c"
Finished building: ../HAL_Driver/Src/stm32f4xx_hal_i2c.c
 
Building file: ../HAL_Driver/Src/stm32f4xx_hal_i2c_ex.c
Invoking: MCU GCC Compiler
%cd%
arm-none-eabi-gcc -mcpu=cortex-m4 -mthumb -mfloat-abi=hard -mfpu=fpv4-sp-d16 -DSTM32F412ZGTx -DSTM32F4 -DNUCLEO_F412ZG -DSTM32 -DDEBUG -DUSE_HAL_DRIVER -DSTM32F412Zx -I"A:/Programming/XPhone/micro/stm/XPhone/inc" -I"A:/Programming/XPhone/micro/stm/XPhone/Utilities/STM32F4xx_Nucleo_144" -I"A:/Programming/XPhone/micro/stm/XPhone/HAL_Driver/Inc" -I"A:/Programming/XPhone/micro/stm/XPhone/HAL_Driver/Inc/Legacy" -I"A:/Programming/XPhone/micro/stm/XPhone/CMSIS/core" -I"A:/Programming/XPhone/micro/stm/XPhone/CMSIS/device" -O0 -g3 -Wall -fmessage-length=0 -ffunction-sections -c -MMD -MP -MF"HAL_Driver/Src/stm32f4xx_hal_i2c_ex.d" -MT"HAL_Driver/Src/stm32f4xx_hal_i2c_ex.o" -o "HAL_Driver/Src/stm32f4xx_hal_i2c_ex.o" "../HAL_Driver/Src/stm32f4xx_hal_i2c_ex.c"
Finished building: ../HAL_Driver/Src/stm32f4xx_hal_i2c_ex.c
 
Building file: ../HAL_Driver/Src/stm32f4xx_hal_i2s.c
Invoking: MCU GCC Compiler
%cd%
arm-none-eabi-gcc -mcpu=cortex-m4 -mthumb -mfloat-abi=hard -mfpu=fpv4-sp-d16 -DSTM32F412ZGTx -DSTM32F4 -DNUCLEO_F412ZG -DSTM32 -DDEBUG -DUSE_HAL_DRIVER -DSTM32F412Zx -I"A:/Programming/XPhone/micro/stm/XPhone/inc" -I"A:/Programming/XPhone/micro/stm/XPhone/Utilities/STM32F4xx_Nucleo_144" -I"A:/Programming/XPhone/micro/stm/XPhone/HAL_Driver/Inc" -I"A:/Programming/XPhone/micro/stm/XPhone/HAL_Driver/Inc/Legacy" -I"A:/Programming/XPhone/micro/stm/XPhone/CMSIS/core" -I"A:/Programming/XPhone/micro/stm/XPhone/CMSIS/device" -O0 -g3 -Wall -fmessage-length=0 -ffunction-sections -c -MMD -MP -MF"HAL_Driver/Src/stm32f4xx_hal_i2s.d" -MT"HAL_Driver/Src/stm32f4xx_hal_i2s.o" -o "HAL_Driver/Src/stm32f4xx_hal_i2s.o" "../HAL_Driver/Src/stm32f4xx_hal_i2s.c"
Finished building: ../HAL_Driver/Src/stm32f4xx_hal_i2s.c
 
Building file: ../HAL_Driver/Src/stm32f4xx_hal_i2s_ex.c
Invoking: MCU GCC Compiler
%cd%
arm-none-eabi-gcc -mcpu=cortex-m4 -mthumb -mfloat-abi=hard -mfpu=fpv4-sp-d16 -DSTM32F412ZGTx -DSTM32F4 -DNUCLEO_F412ZG -DSTM32 -DDEBUG -DUSE_HAL_DRIVER -DSTM32F412Zx -I"A:/Programming/XPhone/micro/stm/XPhone/inc" -I"A:/Programming/XPhone/micro/stm/XPhone/Utilities/STM32F4xx_Nucleo_144" -I"A:/Programming/XPhone/micro/stm/XPhone/HAL_Driver/Inc" -I"A:/Programming/XPhone/micro/stm/XPhone/HAL_Driver/Inc/Legacy" -I"A:/Programming/XPhone/micro/stm/XPhone/CMSIS/core" -I"A:/Programming/XPhone/micro/stm/XPhone/CMSIS/device" -O0 -g3 -Wall -fmessage-length=0 -ffunction-sections -c -MMD -MP -MF"HAL_Driver/Src/stm32f4xx_hal_i2s_ex.d" -MT"HAL_Driver/Src/stm32f4xx_hal_i2s_ex.o" -o "HAL_Driver/Src/stm32f4xx_hal_i2s_ex.o" "../HAL_Driver/Src/stm32f4xx_hal_i2s_ex.c"
Finished building: ../HAL_Driver/Src/stm32f4xx_hal_i2s_ex.c
 
Building file: ../HAL_Driver/Src/stm32f4xx_hal_irda.c
Invoking: MCU GCC Compiler
%cd%
arm-none-eabi-gcc -mcpu=cortex-m4 -mthumb -mfloat-abi=hard -mfpu=fpv4-sp-d16 -DSTM32F412ZGTx -DSTM32F4 -DNUCLEO_F412ZG -DSTM32 -DDEBUG -DUSE_HAL_DRIVER -DSTM32F412Zx -I"A:/Programming/XPhone/micro/stm/XPhone/inc" -I"A:/Programming/XPhone/micro/stm/XPhone/Utilities/STM32F4xx_Nucleo_144" -I"A:/Programming/XPhone/micro/stm/XPhone/HAL_Driver/Inc" -I"A:/Programming/XPhone/micro/stm/XPhone/HAL_Driver/Inc/Legacy" -I"A:/Programming/XPhone/micro/stm/XPhone/CMSIS/core" -I"A:/Programming/XPhone/micro/stm/XPhone/CMSIS/device" -O0 -g3 -Wall -fmessage-length=0 -ffunction-sections -c -MMD -MP -MF"HAL_Driver/Src/stm32f4xx_hal_irda.d" -MT"HAL_Driver/Src/stm32f4xx_hal_irda.o" -o "HAL_Driver/Src/stm32f4xx_hal_irda.o" "../HAL_Driver/Src/stm32f4xx_hal_irda.c"
Finished building: ../HAL_Driver/Src/stm32f4xx_hal_irda.c
 
Building file: ../HAL_Driver/Src/stm32f4xx_hal_iwdg.c
Invoking: MCU GCC Compiler
%cd%
arm-none-eabi-gcc -mcpu=cortex-m4 -mthumb -mfloat-abi=hard -mfpu=fpv4-sp-d16 -DSTM32F412ZGTx -DSTM32F4 -DNUCLEO_F412ZG -DSTM32 -DDEBUG -DUSE_HAL_DRIVER -DSTM32F412Zx -I"A:/Programming/XPhone/micro/stm/XPhone/inc" -I"A:/Programming/XPhone/micro/stm/XPhone/Utilities/STM32F4xx_Nucleo_144" -I"A:/Programming/XPhone/micro/stm/XPhone/HAL_Driver/Inc" -I"A:/Programming/XPhone/micro/stm/XPhone/HAL_Driver/Inc/Legacy" -I"A:/Programming/XPhone/micro/stm/XPhone/CMSIS/core" -I"A:/Programming/XPhone/micro/stm/XPhone/CMSIS/device" -O0 -g3 -Wall -fmessage-length=0 -ffunction-sections -c -MMD -MP -MF"HAL_Driver/Src/stm32f4xx_hal_iwdg.d" -MT"HAL_Driver/Src/stm32f4xx_hal_iwdg.o" -o "HAL_Driver/Src/stm32f4xx_hal_iwdg.o" "../HAL_Driver/Src/stm32f4xx_hal_iwdg.c"
Finished building: ../HAL_Driver/Src/stm32f4xx_hal_iwdg.c
 
Building file: ../HAL_Driver/Src/stm32f4xx_hal_lptim.c
Invoking: MCU GCC Compiler
%cd%
arm-none-eabi-gcc -mcpu=cortex-m4 -mthumb -mfloat-abi=hard -mfpu=fpv4-sp-d16 -DSTM32F412ZGTx -DSTM32F4 -DNUCLEO_F412ZG -DSTM32 -DDEBUG -DUSE_HAL_DRIVER -DSTM32F412Zx -I"A:/Programming/XPhone/micro/stm/XPhone/inc" -I"A:/Programming/XPhone/micro/stm/XPhone/Utilities/STM32F4xx_Nucleo_144" -I"A:/Programming/XPhone/micro/stm/XPhone/HAL_Driver/Inc" -I"A:/Programming/XPhone/micro/stm/XPhone/HAL_Driver/Inc/Legacy" -I"A:/Programming/XPhone/micro/stm/XPhone/CMSIS/core" -I"A:/Programming/XPhone/micro/stm/XPhone/CMSIS/device" -O0 -g3 -Wall -fmessage-length=0 -ffunction-sections -c -MMD -MP -MF"HAL_Driver/Src/stm32f4xx_hal_lptim.d" -MT"HAL_Driver/Src/stm32f4xx_hal_lptim.o" -o "HAL_Driver/Src/stm32f4xx_hal_lptim.o" "../HAL_Driver/Src/stm32f4xx_hal_lptim.c"
Finished building: ../HAL_Driver/Src/stm32f4xx_hal_lptim.c
 
Building file: ../HAL_Driver/Src/stm32f4xx_hal_ltdc.c
Invoking: MCU GCC Compiler
%cd%
arm-none-eabi-gcc -mcpu=cortex-m4 -mthumb -mfloat-abi=hard -mfpu=fpv4-sp-d16 -DSTM32F412ZGTx -DSTM32F4 -DNUCLEO_F412ZG -DSTM32 -DDEBUG -DUSE_HAL_DRIVER -DSTM32F412Zx -I"A:/Programming/XPhone/micro/stm/XPhone/inc" -I"A:/Programming/XPhone/micro/stm/XPhone/Utilities/STM32F4xx_Nucleo_144" -I"A:/Programming/XPhone/micro/stm/XPhone/HAL_Driver/Inc" -I"A:/Programming/XPhone/micro/stm/XPhone/HAL_Driver/Inc/Legacy" -I"A:/Programming/XPhone/micro/stm/XPhone/CMSIS/core" -I"A:/Programming/XPhone/micro/stm/XPhone/CMSIS/device" -O0 -g3 -Wall -fmessage-length=0 -ffunction-sections -c -MMD -MP -MF"HAL_Driver/Src/stm32f4xx_hal_ltdc.d" -MT"HAL_Driver/Src/stm32f4xx_hal_ltdc.o" -o "HAL_Driver/Src/stm32f4xx_hal_ltdc.o" "../HAL_Driver/Src/stm32f4xx_hal_ltdc.c"
Finished building: ../HAL_Driver/Src/stm32f4xx_hal_ltdc.c
 
Building file: ../HAL_Driver/Src/stm32f4xx_hal_ltdc_ex.c
Invoking: MCU GCC Compiler
%cd%
arm-none-eabi-gcc -mcpu=cortex-m4 -mthumb -mfloat-abi=hard -mfpu=fpv4-sp-d16 -DSTM32F412ZGTx -DSTM32F4 -DNUCLEO_F412ZG -DSTM32 -DDEBUG -DUSE_HAL_DRIVER -DSTM32F412Zx -I"A:/Programming/XPhone/micro/stm/XPhone/inc" -I"A:/Programming/XPhone/micro/stm/XPhone/Utilities/STM32F4xx_Nucleo_144" -I"A:/Programming/XPhone/micro/stm/XPhone/HAL_Driver/Inc" -I"A:/Programming/XPhone/micro/stm/XPhone/HAL_Driver/Inc/Legacy" -I"A:/Programming/XPhone/micro/stm/XPhone/CMSIS/core" -I"A:/Programming/XPhone/micro/stm/XPhone/CMSIS/device" -O0 -g3 -Wall -fmessage-length=0 -ffunction-sections -c -MMD -MP -MF"HAL_Driver/Src/stm32f4xx_hal_ltdc_ex.d" -MT"HAL_Driver/Src/stm32f4xx_hal_ltdc_ex.o" -o "HAL_Driver/Src/stm32f4xx_hal_ltdc_ex.o" "../HAL_Driver/Src/stm32f4xx_hal_ltdc_ex.c"
Finished building: ../HAL_Driver/Src/stm32f4xx_hal_ltdc_ex.c
 
Building file: ../HAL_Driver/Src/stm32f4xx_hal_msp_template.c
Invoking: MCU GCC Compiler
%cd%
[...]
../src/main.c:207:7: warning: variable 'previousNotesPlayed' set but not used [-Wunused-but-set-variable]
   int previousNotesPlayed[INPUT_PINS];
       ^
../src/main.c:206:9: warning: unused variable 'noteToPlay' [-Wunused-variable]
   Note *noteToPlay = NULL;
         ^
../src/main.c:205:9: warning: unused variable 'currentSong' [-Wunused-variable]
   Note *currentSong = init_note(KEY_TRACK_EMPTY, 0, 100);
         ^
../src/main.c: At top level:
../src/main.c:59:26: warning: 'GPIO_InitStruct' defined but not used [-Wunused-variable]
 static GPIO_InitTypeDef  GPIO_InitStruct;
                          ^
Finished building: ../src/main.c
 
Building target: XPhone.elf
Invoking: MCU GCC Linker
arm-none-eabi-gcc -mcpu=cortex-m4 -mthumb -mfloat-abi=hard -mfpu=fpv4-sp-d16 -T"A:\Programming\XPhone\micro\stm\XPhone\LinkerScript.ld" -Wl,-Map=output.map -Wl,--gc-sections -lm -o "XPhone.elf" @"objects.list"  
Finished building target: XPhone.elf
 
make --no-print-directory post-build
Generating binary and Printing size information:
arm-none-eabi-objcopy -O binary "XPhone.elf" "XPhone.bin"
arm-none-eabi-size "XPhone.elf"
   text	   data	    bss	    dec	    hex	filename
   8420	   2128	   1700	  12248	   2fd8	XPhone.elf
 
21:22:14 **** Incremental Build of configuration Debug for project XPhone ****
make all 
Building file: ../src/main.c
Invoking: MCU GCC Compiler
%cd%
arm-none-eabi-gcc -mcpu=cortex-m4 -mthumb -mfloat-abi=hard -mfpu=fpv4-sp-d16 -DSTM32F412ZGTx -DSTM32F4 -DNUCLEO_F412ZG -DSTM32 -DDEBUG -DUSE_HAL_DRIVER -DSTM32F412Zx -I"A:/Programming/XPhone/micro/stm/XPhone/inc" -I"A:/Programming/XPhone/micro/stm/XPhone/Utilities/STM32F4xx_Nucleo_144" -I"A:/Programming/XPhone/micro/stm/XPhone/HAL_Driver/Inc" -I"A:/Programming/XPhone/micro/stm/XPhone/HAL_Driver/Inc/Legacy" -I"A:/Programming/XPhone/micro/stm/XPhone/CMSIS/core" -I"A:/Programming/XPhone/micro/stm/XPhone/CMSIS/device" -O0 -g3 -Wall -fmessage-length=0 -ffunction-sections -c -MMD -MP -MF"src/main.d" -MT"src/main.o" -o "src/main.o" "../src/main.c"
../src/main.c: In function 'main':
../src/main.c:215:12: warning: unused variable 'T' [-Wunused-variable]
   uint16_t T=512;
            ^
../src/main.c:207:7: warning: variable 'previousNotesPlayed' set but not used [-Wunused-but-set-variable]
   int previousNotesPlayed[INPUT_PINS];
       ^
../src/main.c:206:9: warning: unused variable 'noteToPlay' [-Wunused-variable]
   Note *noteToPlay = NULL;
         ^
../src/main.c:205:9: warning: unused variable 'currentSong' [-Wunused-variable]
   Note *currentSong = init_note(KEY_TRACK_EMPTY, 0, 100);
         ^
../src/main.c: At top level:
../src/main.c:59:26: warning: 'GPIO_InitStruct' defined but not used [-Wunused-variable]
 static GPIO_InitTypeDef  GPIO_InitStruct;
                          ^
Finished building: ../src/main.c
 
Building target: XPhone.elf
Invoking: MCU GCC Linker
arm-none-eabi-gcc -mcpu=cortex-m4 -mthumb -mfloat-abi=hard -mfpu=fpv4-sp-d16 -T"A:\Programming\XPhone\micro\stm\XPhone\LinkerScript.ld" -Wl,-Map=output.map -Wl,--gc-sections -lm -o "XPhone.elf" @"objects.list"  
Finished building target: XPhone.elf
 
make --no-print-directory post-build
Generating binary and Printing size information:
arm-none-eabi-objcopy -O binary "XPhone.elf" "XPhone.bin"
arm-none-eabi-size "XPhone.elf"
   text	   data	    bss	    dec	    hex	filename
   8340	   2128	   1700	  12168	   2f88	XPhone.elf
 
21:25:24 **** Incremental Build of configuration Debug for project XPhone ****
make all 
Building file: ../src/main.c
Invoking: MCU GCC Compiler
%cd%
arm-none-eabi-gcc -mcpu=cortex-m4 -mthumb -mfloat-abi=hard -mfpu=fpv4-sp-d16 -DSTM32F412ZGTx -DSTM32F4 -DNUCLEO_F412ZG -DSTM32 -DDEBUG -DUSE_HAL_DRIVER -DSTM32F412Zx -I"A:/Programming/XPhone/micro/stm/XPhone/inc" -I"A:/Programming/XPhone/micro/stm/XPhone/Utilities/STM32F4xx_Nucleo_144" -I"A:/Programming/XPhone/micro/stm/XPhone/HAL_Driver/Inc" -I"A:/Programming/XPhone/micro/stm/XPhone/HAL_Driver/Inc/Legacy" -I"A:/Programming/XPhone/micro/stm/XPhone/CMSIS/core" -I"A:/Programming/XPhone/micro/stm/XPhone/CMSIS/device" -O0 -g3 -Wall -fmessage-length=0 -ffunction-sections -c -MMD -MP -MF"src/main.d" -MT"src/main.o" -o "src/main.o" "../src/main.c"
../src/main.c: In function 'main':
../src/main.c:215:12: warning: unused variable 'T' [-Wunused-variable]
   uint16_t T=512;
            ^
../src/main.c:207:7: warning: variable 'previousNotesPlayed' set but not used [-Wunused-but-set-variable]
   int previousNotesPlayed[INPUT_PINS];
       ^
../src/main.c:206:9: warning: unused variable 'noteToPlay' [-Wunused-variable]
   Note *noteToPlay = NULL;
         ^
../src/main.c:205:9: warning: unused variable 'currentSong' [-Wunused-variable]
   Note *currentSong = init_note(KEY_TRACK_EMPTY, 0, 100);
         ^
../src/main.c: At top level:
../src/main.c:59:26: warning: 'GPIO_InitStruct' defined but not used [-Wunused-variable]
 static GPIO_InitTypeDef  GPIO_InitStruct;
                          ^
Finished building: ../src/main.c
 
Building target: XPhone.elf
Invoking: MCU GCC Linker
arm-none-eabi-gcc -mcpu=cortex-m4 -mthumb -mfloat-abi=hard -mfpu=fpv4-sp-d16 -T"A:\Programming\XPhone\micro\stm\XPhone\LinkerScript.ld" -Wl,-Map=output.map -Wl,--gc-sections -lm -o "XPhone.elf" @"objects.list"  
Finished building target: XPhone.elf
 
make --no-print-directory post-build
Generating binary and Printing size information:
arm-none-eabi-objcopy -O binary "XPhone.elf" "XPhone.bin"
arm-none-eabi-size "XPhone.elf"
   text	   data	    bss	    dec	    hex	filename
   8160	   2128	   1700	  11988	   2ed4	XPhone.elf
 
21:27:06 **** Incremental Build of configuration Debug for project XPhone ****
make all 
Building file: ../src/main.c
Invoking: MCU GCC Compiler
%cd%
arm-none-eabi-gcc -mcpu=cortex-m4 -mthumb -mfloat-abi=hard -mfpu=fpv4-sp-d16 -DSTM32F412ZGTx -DSTM32F4 -DNUCLEO_F412ZG -DSTM32 -DDEBUG -DUSE_HAL_DRIVER -DSTM32F412Zx -I"A:/Programming/XPhone/micro/stm/XPhone/inc" -I"A:/Programming/XPhone/micro/stm/XPhone/Utilities/STM32F4xx_Nucleo_144" -I"A:/Programming/XPhone/micro/stm/XPhone/HAL_Driver/Inc" -I"A:/Programming/XPhone/micro/stm/XPhone/HAL_Driver/Inc/Legacy" -I"A:/Programming/XPhone/micro/stm/XPhone/CMSIS/core" -I"A:/Programming/XPhone/micro/stm/XPhone/CMSIS/device" -O0 -g3 -Wall -fmessage-length=0 -ffunction-sections -c -MMD -MP -MF"src/main.d" -MT"src/main.o" -o "src/main.o" "../src/main.c"
../src/main.c: In function 'main':
../src/main.c:215:12: warning: unused variable 'T' [-Wunused-variable]
   uint16_t T=512;
            ^
../src/main.c:207:7: warning: variable 'previousNotesPlayed' set but not used [-Wunused-but-set-variable]
   int previousNotesPlayed[INPUT_PINS];
       ^
../src/main.c:206:9: warning: unused variable 'noteToPlay' [-Wunused-variable]
   Note *noteToPlay = NULL;
         ^
../src/main.c:205:9: warning: unused variable 'currentSong' [-Wunused-variable]
   Note *currentSong = init_note(KEY_TRACK_EMPTY, 0, 100);
         ^
../src/main.c: At top level:
../src/main.c:59:26: warning: 'GPIO_InitStruct' defined but not used [-Wunused-variable]
 static GPIO_InitTypeDef  GPIO_InitStruct;
                          ^
Finished building: ../src/main.c
 
Building target: XPhone.elf
Invoking: MCU GCC Linker
arm-none-eabi-gcc -mcpu=cortex-m4 -mthumb -mfloat-abi=hard -mfpu=fpv4-sp-d16 -T"A:\Programming\XPhone\micro\stm\XPhone\LinkerScript.ld" -Wl,-Map=output.map -Wl,--gc-sections -lm -o "XPhone.elf" @"objects.list"  
Finished building target: XPhone.elf
 
make --no-print-directory post-build
Generating binary and Printing size information:
arm-none-eabi-objcopy -O binary "XPhone.elf" "XPhone.bin"
arm-none-eabi-size "XPhone.elf"
   text	   data	    bss	    dec	    hex	filename
   8212	   2128	   1700	  12040	   2f08	XPhone.elf
 
21:29:48 **** Incremental Build of configuration Debug for project XPhone ****
make all 
Building file: ../src/main.c
Invoking: MCU GCC Compiler
%cd%
arm-none-eabi-gcc -mcpu=cortex-m4 -mthumb -mfloat-abi=hard -mfpu=fpv4-sp-d16 -DSTM32F412ZGTx -DSTM32F4 -DNUCLEO_F412ZG -DSTM32 -DDEBUG -DUSE_HAL_DRIVER -DSTM32F412Zx -I"A:/Programming/XPhone/micro/stm/XPhone/inc" -I"A:/Programming/XPhone/micro/stm/XPhone/Utilities/STM32F4xx_Nucleo_144" -I"A:/Programming/XPhone/micro/stm/XPhone/HAL_Driver/Inc" -I"A:/Programming/XPhone/micro/stm/XPhone/HAL_Driver/Inc/Legacy" -I"A:/Programming/XPhone/micro/stm/XPhone/CMSIS/core" -I"A:/Programming/XPhone/micro/stm/XPhone/CMSIS/device" -O0 -g3 -Wall -fmessage-length=0 -ffunction-sections -c -MMD -MP -MF"src/main.d" -MT"src/main.o" -o "src/main.o" "../src/main.c"
../src/main.c: In function 'main':
../src/main.c:237:4: warning: implicit declaration of function 'nnote_hit' [-Wimplicit-function-declaration]
    nnote_hit(16);
    ^
../src/main.c:215:12: warning: unused variable 'T' [-Wunused-variable]
   uint16_t T=512;
            ^
../src/main.c:207:7: warning: variable 'previousNotesPlayed' set but not used [-Wunused-but-set-variable]
   int previousNotesPlayed[INPUT_PINS];
       ^
../src/main.c:206:9: warning: unused variable 'noteToPlay' [-Wunused-variable]
   Note *noteToPlay = NULL;
         ^
../src/main.c:205:9: warning: unused variable 'currentSong' [-Wunused-variable]
   Note *currentSong = init_note(KEY_TRACK_EMPTY, 0, 100);
         ^
../src/main.c: At top level:
../src/main.c:59:26: warning: 'GPIO_InitStruct' defined but not used [-Wunused-variable]
 static GPIO_InitTypeDef  GPIO_InitStruct;
                          ^
Finished building: ../src/main.c
 
Building target: XPhone.elf
Invoking: MCU GCC Linker
arm-none-eabi-gcc -mcpu=cortex-m4 -mthumb -mfloat-abi=hard -mfpu=fpv4-sp-d16 -T"A:\Programming\XPhone\micro\stm\XPhone\LinkerScript.ld" -Wl,-Map=output.map -Wl,--gc-sections -lm -o "XPhone.elf" @"objects.list"  
src/main.o: In function `main':
A:\Programming\XPhone\micro\stm\XPhone\Debug/../src/main.c:237: undefined reference to `nnote_hit'
A:\Programming\XPhone\micro\stm\XPhone\Debug/../src/main.c:238: undefined reference to `nnote_hit'
A:\Programming\XPhone\micro\stm\XPhone\Debug/../src/main.c:239: undefined reference to `nnote_hit'
A:\Programming\XPhone\micro\stm\XPhone\Debug/../src/main.c:240: undefined reference to `nnote_hit'
collect2.exe: error: ld returned 1 exit status
make: *** [XPhone.elf] Error 1
21:30:04 **** Incremental Build of configuration Debug for project XPhone ****
make all 
Building file: ../src/main.c
Invoking: MCU GCC Compiler
%cd%
arm-none-eabi-gcc -mcpu=cortex-m4 -mthumb -mfloat-abi=hard -mfpu=fpv4-sp-d16 -DSTM32F412ZGTx -DSTM32F4 -DNUCLEO_F412ZG -DSTM32 -DDEBUG -DUSE_HAL_DRIVER -DSTM32F412Zx -I"A:/Programming/XPhone/micro/stm/XPhone/inc" -I"A:/Programming/XPhone/micro/stm/XPhone/Utilities/STM32F4xx_Nucleo_144" -I"A:/Programming/XPhone/micro/stm/XPhone/HAL_Driver/Inc" -I"A:/Programming/XPhone/micro/stm/XPhone/HAL_Driver/Inc/Legacy" -I"A:/Programming/XPhone/micro/stm/XPhone/CMSIS/core" -I"A:/Programming/XPhone/micro/stm/XPhone/CMSIS/device" -O0 -g3 -Wall -fmessage-length=0 -ffunction-sections -c -MMD -MP -MF"src/main.d" -MT"src/main.o" -o "src/main.o" "../src/main.c"
../src/main.c: In function 'main':
../src/main.c:215:12: warning: unused variable 'T' [-Wunused-variable]
   uint16_t T=512;
            ^
../src/main.c:207:7: warning: variable 'previousNotesPlayed' set but not used [-Wunused-but-set-variable]
   int previousNotesPlayed[INPUT_PINS];
       ^
../src/main.c:206:9: warning: unused variable 'noteToPlay' [-Wunused-variable]
   Note *noteToPlay = NULL;
         ^
../src/main.c:205:9: warning: unused variable 'currentSong' [-Wunused-variable]
   Note *currentSong = init_note(KEY_TRACK_EMPTY, 0, 100);
         ^
../src/main.c: At top level:
../src/main.c:59:26: warning: 'GPIO_InitStruct' defined but not used [-Wunused-variable]
 static GPIO_InitTypeDef  GPIO_InitStruct;
                          ^
Finished building: ../src/main.c
 
Building target: XPhone.elf
Invoking: MCU GCC Linker
arm-none-eabi-gcc -mcpu=cortex-m4 -mthumb -mfloat-abi=hard -mfpu=fpv4-sp-d16 -T"A:\Programming\XPhone\micro\stm\XPhone\LinkerScript.ld" -Wl,-Map=output.map -Wl,--gc-sections -lm -o "XPhone.elf" @"objects.list"  
Finished building target: XPhone.elf
 
make --no-print-directory post-build
Generating binary and Printing size information:
arm-none-eabi-objcopy -O binary "XPhone.elf" "XPhone.bin"
arm-none-eabi-size "XPhone.elf"
   text	   data	    bss	    dec	    hex	filename
   8236	   2128	   1700	  12064	   2f20	XPhone.elf
 
21:31:25 **** Incremental Build of configuration Debug for project XPhone ****
make all 
Building file: ../src/main.c
Invoking: MCU GCC Compiler
%cd%
arm-none-eabi-gcc -mcpu=cortex-m4 -mthumb -mfloat-abi=hard -mfpu=fpv4-sp-d16 -DSTM32F412ZGTx -DSTM32F4 -DNUCLEO_F412ZG -DSTM32 -DDEBUG -DUSE_HAL_DRIVER -DSTM32F412Zx -I"A:/Programming/XPhone/micro/stm/XPhone/inc" -I"A:/Programming/XPhone/micro/stm/XPhone/Utilities/STM32F4xx_Nucleo_144" -I"A:/Programming/XPhone/micro/stm/XPhone/HAL_Driver/Inc" -I"A:/Programming/XPhone/micro/stm/XPhone/HAL_Driver/Inc/Legacy" -I"A:/Programming/XPhone/micro/stm/XPhone/CMSIS/core" -I"A:/Programming/XPhone/micro/stm/XPhone/CMSIS/device" -O0 -g3 -Wall -fmessage-length=0 -ffunction-sections -c -MMD -MP -MF"src/main.d" -MT"src/main.o" -o "src/main.o" "../src/main.c"
../src/main.c: In function 'main':
../src/main.c:215:12: warning: unused variable 'T' [-Wunused-variable]
   uint16_t T=512;
            ^
../src/main.c:207:7: warning: variable 'previousNotesPlayed' set but not used [-Wunused-but-set-variable]
   int previousNotesPlayed[INPUT_PINS];
       ^
../src/main.c:206:9: warning: unused variable 'noteToPlay' [-Wunused-variable]
   Note *noteToPlay = NULL;
         ^
../src/main.c:205:9: warning: unused variable 'currentSong' [-Wunused-variable]
   Note *currentSong = init_note(KEY_TRACK_EMPTY, 0, 100);
         ^
../src/main.c: At top level:
../src/main.c:59:26: warning: 'GPIO_InitStruct' defined but not used [-Wunused-variable]
 static GPIO_InitTypeDef  GPIO_InitStruct;
                          ^
Finished building: ../src/main.c
 
Building target: XPhone.elf
Invoking: MCU GCC Linker
arm-none-eabi-gcc -mcpu=cortex-m4 -mthumb -mfloat-abi=hard -mfpu=fpv4-sp-d16 -T"A:\Programming\XPhone\micro\stm\XPhone\LinkerScript.ld" -Wl,-Map=output.map -Wl,--gc-sections -lm -o "XPhone.elf" @"objects.list"  
Finished building target: XPhone.elf
 
make --no-print-directory post-build
Generating binary and Printing size information:
arm-none-eabi-objcopy -O binary "XPhone.elf" "XPhone.bin"
arm-none-eabi-size "XPhone.elf"
   text	   data	    bss	    dec	    hex	filename
   8184	   2128	   1700	  12012	   2eec	XPhone.elf
 
19:29:51 **** Incremental Build of configuration Debug for project XPhone ****
make all 
Building file: ../src/main.c
Invoking: MCU GCC Compiler
%cd%
arm-none-eabi-gcc -mcpu=cortex-m4 -mthumb -mfloat-abi=hard -mfpu=fpv4-sp-d16 -DSTM32F412ZGTx -DSTM32F4 -DNUCLEO_F412ZG -DSTM32 -DDEBUG -DUSE_HAL_DRIVER -DSTM32F412Zx -I"A:/Programming/XPhone/micro/stm/XPhone/inc" -I"A:/Programming/XPhone/micro/stm/XPhone/Utilities/STM32F4xx_Nucleo_144" -I"A:/Programming/XPhone/micro/stm/XPhone/HAL_Driver/Inc" -I"A:/Programming/XPhone/micro/stm/XPhone/HAL_Driver/Inc/Legacy" -I"A:/Programming/XPhone/micro/stm/XPhone/CMSIS/core" -I"A:/Programming/XPhone/micro/stm/XPhone/CMSIS/device" -O0 -g3 -Wall -fmessage-length=0 -ffunction-sections -c -MMD -MP -MF"src/main.d" -MT"src/main.o" -o "src/main.o" "../src/main.c"
../src/main.c: In function 'note_hit':
../src/main.c:107:2: warning: implicit declaration of function 'clock_out' [-Wimplicit-function-declaration]
  clock_out(GPIOC,CLOCK,DATA,LATCH,8,0xff);
  ^
../src/main.c: At top level:
../src/main.c:125:6: warning: conflicting types for 'clock_out'
 void clock_out(GPIO_TypeDef* GPIOx, uint16_t clockPin, uint16_t dataPin, uint16_t latchPin, uint8_t bits, uint32_t data) {
      ^
../src/main.c:107:2: note: previous implicit declaration of 'clock_out' was here
  clock_out(GPIOC,CLOCK,DATA,LATCH,8,0xff);
  ^
../src/main.c: In function 'main':
../src/main.c:224:12: warning: unused variable 'T' [-Wunused-variable]
   uint16_t T=512;
            ^
../src/main.c:216:7: warning: variable 'previousNotesPlayed' set but not used [-Wunused-but-set-variable]
   int previousNotesPlayed[INPUT_PINS];
       ^
../src/main.c:215:9: warning: unused variable 'noteToPlay' [-Wunused-variable]
   Note *noteToPlay = NULL;
         ^
../src/main.c:214:9: warning: unused variable 'currentSong' [-Wunused-variable]
   Note *currentSong = init_note(KEY_TRACK_EMPTY, 0, 100);
         ^
../src/main.c: At top level:
../src/main.c:59:26: warning: 'GPIO_InitStruct' defined but not used [-Wunused-variable]
 static GPIO_InitTypeDef  GPIO_InitStruct;
                          ^
Finished building: ../src/main.c
 
Building target: XPhone.elf
Invoking: MCU GCC Linker
arm-none-eabi-gcc -mcpu=cortex-m4 -mthumb -mfloat-abi=hard -mfpu=fpv4-sp-d16 -T"A:\Programming\XPhone\micro\stm\XPhone\LinkerScript.ld" -Wl,-Map=output.map -Wl,--gc-sections -lm -o "XPhone.elf" @"objects.list"  
Finished building target: XPhone.elf
 
make --no-print-directory post-build
Generating binary and Printing size information:
arm-none-eabi-objcopy -O binary "XPhone.elf" "XPhone.bin"
arm-none-eabi-size "XPhone.elf"
   text	   data	    bss	    dec	    hex	filename
   7924	   2128	   1700	  11752	   2de8	XPhone.elf
 
19:49:54 **** Incremental Build of configuration Debug for project XPhone ****
make all 
Building file: ../src/main.c
Invoking: MCU GCC Compiler
%cd%
arm-none-eabi-gcc -mcpu=cortex-m4 -mthumb -mfloat-abi=hard -mfpu=fpv4-sp-d16 -DSTM32F412ZGTx -DSTM32F4 -DNUCLEO_F412ZG -DSTM32 -DDEBUG -DUSE_HAL_DRIVER -DSTM32F412Zx -I"A:/Programming/XPhone/micro/stm/XPhone/inc" -I"A:/Programming/XPhone/micro/stm/XPhone/Utilities/STM32F4xx_Nucleo_144" -I"A:/Programming/XPhone/micro/stm/XPhone/HAL_Driver/Inc" -I"A:/Programming/XPhone/micro/stm/XPhone/HAL_Driver/Inc/Legacy" -I"A:/Programming/XPhone/micro/stm/XPhone/CMSIS/core" -I"A:/Programming/XPhone/micro/stm/XPhone/CMSIS/device" -O0 -g3 -Wall -fmessage-length=0 -ffunction-sections -c -MMD -MP -MF"src/main.d" -MT"src/main.o" -o "src/main.o" "../src/main.c"
../src/main.c: In function 'note_hit':
../src/main.c:107:2: warning: implicit declaration of function 'clock_out' [-Wimplicit-function-declaration]
  clock_out(GPIOC,CLOCK,DATA,LATCH,8,0xff);
  ^
../src/main.c: At top level:
../src/main.c:125:6: warning: conflicting types for 'clock_out'
 void clock_out(GPIO_TypeDef* GPIOx, uint16_t clockPin, uint16_t dataPin, uint16_t latchPin, uint8_t bits, uint32_t data) {
      ^
../src/main.c:107:2: note: previous implicit declaration of 'clock_out' was here
  clock_out(GPIOC,CLOCK,DATA,LATCH,8,0xff);
  ^
../src/main.c: In function 'main':
../src/main.c:224:12: warning: unused variable 'T' [-Wunused-variable]
   uint16_t T=512;
            ^
../src/main.c:216:7: warning: variable 'previousNotesPlayed' set but not used [-Wunused-but-set-variable]
   int previousNotesPlayed[INPUT_PINS];
       ^
../src/main.c:215:9: warning: unused variable 'noteToPlay' [-Wunused-variable]
   Note *noteToPlay = NULL;
         ^
../src/main.c:214:9: warning: unused variable 'currentSong' [-Wunused-variable]
   Note *currentSong = init_note(KEY_TRACK_EMPTY, 0, 100);
         ^
../src/main.c: At top level:
../src/main.c:59:26: warning: 'GPIO_InitStruct' defined but not used [-Wunused-variable]
 static GPIO_InitTypeDef  GPIO_InitStruct;
                          ^
Finished building: ../src/main.c
 
Building target: XPhone.elf
Invoking: MCU GCC Linker
arm-none-eabi-gcc -mcpu=cortex-m4 -mthumb -mfloat-abi=hard -mfpu=fpv4-sp-d16 -T"A:\Programming\XPhone\micro\stm\XPhone\LinkerScript.ld" -Wl,-Map=output.map -Wl,--gc-sections -lm -o "XPhone.elf" @"objects.list"  
Finished building target: XPhone.elf
 
make --no-print-directory post-build
Generating binary and Printing size information:
arm-none-eabi-objcopy -O binary "XPhone.elf" "XPhone.bin"
arm-none-eabi-size "XPhone.elf"
   text	   data	    bss	    dec	    hex	filename
   7924	   2128	   1700	  11752	   2de8	XPhone.elf
 
