Archive member included to satisfy reference by file (symbol)

c:/ac6/systemworkbench/plugins/fr.ac6.mcu.externaltools.arm-none.win32_1.7.0.201602121829/tools/compiler/bin/../lib/gcc/arm-none-eabi/5.2.1/../../../../arm-none-eabi/lib/armv7e-m/fpu\libc_nano.a(lib_a-exit.o)
                              c:/ac6/systemworkbench/plugins/fr.ac6.mcu.externaltools.arm-none.win32_1.7.0.201602121829/tools/compiler/bin/../lib/gcc/arm-none-eabi/5.2.1/../../../../arm-none-eabi/lib/armv7e-m/fpu/crt0.o (exit)
c:/ac6/systemworkbench/plugins/fr.ac6.mcu.externaltools.arm-none.win32_1.7.0.201602121829/tools/compiler/bin/../lib/gcc/arm-none-eabi/5.2.1/../../../../arm-none-eabi/lib/armv7e-m/fpu\libc_nano.a(lib_a-impure.o)
                              c:/ac6/systemworkbench/plugins/fr.ac6.mcu.externaltools.arm-none.win32_1.7.0.201602121829/tools/compiler/bin/../lib/gcc/arm-none-eabi/5.2.1/../../../../arm-none-eabi/lib/armv7e-m/fpu\libc_nano.a(lib_a-exit.o) (_global_impure_ptr)
c:/ac6/systemworkbench/plugins/fr.ac6.mcu.externaltools.arm-none.win32_1.7.0.201602121829/tools/compiler/bin/../lib/gcc/arm-none-eabi/5.2.1/../../../../arm-none-eabi/lib/armv7e-m/fpu\libc_nano.a(lib_a-init.o)
                              c:/ac6/systemworkbench/plugins/fr.ac6.mcu.externaltools.arm-none.win32_1.7.0.201602121829/tools/compiler/bin/../lib/gcc/arm-none-eabi/5.2.1/../../../../arm-none-eabi/lib/armv7e-m/fpu/crt0.o (__libc_init_array)
c:/ac6/systemworkbench/plugins/fr.ac6.mcu.externaltools.arm-none.win32_1.7.0.201602121829/tools/compiler/bin/../lib/gcc/arm-none-eabi/5.2.1/../../../../arm-none-eabi/lib/armv7e-m/fpu\libc_nano.a(lib_a-memset.o)
                              c:/ac6/systemworkbench/plugins/fr.ac6.mcu.externaltools.arm-none.win32_1.7.0.201602121829/tools/compiler/bin/../lib/gcc/arm-none-eabi/5.2.1/../../../../arm-none-eabi/lib/armv7e-m/fpu/crt0.o (memset)
c:/ac6/systemworkbench/plugins/fr.ac6.mcu.externaltools.arm-none.win32_1.7.0.201602121829/tools/compiler/bin/../lib/gcc/arm-none-eabi/5.2.1/../../../../arm-none-eabi/lib/armv7e-m/fpu\libnosys.a(_exit.o)
                              c:/ac6/systemworkbench/plugins/fr.ac6.mcu.externaltools.arm-none.win32_1.7.0.201602121829/tools/compiler/bin/../lib/gcc/arm-none-eabi/5.2.1/../../../../arm-none-eabi/lib/armv7e-m/fpu\libc_nano.a(lib_a-exit.o) (_exit)

Allocating common symbols
Common symbol       size              file

uwTick              0x4               Drivers/STM32F4xx_HAL_Driver/stm32f4xx_hal.o

Discarded input sections

 .text          0x00000000        0x0 c:/ac6/systemworkbench/plugins/fr.ac6.mcu.externaltools.arm-none.win32_1.7.0.201602121829/tools/compiler/bin/../lib/gcc/arm-none-eabi/5.2.1/armv7e-m/fpu/crti.o
 .data          0x00000000        0x0 c:/ac6/systemworkbench/plugins/fr.ac6.mcu.externaltools.arm-none.win32_1.7.0.201602121829/tools/compiler/bin/../lib/gcc/arm-none-eabi/5.2.1/armv7e-m/fpu/crti.o
 .bss           0x00000000        0x0 c:/ac6/systemworkbench/plugins/fr.ac6.mcu.externaltools.arm-none.win32_1.7.0.201602121829/tools/compiler/bin/../lib/gcc/arm-none-eabi/5.2.1/armv7e-m/fpu/crti.o
 .data          0x00000000        0x4 c:/ac6/systemworkbench/plugins/fr.ac6.mcu.externaltools.arm-none.win32_1.7.0.201602121829/tools/compiler/bin/../lib/gcc/arm-none-eabi/5.2.1/armv7e-m/fpu/crtbegin.o
 .text          0x00000000       0x74 c:/ac6/systemworkbench/plugins/fr.ac6.mcu.externaltools.arm-none.win32_1.7.0.201602121829/tools/compiler/bin/../lib/gcc/arm-none-eabi/5.2.1/../../../../arm-none-eabi/lib/armv7e-m/fpu/crt0.o
 .data          0x00000000        0x0 c:/ac6/systemworkbench/plugins/fr.ac6.mcu.externaltools.arm-none.win32_1.7.0.201602121829/tools/compiler/bin/../lib/gcc/arm-none-eabi/5.2.1/../../../../arm-none-eabi/lib/armv7e-m/fpu/crt0.o
 .bss           0x00000000        0x0 c:/ac6/systemworkbench/plugins/fr.ac6.mcu.externaltools.arm-none.win32_1.7.0.201602121829/tools/compiler/bin/../lib/gcc/arm-none-eabi/5.2.1/../../../../arm-none-eabi/lib/armv7e-m/fpu/crt0.o
 .ARM.extab     0x00000000        0x0 c:/ac6/systemworkbench/plugins/fr.ac6.mcu.externaltools.arm-none.win32_1.7.0.201602121829/tools/compiler/bin/../lib/gcc/arm-none-eabi/5.2.1/../../../../arm-none-eabi/lib/armv7e-m/fpu/crt0.o
 .ARM.exidx     0x00000000        0x8 c:/ac6/systemworkbench/plugins/fr.ac6.mcu.externaltools.arm-none.win32_1.7.0.201602121829/tools/compiler/bin/../lib/gcc/arm-none-eabi/5.2.1/../../../../arm-none-eabi/lib/armv7e-m/fpu/crt0.o
 .ARM.attributes
                0x00000000       0x20 c:/ac6/systemworkbench/plugins/fr.ac6.mcu.externaltools.arm-none.win32_1.7.0.201602121829/tools/compiler/bin/../lib/gcc/arm-none-eabi/5.2.1/../../../../arm-none-eabi/lib/armv7e-m/fpu/crt0.o
 .group         0x00000000        0x8 Drivers/BSP/STM32412ZG_Nucleo/stm32f4xx_nucleo_144.o
 .group         0x00000000        0x8 Drivers/BSP/STM32412ZG_Nucleo/stm32f4xx_nucleo_144.o
 .group         0x00000000        0x8 Drivers/BSP/STM32412ZG_Nucleo/stm32f4xx_nucleo_144.o
[...]
Memory Configuration

Name             Origin             Length             Attributes
FLASH            0x08000000         0x00100000         xr
RAM              0x20000000         0x00040000         xrw
*default*        0x00000000         0xffffffff

Linker script and memory map

LOAD c:/ac6/systemworkbench/plugins/fr.ac6.mcu.externaltools.arm-none.win32_1.7.0.201602121829/tools/compiler/bin/../lib/gcc/arm-none-eabi/5.2.1/armv7e-m/fpu/crti.o
LOAD c:/ac6/systemworkbench/plugins/fr.ac6.mcu.externaltools.arm-none.win32_1.7.0.201602121829/tools/compiler/bin/../lib/gcc/arm-none-eabi/5.2.1/armv7e-m/fpu/crtbegin.o
LOAD c:/ac6/systemworkbench/plugins/fr.ac6.mcu.externaltools.arm-none.win32_1.7.0.201602121829/tools/compiler/bin/../lib/gcc/arm-none-eabi/5.2.1/../../../../arm-none-eabi/lib/armv7e-m/fpu/crt0.o
LOAD c:/ac6/systemworkbench/plugins/fr.ac6.mcu.externaltools.arm-none.win32_1.7.0.201602121829/tools/compiler/bin/../lib/gcc/arm-none-eabi/5.2.1/../../../../arm-none-eabi/lib/armv7e-m/fpu\libm.a
LOAD Drivers/BSP/STM32412ZG_Nucleo/stm32f4xx_nucleo_144.o
LOAD Drivers/CMSIS/system_stm32f4xx.o
LOAD Drivers/STM32F4xx_HAL_Driver/stm32f4xx_hal.o
LOAD Drivers/STM32F4xx_HAL_Driver/stm32f4xx_hal_cortex.o
LOAD Drivers/STM32F4xx_HAL_Driver/stm32f4xx_hal_gpio.o
LOAD Drivers/STM32F4xx_HAL_Driver/stm32f4xx_hal_rcc.o
LOAD Drivers/STM32F4xx_HAL_Driver/stm32f4xx_hal_rcc_ex.o
LOAD Example/SW4STM32/startup_stm32f412zx.o
LOAD Example/User/main.o
LOAD Example/User/stm32f4xx_it.o
START GROUP
LOAD c:/ac6/systemworkbench/plugins/fr.ac6.mcu.externaltools.arm-none.win32_1.7.0.201602121829/tools/compiler/bin/../lib/gcc/arm-none-eabi/5.2.1/armv7e-m/fpu\libgcc.a
LOAD c:/ac6/systemworkbench/plugins/fr.ac6.mcu.externaltools.arm-none.win32_1.7.0.201602121829/tools/compiler/bin/../lib/gcc/arm-none-eabi/5.2.1/../../../../arm-none-eabi/lib/armv7e-m/fpu\libc_nano.a
END GROUP
START GROUP
LOAD c:/ac6/systemworkbench/plugins/fr.ac6.mcu.externaltools.arm-none.win32_1.7.0.201602121829/tools/compiler/bin/../lib/gcc/arm-none-eabi/5.2.1/armv7e-m/fpu\libgcc.a
LOAD c:/ac6/systemworkbench/plugins/fr.ac6.mcu.externaltools.arm-none.win32_1.7.0.201602121829/tools/compiler/bin/../lib/gcc/arm-none-eabi/5.2.1/../../../../arm-none-eabi/lib/armv7e-m/fpu\libc_nano.a
LOAD c:/ac6/systemworkbench/plugins/fr.ac6.mcu.externaltools.arm-none.win32_1.7.0.201602121829/tools/compiler/bin/../lib/gcc/arm-none-eabi/5.2.1/../../../../arm-none-eabi/lib/armv7e-m/fpu\libnosys.a
END GROUP
START GROUP
LOAD c:/ac6/systemworkbench/plugins/fr.ac6.mcu.externaltools.arm-none.win32_1.7.0.201602121829/tools/compiler/bin/../lib/gcc/arm-none-eabi/5.2.1/armv7e-m/fpu\libgcc.a
LOAD c:/ac6/systemworkbench/plugins/fr.ac6.mcu.externaltools.arm-none.win32_1.7.0.201602121829/tools/compiler/bin/../lib/gcc/arm-none-eabi/5.2.1/../../../../arm-none-eabi/lib/armv7e-m/fpu\libc_nano.a
LOAD c:/ac6/systemworkbench/plugins/fr.ac6.mcu.externaltools.arm-none.win32_1.7.0.201602121829/tools/compiler/bin/../lib/gcc/arm-none-eabi/5.2.1/../../../../arm-none-eabi/lib/armv7e-m/fpu\libnosys.a
END GROUP
LOAD c:/ac6/systemworkbench/plugins/fr.ac6.mcu.externaltools.arm-none.win32_1.7.0.201602121829/tools/compiler/bin/../lib/gcc/arm-none-eabi/5.2.1/armv7e-m/fpu/crtend.o
LOAD c:/ac6/systemworkbench/plugins/fr.ac6.mcu.externaltools.arm-none.win32_1.7.0.201602121829/tools/compiler/bin/../lib/gcc/arm-none-eabi/5.2.1/armv7e-m/fpu/crtn.o
                0x20040000                _estack = 0x20040000
                0x00000200                _Min_Heap_Size = 0x200
                0x00000400                _Min_Stack_Size = 0x400

.isr_vector     0x08000000      0x1c4
                0x08000000                . = ALIGN (0x4)
 *(.isr_vector)
 .isr_vector    0x08000000      0x1c4 Example/SW4STM32/startup_stm32f412zx.o
                0x08000000                g_pfnVectors
                0x080001c4                . = ALIGN (0x4)

.text           0x080001c4      0xae4
                0x080001c4                . = ALIGN (0x4)
 *(.text)
 .text          0x080001c4       0xa4 c:/ac6/systemworkbench/plugins/fr.ac6.mcu.externaltools.arm-none.win32_1.7.0.201602121829/tools/compiler/bin/../lib/gcc/arm-none-eabi/5.2.1/armv7e-m/fpu/crtbegin.o
 *(.text*)
 .text.SystemInit
                0x08000268       0x4c Drivers/CMSIS/system_stm32f4xx.o
                0x08000268                SystemInit
 .text.HAL_MspInit
                0x080002b4        0x2 Drivers/STM32F4xx_HAL_Driver/stm32f4xx_hal.o
                0x080002b4                HAL_MspInit
 *fill*         0x080002b6        0x2 
 .text.HAL_InitTick
                0x080002b8       0x28 Drivers/STM32F4xx_HAL_Driver/stm32f4xx_hal.o
                0x080002b8                HAL_InitTick
 .text.HAL_Init
                0x080002e0       0x34 Drivers/STM32F4xx_HAL_Driver/stm32f4xx_hal.o
                0x080002e0                HAL_Init
 .text.HAL_IncTick
                0x08000314       0x10 Drivers/STM32F4xx_HAL_Driver/stm32f4xx_hal.o
                0x08000314                HAL_IncTick
 .text.HAL_GetTick
                0x08000324        0xc Drivers/STM32F4xx_HAL_Driver/stm32f4xx_hal.o
                0x08000324                HAL_GetTick
 .text.HAL_Delay
                0x08000330       0x1a Drivers/STM32F4xx_HAL_Driver/stm32f4xx_hal.o
                0x08000330                HAL_Delay
 *fill*         0x0800034a        0x2 
 .text.HAL_NVIC_SetPriorityGrouping
                0x0800034c       0x24 Drivers/STM32F4xx_HAL_Driver/stm32f4xx_hal_cortex.o
                0x0800034c                HAL_NVIC_SetPriorityGrouping
 .text.HAL_NVIC_SetPriority
                0x08000370       0x68 Drivers/STM32F4xx_HAL_Driver/stm32f4xx_hal_cortex.o
                0x08000370                HAL_NVIC_SetPriority
 .text.HAL_SYSTICK_Config
                0x080003d8       0x2c Drivers/STM32F4xx_HAL_Driver/stm32f4xx_hal_cortex.o
                0x080003d8                HAL_SYSTICK_Config
 .text.HAL_GPIO_Init
                0x08000404      0x1b4 Drivers/STM32F4xx_HAL_Driver/stm32f4xx_hal_gpio.o
                0x08000404                HAL_GPIO_Init
 .text.HAL_GPIO_TogglePin
                0x080005b8        0x8 Drivers/STM32F4xx_HAL_Driver/stm32f4xx_hal_gpio.o
                0x080005b8                HAL_GPIO_TogglePin
 .text.HAL_RCC_GetSysClockFreq
                0x080005c0       0x7c Drivers/STM32F4xx_HAL_Driver/stm32f4xx_hal_rcc.o
                0x080005c0                HAL_RCC_GetSysClockFreq
 .text.HAL_RCC_ClockConfig
                0x0800063c      0x168 Drivers/STM32F4xx_HAL_Driver/stm32f4xx_hal_rcc.o
                0x0800063c                HAL_RCC_ClockConfig
 .text.HAL_RCC_OscConfig
                0x080007a4      0x2e4 Drivers/STM32F4xx_HAL_Driver/stm32f4xx_hal_rcc_ex.o
                0x080007a4                HAL_RCC_OscConfig
 .text.Reset_Handler
                0x08000a88       0x50 Example/SW4STM32/startup_stm32f412zx.o
                0x08000a88                Reset_Handler
 .text.Default_Handler
                0x08000ad8        0x2 Example/SW4STM32/startup_stm32f412zx.o
                0x08000ad8                RTC_Alarm_IRQHandler
                0x08000ad8                EXTI2_IRQHandler
                0x08000ad8                TIM8_CC_IRQHandler
                0x08000ad8                FMPI2C1_EV_IRQHandler
                0x08000ad8                SPI4_IRQHandler
                0x08000ad8                TIM1_CC_IRQHandler
                0x08000ad8                DMA2_Stream5_IRQHandler
                0x08000ad8                DMA1_Stream5_IRQHandler
                0x08000ad8                TIM6_IRQHandler
                0x08000ad8                PVD_IRQHandler
                0x08000ad8                SDIO_IRQHandler
                0x08000ad8                TAMP_STAMP_IRQHandler
                0x08000ad8                CAN2_RX1_IRQHandler
                0x08000ad8                EXTI3_IRQHandler
                0x08000ad8                TIM8_TRG_COM_TIM14_IRQHandler
                0x08000ad8                DFSDM1_FLT1_IRQHandler
                0x08000ad8                TIM1_UP_TIM10_IRQHandler
                0x08000ad8                TIM8_UP_TIM13_IRQHandler
                0x08000ad8                I2C3_ER_IRQHandler
                0x08000ad8                EXTI0_IRQHandler
                0x08000ad8                I2C2_EV_IRQHandler
                0x08000ad8                DMA1_Stream2_IRQHandler
                0x08000ad8                CAN1_RX0_IRQHandler
                0x08000ad8                FPU_IRQHandler
                0x08000ad8                CAN2_SCE_IRQHandler
                0x08000ad8                DMA2_Stream2_IRQHandler
                0x08000ad8                SPI1_IRQHandler
                0x08000ad8                TIM1_BRK_TIM9_IRQHandler
                0x08000ad8                CAN2_RX0_IRQHandler
                0x08000ad8                DMA2_Stream3_IRQHandler
                0x08000ad8                USART6_IRQHandler
                0x08000ad8                USART3_IRQHandler
                0x08000ad8                CAN1_RX1_IRQHandler
                0x08000ad8                DMA2_Stream0_IRQHandler
                0x08000ad8                TIM4_IRQHandler
                0x08000ad8                QUADSPI_IRQHandler
                0x08000ad8                I2C1_EV_IRQHandler
                0x08000ad8                DMA1_Stream6_IRQHandler
                0x08000ad8                DMA1_Stream1_IRQHandler
                0x08000ad8                TIM3_IRQHandler
                0x08000ad8                RCC_IRQHandler
                0x08000ad8                TIM8_BRK_TIM12_IRQHandler
                0x08000ad8                Default_Handler
                0x08000ad8                EXTI15_10_IRQHandler
                0x08000ad8                ADC_IRQHandler
                0x08000ad8                DMA1_Stream7_IRQHandler
                0x08000ad8                SPI5_IRQHandler
                0x08000ad8                TIM7_IRQHandler
                0x08000ad8                CAN2_TX_IRQHandler
                0x08000ad8                TIM5_IRQHandler
                0x08000ad8                DMA2_Stream7_IRQHandler
                0x08000ad8                I2C3_EV_IRQHandler
                0x08000ad8                EXTI9_5_IRQHandler
                0x08000ad8                RTC_WKUP_IRQHandler
                0x08000ad8                SPI2_IRQHandler
                0x08000ad8                DMA1_Stream0_IRQHandler
                0x08000ad8                CAN1_TX_IRQHandler
                0x08000ad8                FMPI2C1_ER_IRQHandler
                0x08000ad8                EXTI4_IRQHandler
                0x08000ad8                RNG_IRQHandler
                0x08000ad8                WWDG_IRQHandler
                0x08000ad8                TIM2_IRQHandler
                0x08000ad8                OTG_FS_WKUP_IRQHandler
                0x08000ad8                TIM1_TRG_COM_TIM11_IRQHandler
                0x08000ad8                EXTI1_IRQHandler
                0x08000ad8                USART2_IRQHandler
                0x08000ad8                DFSDM1_FLT0_IRQHandler
                0x08000ad8                I2C2_ER_IRQHandler
                0x08000ad8                DMA2_Stream1_IRQHandler
                0x08000ad8                CAN1_SCE_IRQHandler
                0x08000ad8                FLASH_IRQHandler
                0x08000ad8                DMA2_Stream4_IRQHandler
                0x08000ad8                USART1_IRQHandler
                0x08000ad8                OTG_FS_IRQHandler
                0x08000ad8                SPI3_IRQHandler
                0x08000ad8                DMA1_Stream4_IRQHandler
                0x08000ad8                I2C1_ER_IRQHandler
                0x08000ad8                DMA2_Stream6_IRQHandler
                0x08000ad8                DMA1_Stream3_IRQHandler
 *fill*         0x08000ada        0x2 
 .text.startup.main
                0x08000adc      0x154 Example/User/main.o
                0x08000adc                main
 .text.NMI_Handler
                0x08000c30        0x2 Example/User/stm32f4xx_it.o
                0x08000c30                NMI_Handler
 .text.HardFault_Handler
                0x08000c32        0x2 Example/User/stm32f4xx_it.o
                0x08000c32                HardFault_Handler
 .text.MemManage_Handler
                0x08000c34        0x2 Example/User/stm32f4xx_it.o
                0x08000c34                MemManage_Handler
 .text.BusFault_Handler
                0x08000c36        0x2 Example/User/stm32f4xx_it.o
                0x08000c36                BusFault_Handler
 .text.UsageFault_Handler
                0x08000c38        0x2 Example/User/stm32f4xx_it.o
                0x08000c38                UsageFault_Handler
 .text.SVC_Handler
                0x08000c3a        0x2 Example/User/stm32f4xx_it.o
                0x08000c3a                SVC_Handler
 .text.DebugMon_Handler
                0x08000c3c        0x2 Example/User/stm32f4xx_it.o
                0x08000c3c                DebugMon_Handler
 .text.PendSV_Handler
                0x08000c3e        0x2 Example/User/stm32f4xx_it.o
                0x08000c3e                PendSV_Handler
 .text.SysTick_Handler
                0x08000c40        0x4 Example/User/stm32f4xx_it.o
                0x08000c40                SysTick_Handler
 .text.__libc_init_array
                0x08000c44       0x4c c:/ac6/systemworkbench/plugins/fr.ac6.mcu.externaltools.arm-none.win32_1.7.0.201602121829/tools/compiler/bin/../lib/gcc/arm-none-eabi/5.2.1/../../../../arm-none-eabi/lib/armv7e-m/fpu\libc_nano.a(lib_a-init.o)
                0x08000c44                __libc_init_array
 *(.glue_7)
 .glue_7        0x08000c90        0x0 linker stubs
 *(.glue_7t)
 .glue_7t       0x08000c90        0x0 linker stubs
 *(.eh_frame)
 .eh_frame      0x08000c90        0x0 c:/ac6/systemworkbench/plugins/fr.ac6.mcu.externaltools.arm-none.win32_1.7.0.201602121829/tools/compiler/bin/../lib/gcc/arm-none-eabi/5.2.1/armv7e-m/fpu/crtbegin.o
 *(.init)
 .init          0x08000c90        0x4 c:/ac6/systemworkbench/plugins/fr.ac6.mcu.externaltools.arm-none.win32_1.7.0.201602121829/tools/compiler/bin/../lib/gcc/arm-none-eabi/5.2.1/armv7e-m/fpu/crti.o
                0x08000c90                _init
 .init          0x08000c94        0x8 c:/ac6/systemworkbench/plugins/fr.ac6.mcu.externaltools.arm-none.win32_1.7.0.201602121829/tools/compiler/bin/../lib/gcc/arm-none-eabi/5.2.1/armv7e-m/fpu/crtn.o
 *(.fini)
 .fini          0x08000c9c        0x4 c:/ac6/systemworkbench/plugins/fr.ac6.mcu.externaltools.arm-none.win32_1.7.0.201602121829/tools/compiler/bin/../lib/gcc/arm-none-eabi/5.2.1/armv7e-m/fpu/crti.o
                0x08000c9c                _fini
 .fini          0x08000ca0        0x8 c:/ac6/systemworkbench/plugins/fr.ac6.mcu.externaltools.arm-none.win32_1.7.0.201602121829/tools/compiler/bin/../lib/gcc/arm-none-eabi/5.2.1/armv7e-m/fpu/crtn.o
                0x08000ca8                . = ALIGN (0x4)
                0x08000ca8                _etext = .

.vfp11_veneer   0x08000ca8        0x0
 .vfp11_veneer  0x08000ca8        0x0 linker stubs

.v4_bx          0x08000ca8        0x0
 .v4_bx         0x08000ca8        0x0 linker stubs

.iplt           0x08000ca8        0x0
 .iplt          0x08000ca8        0x0 c:/ac6/systemworkbench/plugins/fr.ac6.mcu.externaltools.arm-none.win32_1.7.0.201602121829/tools/compiler/bin/../lib/gcc/arm-none-eabi/5.2.1/armv7e-m/fpu/crtbegin.o

.rodata         0x08000ca8       0x10
                0x08000ca8                . = ALIGN (0x4)
 *(.rodata)
 .rodata        0x08000ca8       0x10 Drivers/STM32F4xx_HAL_Driver/stm32f4xx_hal_rcc.o
                0x08000ca8                APBAHBPrescTable
 *(.rodata*)
                0x08000cb8                . = ALIGN (0x4)

.rel.dyn        0x08000cb8        0x0
 .rel.iplt      0x08000cb8        0x0 c:/ac6/systemworkbench/plugins/fr.ac6.mcu.externaltools.arm-none.win32_1.7.0.201602121829/tools/compiler/bin/../lib/gcc/arm-none-eabi/5.2.1/armv7e-m/fpu/crtbegin.o

.ARM.extab
 *(.ARM.extab* .gnu.linkonce.armextab.*)

.ARM            0x08000cb8        0x0
                0x08000cb8                __exidx_start = .
 *(.ARM.exidx*)
                0x08000cb8                __exidx_end = .

.preinit_array  0x08000cb8        0x0
                0x08000cb8                PROVIDE (__preinit_array_start, .)
 *(.preinit_array*)
                0x08000cb8                PROVIDE (__preinit_array_end, .)

.init_array     0x08000cb8        0x4
                0x08000cb8                PROVIDE (__init_array_start, .)
 *(SORT(.init_array.*))
 *(.init_array*)
 .init_array    0x08000cb8        0x4 c:/ac6/systemworkbench/plugins/fr.ac6.mcu.externaltools.arm-none.win32_1.7.0.201602121829/tools/compiler/bin/../lib/gcc/arm-none-eabi/5.2.1/armv7e-m/fpu/crtbegin.o
                0x08000cbc                PROVIDE (__init_array_end, .)

.fini_array     0x08000cbc        0x4
                [!provide]                PROVIDE (__fini_array_start, .)
 *(SORT(.fini_array.*))
 *(.fini_array*)
 .fini_array    0x08000cbc        0x4 c:/ac6/systemworkbench/plugins/fr.ac6.mcu.externaltools.arm-none.win32_1.7.0.201602121829/tools/compiler/bin/../lib/gcc/arm-none-eabi/5.2.1/armv7e-m/fpu/crtbegin.o
                [!provide]                PROVIDE (__fini_array_end, .)
                0x08000cc0                _sidata = LOADADDR (.data)

.data           0x20000000        0x4 load address 0x08000cc0
                0x20000000                . = ALIGN (0x4)
                0x20000000                _sdata = .
 *(.data)
 .data          0x20000000        0x4 Drivers/CMSIS/system_stm32f4xx.o
                0x20000000                SystemCoreClock
 *(.data*)
                0x20000004                . = ALIGN (0x4)
                0x20000004                _edata = .

.jcr            0x20000004        0x0 load address 0x08000cc4
 .jcr           0x20000004        0x0 c:/ac6/systemworkbench/plugins/fr.ac6.mcu.externaltools.arm-none.win32_1.7.0.201602121829/tools/compiler/bin/../lib/gcc/arm-none-eabi/5.2.1/armv7e-m/fpu/crtbegin.o

.tm_clone_table
                0x20000004        0x0 load address 0x08000cc4
 .tm_clone_table
                0x20000004        0x0 c:/ac6/systemworkbench/plugins/fr.ac6.mcu.externaltools.arm-none.win32_1.7.0.201602121829/tools/compiler/bin/../lib/gcc/arm-none-eabi/5.2.1/armv7e-m/fpu/crtbegin.o
 .tm_clone_table
                0x20000004        0x0 c:/ac6/systemworkbench/plugins/fr.ac6.mcu.externaltools.arm-none.win32_1.7.0.201602121829/tools/compiler/bin/../lib/gcc/arm-none-eabi/5.2.1/armv7e-m/fpu/crtend.o

.igot.plt       0x20000004        0x0 load address 0x08000cc4
 .igot.plt      0x20000004        0x0 c:/ac6/systemworkbench/plugins/fr.ac6.mcu.externaltools.arm-none.win32_1.7.0.201602121829/tools/compiler/bin/../lib/gcc/arm-none-eabi/5.2.1/armv7e-m/fpu/crtbegin.o
                0x20000004                . = ALIGN (0x4)

.bss            0x20000004       0x34 load address 0x08000cc4
                0x20000004                _sbss = .
                0x20000004                __bss_start__ = _sbss
 *(.bss)
 .bss           0x20000004       0x1c c:/ac6/systemworkbench/plugins/fr.ac6.mcu.externaltools.arm-none.win32_1.7.0.201602121829/tools/compiler/bin/../lib/gcc/arm-none-eabi/5.2.1/armv7e-m/fpu/crtbegin.o
 .bss           0x20000020       0x14 Example/User/main.o
 *(.bss*)
 *(COMMON)
 COMMON         0x20000034        0x4 Drivers/STM32F4xx_HAL_Driver/stm32f4xx_hal.o
                0x20000034                uwTick
                0x20000038                . = ALIGN (0x4)
                0x20000038                _ebss = .
                0x20000038                __bss_end__ = _ebss

._user_heap_stack
                0x20000038      0x600 load address 0x08000cc4
                0x20000038                . = ALIGN (0x8)
                [!provide]                PROVIDE (end, .)
                [!provide]                PROVIDE (_end, .)
                0x20000238                . = (. + _Min_Heap_Size)
 *fill*         0x20000038      0x200 
                0x20000638                . = (. + _Min_Stack_Size)
 *fill*         0x20000238      0x400 
                0x20000638                . = ALIGN (0x8)

/DISCARD/
 libc.a(*)
 libm.a(*)
 libgcc.a(*)

.ARM.attributes
                0x00000000       0x30
 *(.ARM.attributes)
 .ARM.attributes
                0x00000000       0x22 c:/ac6/systemworkbench/plugins/fr.ac6.mcu.externaltools.arm-none.win32_1.7.0.201602121829/tools/compiler/bin/../lib/gcc/arm-none-eabi/5.2.1/armv7e-m/fpu/crti.o
 .ARM.attributes
                0x00000022       0x34 c:/ac6/systemworkbench/plugins/fr.ac6.mcu.externaltools.arm-none.win32_1.7.0.201602121829/tools/compiler/bin/../lib/gcc/arm-none-eabi/5.2.1/armv7e-m/fpu/crtbegin.o
 .ARM.attributes
                0x00000056       0x39 Drivers/CMSIS/system_stm32f4xx.o
 .ARM.attributes
                0x0000008f       0x39 Drivers/STM32F4xx_HAL_Driver/stm32f4xx_hal.o
 .ARM.attributes
                0x000000c8       0x39 Drivers/STM32F4xx_HAL_Driver/stm32f4xx_hal_cortex.o
 .ARM.attributes
                0x00000101       0x39 Drivers/STM32F4xx_HAL_Driver/stm32f4xx_hal_gpio.o
 .ARM.attributes
                0x0000013a       0x39 Drivers/STM32F4xx_HAL_Driver/stm32f4xx_hal_rcc.o
 .ARM.attributes
                0x00000173       0x39 Drivers/STM32F4xx_HAL_Driver/stm32f4xx_hal_rcc_ex.o
 .ARM.attributes
                0x000001ac       0x21 Example/SW4STM32/startup_stm32f412zx.o
 .ARM.attributes
                0x000001cd       0x39 Example/User/main.o
 .ARM.attributes
                0x00000206       0x39 Example/User/stm32f4xx_it.o
 .ARM.attributes
                0x0000023f       0x34 c:/ac6/systemworkbench/plugins/fr.ac6.mcu.externaltools.arm-none.win32_1.7.0.201602121829/tools/compiler/bin/../lib/gcc/arm-none-eabi/5.2.1/../../../../arm-none-eabi/lib/armv7e-m/fpu\libc_nano.a(lib_a-init.o)
 .ARM.attributes
                0x00000273       0x34 c:/ac6/systemworkbench/plugins/fr.ac6.mcu.externaltools.arm-none.win32_1.7.0.201602121829/tools/compiler/bin/../lib/gcc/arm-none-eabi/5.2.1/armv7e-m/fpu/crtend.o
 .ARM.attributes
                0x000002a7       0x22 c:/ac6/systemworkbench/plugins/fr.ac6.mcu.externaltools.arm-none.win32_1.7.0.201602121829/tools/compiler/bin/../lib/gcc/arm-none-eabi/5.2.1/armv7e-m/fpu/crtn.o
OUTPUT(STM32412ZG_Nucleo.elf elf32-littlearm)

.debug_info     0x00000000     0x4625
 .debug_info    0x00000000      0x4e4 Drivers/CMSIS/system_stm32f4xx.o
 .debug_info    0x000004e4      0x902 Drivers/STM32F4xx_HAL_Driver/stm32f4xx_hal.o
 .debug_info    0x00000de6      0xe58 Drivers/STM32F4xx_HAL_Driver/stm32f4xx_hal_cortex.o
 .debug_info    0x00001c3e      0x76f Drivers/STM32F4xx_HAL_Driver/stm32f4xx_hal_gpio.o
 .debug_info    0x000023ad      0xcc2 Drivers/STM32F4xx_HAL_Driver/stm32f4xx_hal_rcc.o
 .debug_info    0x0000306f      0xb94 Drivers/STM32F4xx_HAL_Driver/stm32f4xx_hal_rcc_ex.o
 .debug_info    0x00003c03      0x145 Example/SW4STM32/startup_stm32f412zx.o
 .debug_info    0x00003d48      0x7ac Example/User/main.o
 .debug_info    0x000044f4      0x131 Example/User/stm32f4xx_it.o

.debug_abbrev   0x00000000     0x1055
 .debug_abbrev  0x00000000      0x104 Drivers/CMSIS/system_stm32f4xx.o
 .debug_abbrev  0x00000104      0x247 Drivers/STM32F4xx_HAL_Driver/stm32f4xx_hal.o
 .debug_abbrev  0x0000034b      0x332 Drivers/STM32F4xx_HAL_Driver/stm32f4xx_hal_cortex.o
 .debug_abbrev  0x0000067d      0x1cb Drivers/STM32F4xx_HAL_Driver/stm32f4xx_hal_gpio.o
 .debug_abbrev  0x00000848      0x321 Drivers/STM32F4xx_HAL_Driver/stm32f4xx_hal_rcc.o
 .debug_abbrev  0x00000b69      0x22f Drivers/STM32F4xx_HAL_Driver/stm32f4xx_hal_rcc_ex.o
 .debug_abbrev  0x00000d98       0x12 Example/SW4STM32/startup_stm32f412zx.o
 .debug_abbrev  0x00000daa      0x1e4 Example/User/main.o
 .debug_abbrev  0x00000f8e       0xc7 Example/User/stm32f4xx_it.o

.debug_loc      0x00000000     0x1366
 .debug_loc     0x00000000       0xd7 Drivers/CMSIS/system_stm32f4xx.o
 .debug_loc     0x000000d7       0x92 Drivers/STM32F4xx_HAL_Driver/stm32f4xx_hal.o
 .debug_loc     0x00000169      0x4ab Drivers/STM32F4xx_HAL_Driver/stm32f4xx_hal_cortex.o
 .debug_loc     0x00000614      0x374 Drivers/STM32F4xx_HAL_Driver/stm32f4xx_hal_gpio.o
 .debug_loc     0x00000988      0x49b Drivers/STM32F4xx_HAL_Driver/stm32f4xx_hal_rcc.o
 .debug_loc     0x00000e23      0x4b9 Drivers/STM32F4xx_HAL_Driver/stm32f4xx_hal_rcc_ex.o
 .debug_loc     0x000012dc       0x8a Example/User/main.o

.debug_aranges  0x00000000      0x328
 .debug_aranges
                0x00000000       0x28 Drivers/CMSIS/system_stm32f4xx.o
 .debug_aranges
                0x00000028       0xb8 Drivers/STM32F4xx_HAL_Driver/stm32f4xx_hal.o
 .debug_aranges
                0x000000e0       0x98 Drivers/STM32F4xx_HAL_Driver/stm32f4xx_hal_cortex.o
 .debug_aranges
                0x00000178       0x58 Drivers/STM32F4xx_HAL_Driver/stm32f4xx_hal_gpio.o
 .debug_aranges
                0x000001d0       0x80 Drivers/STM32F4xx_HAL_Driver/stm32f4xx_hal_rcc.o
 .debug_aranges
                0x00000250       0x48 Drivers/STM32F4xx_HAL_Driver/stm32f4xx_hal_rcc_ex.o
 .debug_aranges
                0x00000298       0x28 Example/SW4STM32/startup_stm32f412zx.o
 .debug_aranges
                0x000002c0       0x20 Example/User/main.o
 .debug_aranges
                0x000002e0       0x48 Example/User/stm32f4xx_it.o

.debug_ranges   0x00000000      0x5d0
 .debug_ranges  0x00000000       0x18 Drivers/CMSIS/system_stm32f4xx.o
 .debug_ranges  0x00000018       0xa8 Drivers/STM32F4xx_HAL_Driver/stm32f4xx_hal.o
 .debug_ranges  0x000000c0      0x148 Drivers/STM32F4xx_HAL_Driver/stm32f4xx_hal_cortex.o
 .debug_ranges  0x00000208       0x70 Drivers/STM32F4xx_HAL_Driver/stm32f4xx_hal_gpio.o
 .debug_ranges  0x00000278      0x150 Drivers/STM32F4xx_HAL_Driver/stm32f4xx_hal_rcc.o
 .debug_ranges  0x000003c8      0x140 Drivers/STM32F4xx_HAL_Driver/stm32f4xx_hal_rcc_ex.o
 .debug_ranges  0x00000508       0x20 Example/SW4STM32/startup_stm32f412zx.o
 .debug_ranges  0x00000528       0x70 Example/User/main.o
 .debug_ranges  0x00000598       0x38 Example/User/stm32f4xx_it.o

.debug_macro    0x00000000     0x16b8
 .debug_macro   0x00000000      0x298 Drivers/CMSIS/system_stm32f4xx.o
 .debug_macro   0x00000298      0x2e0 Drivers/STM32F4xx_HAL_Driver/stm32f4xx_hal.o
 .debug_macro   0x00000578      0x292 Drivers/STM32F4xx_HAL_Driver/stm32f4xx_hal_cortex.o
 .debug_macro   0x0000080a      0x2ca Drivers/STM32F4xx_HAL_Driver/stm32f4xx_hal_gpio.o
 .debug_macro   0x00000ad4      0x2bc Drivers/STM32F4xx_HAL_Driver/stm32f4xx_hal_rcc.o
 .debug_macro   0x00000d90      0x292 Drivers/STM32F4xx_HAL_Driver/stm32f4xx_hal_rcc_ex.o
 .debug_macro   0x00001022      0x2a5 Example/User/main.o
 .debug_macro   0x000012c7      0x142 Example/User/main.o
 .debug_macro   0x00001409      0x2af Example/User/stm32f4xx_it.o

.debug_line     0x00000000     0x4bd6
 .debug_line    0x00000000      0x802 Drivers/CMSIS/system_stm32f4xx.o
 .debug_line    0x00000802      0x92b Drivers/STM32F4xx_HAL_Driver/stm32f4xx_hal.o
 .debug_line    0x0000112d      0x99f Drivers/STM32F4xx_HAL_Driver/stm32f4xx_hal_cortex.o
 .debug_line    0x00001acc      0x96c Drivers/STM32F4xx_HAL_Driver/stm32f4xx_hal_gpio.o
 .debug_line    0x00002438      0xaac Drivers/STM32F4xx_HAL_Driver/stm32f4xx_hal_rcc.o
 .debug_line    0x00002ee4      0xac3 Drivers/STM32F4xx_HAL_Driver/stm32f4xx_hal_rcc_ex.o
 .debug_line    0x000039a7       0xed Example/SW4STM32/startup_stm32f412zx.o
 .debug_line    0x00003a94      0x895 Example/User/main.o
 .debug_line    0x00004329      0x8ad Example/User/stm32f4xx_it.o

.debug_str      0x00000000    0x60158
 .debug_str     0x00000000    0x5e190 Drivers/CMSIS/system_stm32f4xx.o
                              0x5e447 (size before relaxing)
 .debug_str     0x0005e190      0x9ce Drivers/STM32F4xx_HAL_Driver/stm32f4xx_hal.o
                              0x5edda (size before relaxing)
 .debug_str     0x0005eb5e      0x370 Drivers/STM32F4xx_HAL_Driver/stm32f4xx_hal_cortex.o
                              0x5ec21 (size before relaxing)
 .debug_str     0x0005eece      0x327 Drivers/STM32F4xx_HAL_Driver/stm32f4xx_hal_gpio.o
                              0x5e695 (size before relaxing)
 .debug_str     0x0005f1f5      0x3b7 Drivers/STM32F4xx_HAL_Driver/stm32f4xx_hal_rcc.o
                              0x5e829 (size before relaxing)
 .debug_str     0x0005f5ac      0x205 Drivers/STM32F4xx_HAL_Driver/stm32f4xx_hal_rcc_ex.o
                              0x5e6a3 (size before relaxing)
 .debug_str     0x0005f7b1      0x8ab Example/User/main.o
                              0x5ede1 (size before relaxing)
 .debug_str     0x0006005c       0xfc Example/User/stm32f4xx_it.o
                              0x5ead7 (size before relaxing)

.comment        0x00000000       0x6e
 .comment       0x00000000       0x6e Drivers/CMSIS/system_stm32f4xx.o
                                 0x6f (size before relaxing)
 .comment       0x0000006e       0x6f Drivers/STM32F4xx_HAL_Driver/stm32f4xx_hal.o
 .comment       0x0000006e       0x6f Drivers/STM32F4xx_HAL_Driver/stm32f4xx_hal_cortex.o
 .comment       0x0000006e       0x6f Drivers/STM32F4xx_HAL_Driver/stm32f4xx_hal_gpio.o
 .comment       0x0000006e       0x6f Drivers/STM32F4xx_HAL_Driver/stm32f4xx_hal_rcc.o
 .comment       0x0000006e       0x6f Drivers/STM32F4xx_HAL_Driver/stm32f4xx_hal_rcc_ex.o
 .comment       0x0000006e       0x6f Example/User/main.o
 .comment       0x0000006e       0x6f Example/User/stm32f4xx_it.o

.debug_frame    0x00000000      0x698
 .debug_frame   0x00000000       0x30 Drivers/CMSIS/system_stm32f4xx.o
 .debug_frame   0x00000030      0x184 Drivers/STM32F4xx_HAL_Driver/stm32f4xx_hal.o
 .debug_frame   0x000001b4      0x130 Drivers/STM32F4xx_HAL_Driver/stm32f4xx_hal_cortex.o
 .debug_frame   0x000002e4       0xd4 Drivers/STM32F4xx_HAL_Driver/stm32f4xx_hal_gpio.o
 .debug_frame   0x000003b8      0x138 Drivers/STM32F4xx_HAL_Driver/stm32f4xx_hal_rcc.o
 .debug_frame   0x000004f0       0xa8 Drivers/STM32F4xx_HAL_Driver/stm32f4xx_hal_rcc_ex.o
 .debug_frame   0x00000598       0x34 Example/User/main.o
 .debug_frame   0x000005cc       0xa0 Example/User/stm32f4xx_it.o
 .debug_frame   0x0000066c       0x2c c:/ac6/systemworkbench/plugins/fr.ac6.mcu.externaltools.arm-none.win32_1.7.0.201602121829/tools/compiler/bin/../lib/gcc/arm-none-eabi/5.2.1/../../../../arm-none-eabi/lib/armv7e-m/fpu\libc_nano.a(lib_a-init.o)
