Archive member included to satisfy reference by file (symbol)

c:/ac6/systemworkbench/plugins/fr.ac6.mcu.externaltools.arm-none.win32_1.7.0.201602121829/tools/compiler/bin/../lib/gcc/arm-none-eabi/5.2.1/../../../../arm-none-eabi/lib/armv7e-m/fpu\libc_nano.a(lib_a-exit.o)
                              c:/ac6/systemworkbench/plugins/fr.ac6.mcu.externaltools.arm-none.win32_1.7.0.201602121829/tools/compiler/bin/../lib/gcc/arm-none-eabi/5.2.1/../../../../arm-none-eabi/lib/armv7e-m/fpu/crt0.o (exit)
c:/ac6/systemworkbench/plugins/fr.ac6.mcu.externaltools.arm-none.win32_1.7.0.201602121829/tools/compiler/bin/../lib/gcc/arm-none-eabi/5.2.1/../../../../arm-none-eabi/lib/armv7e-m/fpu\libc_nano.a(lib_a-impure.o)
                              c:/ac6/systemworkbench/plugins/fr.ac6.mcu.externaltools.arm-none.win32_1.7.0.201602121829/tools/compiler/bin/../lib/gcc/arm-none-eabi/5.2.1/../../../../arm-none-eabi/lib/armv7e-m/fpu\libc_nano.a(lib_a-exit.o) (_global_impure_ptr)
c:/ac6/systemworkbench/plugins/fr.ac6.mcu.externaltools.arm-none.win32_1.7.0.201602121829/tools/compiler/bin/../lib/gcc/arm-none-eabi/5.2.1/../../../../arm-none-eabi/lib/armv7e-m/fpu\libc_nano.a(lib_a-init.o)
                              c:/ac6/systemworkbench/plugins/fr.ac6.mcu.externaltools.arm-none.win32_1.7.0.201602121829/tools/compiler/bin/../lib/gcc/arm-none-eabi/5.2.1/../../../../arm-none-eabi/lib/armv7e-m/fpu/crt0.o (__libc_init_array)
c:/ac6/systemworkbench/plugins/fr.ac6.mcu.externaltools.arm-none.win32_1.7.0.201602121829/tools/compiler/bin/../lib/gcc/arm-none-eabi/5.2.1/../../../../arm-none-eabi/lib/armv7e-m/fpu\libc_nano.a(lib_a-memset.o)
                              c:/ac6/systemworkbench/plugins/fr.ac6.mcu.externaltools.arm-none.win32_1.7.0.201602121829/tools/compiler/bin/../lib/gcc/arm-none-eabi/5.2.1/../../../../arm-none-eabi/lib/armv7e-m/fpu/crt0.o (memset)
c:/ac6/systemworkbench/plugins/fr.ac6.mcu.externaltools.arm-none.win32_1.7.0.201602121829/tools/compiler/bin/../lib/gcc/arm-none-eabi/5.2.1/../../../../arm-none-eabi/lib/armv7e-m/fpu\libnosys.a(_exit.o)
                              c:/ac6/systemworkbench/plugins/fr.ac6.mcu.externaltools.arm-none.win32_1.7.0.201602121829/tools/compiler/bin/../lib/gcc/arm-none-eabi/5.2.1/../../../../arm-none-eabi/lib/armv7e-m/fpu\libc_nano.a(lib_a-exit.o) (_exit)

Allocating common symbols
Common symbol       size              file

uwTick              0x4               Drivers/STM32F4xx_HAL_Driver/stm32f4xx_hal.o
AdcHandle           0x48              Example/User/main.o

Discarded input sections

 .text          0x00000000        0x0 c:/ac6/systemworkbench/plugins/fr.ac6.mcu.externaltools.arm-none.win32_1.7.0.201602121829/tools/compiler/bin/../lib/gcc/arm-none-eabi/5.2.1/armv7e-m/fpu/crti.o
 .data          0x00000000        0x0 c:/ac6/systemworkbench/plugins/fr.ac6.mcu.externaltools.arm-none.win32_1.7.0.201602121829/tools/compiler/bin/../lib/gcc/arm-none-eabi/5.2.1/armv7e-m/fpu/crti.o
 .bss           0x00000000        0x0 c:/ac6/systemworkbench/plugins/fr.ac6.mcu.externaltools.arm-none.win32_1.7.0.201602121829/tools/compiler/bin/../lib/gcc/arm-none-eabi/5.2.1/armv7e-m/fpu/crti.o
 .data          0x00000000        0x4 c:/ac6/systemworkbench/plugins/fr.ac6.mcu.externaltools.arm-none.win32_1.7.0.201602121829/tools/compiler/bin/../lib/gcc/arm-none-eabi/5.2.1/armv7e-m/fpu/crtbegin.o
 .text          0x00000000       0x74 c:/ac6/systemworkbench/plugins/fr.ac6.mcu.externaltools.arm-none.win32_1.7.0.201602121829/tools/compiler/bin/../lib/gcc/arm-none-eabi/5.2.1/../../../../arm-none-eabi/lib/armv7e-m/fpu/crt0.o
 .data          0x00000000        0x0 c:/ac6/systemworkbench/plugins/fr.ac6.mcu.externaltools.arm-none.win32_1.7.0.201602121829/tools/compiler/bin/../lib/gcc/arm-none-eabi/5.2.1/../../../../arm-none-eabi/lib/armv7e-m/fpu/crt0.o
 .bss           0x00000000        0x0 c:/ac6/systemworkbench/plugins/fr.ac6.mcu.externaltools.arm-none.win32_1.7.0.201602121829/tools/compiler/bin/../lib/gcc/arm-none-eabi/5.2.1/../../../../arm-none-eabi/lib/armv7e-m/fpu/crt0.o
 .ARM.extab     0x00000000        0x0 c:/ac6/systemworkbench/plugins/fr.ac6.mcu.externaltools.arm-none.win32_1.7.0.201602121829/tools/compiler/bin/../lib/gcc/arm-none-eabi/5.2.1/../../../../arm-none-eabi/lib/armv7e-m/fpu/crt0.o
 .ARM.exidx     0x00000000        0x8 c:/ac6/systemworkbench/plugins/fr.ac6.mcu.externaltools.arm-none.win32_1.7.0.201602121829/tools/compiler/bin/../lib/gcc/arm-none-eabi/5.2.1/../../../../arm-none-eabi/lib/armv7e-m/fpu/crt0.o
 .ARM.attributes
                0x00000000       0x20 c:/ac6/systemworkbench/plugins/fr.ac6.mcu.externaltools.arm-none.win32_1.7.0.201602121829/tools/compiler/bin/../lib/gcc/arm-none-eabi/5.2.1/../../../../arm-none-eabi/lib/armv7e-m/fpu/crt0.o
 .group         0x00000000        0x8 Drivers/BSP/STM32412ZG_Nucleo/stm32f4xx_nucleo_144.o
 .group         0x00000000        0x8 Drivers/BSP/STM32412ZG_Nucleo/stm32f4xx_nucleo_144.o
[...]
Memory Configuration

Name             Origin             Length             Attributes
FLASH            0x08000000         0x00100000         xr
RAM              0x20000000         0x00040000         xrw
*default*        0x00000000         0xffffffff

Linker script and memory map

LOAD c:/ac6/systemworkbench/plugins/fr.ac6.mcu.externaltools.arm-none.win32_1.7.0.201602121829/tools/compiler/bin/../lib/gcc/arm-none-eabi/5.2.1/armv7e-m/fpu/crti.o
LOAD c:/ac6/systemworkbench/plugins/fr.ac6.mcu.externaltools.arm-none.win32_1.7.0.201602121829/tools/compiler/bin/../lib/gcc/arm-none-eabi/5.2.1/armv7e-m/fpu/crtbegin.o
LOAD c:/ac6/systemworkbench/plugins/fr.ac6.mcu.externaltools.arm-none.win32_1.7.0.201602121829/tools/compiler/bin/../lib/gcc/arm-none-eabi/5.2.1/../../../../arm-none-eabi/lib/armv7e-m/fpu/crt0.o
LOAD c:/ac6/systemworkbench/plugins/fr.ac6.mcu.externaltools.arm-none.win32_1.7.0.201602121829/tools/compiler/bin/../lib/gcc/arm-none-eabi/5.2.1/../../../../arm-none-eabi/lib/armv7e-m/fpu\libm.a
LOAD Drivers/BSP/STM32412ZG_Nucleo/stm32f4xx_nucleo_144.o
LOAD Drivers/CMSIS/system_stm32f4xx.o
LOAD Drivers/STM32F4xx_HAL_Driver/stm32f4xx_hal.o
LOAD Drivers/STM32F4xx_HAL_Driver/stm32f4xx_hal_adc.o
LOAD Drivers/STM32F4xx_HAL_Driver/stm32f4xx_hal_adc_ex.o
LOAD Drivers/STM32F4xx_HAL_Driver/stm32f4xx_hal_cortex.o
LOAD Drivers/STM32F4xx_HAL_Driver/stm32f4xx_hal_dma.o
LOAD Drivers/STM32F4xx_HAL_Driver/stm32f4xx_hal_dma_ex.o
LOAD Drivers/STM32F4xx_HAL_Driver/stm32f4xx_hal_gpio.o
LOAD Drivers/STM32F4xx_HAL_Driver/stm32f4xx_hal_rcc.o
LOAD Drivers/STM32F4xx_HAL_Driver/stm32f4xx_hal_rcc_ex.o
LOAD Drivers/STM32F4xx_HAL_Driver/stm32f4xx_hal_uart.o
LOAD Example/SW4STM32/startup_stm32f412zx.o
LOAD Example/User/main.o
LOAD Example/User/stm32f4xx_hal_msp.o
LOAD Example/User/stm32f4xx_it.o
START GROUP
LOAD c:/ac6/systemworkbench/plugins/fr.ac6.mcu.externaltools.arm-none.win32_1.7.0.201602121829/tools/compiler/bin/../lib/gcc/arm-none-eabi/5.2.1/armv7e-m/fpu\libgcc.a
LOAD c:/ac6/systemworkbench/plugins/fr.ac6.mcu.externaltools.arm-none.win32_1.7.0.201602121829/tools/compiler/bin/../lib/gcc/arm-none-eabi/5.2.1/../../../../arm-none-eabi/lib/armv7e-m/fpu\libc_nano.a
END GROUP
START GROUP
LOAD c:/ac6/systemworkbench/plugins/fr.ac6.mcu.externaltools.arm-none.win32_1.7.0.201602121829/tools/compiler/bin/../lib/gcc/arm-none-eabi/5.2.1/armv7e-m/fpu\libgcc.a
LOAD c:/ac6/systemworkbench/plugins/fr.ac6.mcu.externaltools.arm-none.win32_1.7.0.201602121829/tools/compiler/bin/../lib/gcc/arm-none-eabi/5.2.1/../../../../arm-none-eabi/lib/armv7e-m/fpu\libc_nano.a
LOAD c:/ac6/systemworkbench/plugins/fr.ac6.mcu.externaltools.arm-none.win32_1.7.0.201602121829/tools/compiler/bin/../lib/gcc/arm-none-eabi/5.2.1/../../../../arm-none-eabi/lib/armv7e-m/fpu\libnosys.a
END GROUP
START GROUP
LOAD c:/ac6/systemworkbench/plugins/fr.ac6.mcu.externaltools.arm-none.win32_1.7.0.201602121829/tools/compiler/bin/../lib/gcc/arm-none-eabi/5.2.1/armv7e-m/fpu\libgcc.a
LOAD c:/ac6/systemworkbench/plugins/fr.ac6.mcu.externaltools.arm-none.win32_1.7.0.201602121829/tools/compiler/bin/../lib/gcc/arm-none-eabi/5.2.1/../../../../arm-none-eabi/lib/armv7e-m/fpu\libc_nano.a
LOAD c:/ac6/systemworkbench/plugins/fr.ac6.mcu.externaltools.arm-none.win32_1.7.0.201602121829/tools/compiler/bin/../lib/gcc/arm-none-eabi/5.2.1/../../../../arm-none-eabi/lib/armv7e-m/fpu\libnosys.a
END GROUP
LOAD c:/ac6/systemworkbench/plugins/fr.ac6.mcu.externaltools.arm-none.win32_1.7.0.201602121829/tools/compiler/bin/../lib/gcc/arm-none-eabi/5.2.1/armv7e-m/fpu/crtend.o
LOAD c:/ac6/systemworkbench/plugins/fr.ac6.mcu.externaltools.arm-none.win32_1.7.0.201602121829/tools/compiler/bin/../lib/gcc/arm-none-eabi/5.2.1/armv7e-m/fpu/crtn.o
                0x20040000                _estack = 0x20040000
                0x00000200                _Min_Heap_Size = 0x200
                0x00000400                _Min_Stack_Size = 0x400

.isr_vector     0x08000000      0x1c4
                0x08000000                . = ALIGN (0x4)
 *(.isr_vector)
 .isr_vector    0x08000000      0x1c4 Example/SW4STM32/startup_stm32f412zx.o
                0x08000000                g_pfnVectors
                0x080001c4                . = ALIGN (0x4)

.text           0x080001c4     0x10d8
                0x080001c4                . = ALIGN (0x4)
 *(.text)
 .text          0x080001c4       0xa4 c:/ac6/systemworkbench/plugins/fr.ac6.mcu.externaltools.arm-none.win32_1.7.0.201602121829/tools/compiler/bin/../lib/gcc/arm-none-eabi/5.2.1/armv7e-m/fpu/crtbegin.o
 *(.text*)
 .text.BSP_LED_Init
                0x08000268       0x74 Drivers/BSP/STM32412ZG_Nucleo/stm32f4xx_nucleo_144.o
                0x08000268                BSP_LED_Init
 .text.BSP_LED_On
                0x080002dc       0x1c Drivers/BSP/STM32412ZG_Nucleo/stm32f4xx_nucleo_144.o
                0x080002dc                BSP_LED_On
 .text.SystemInit
                0x080002f8       0x4c Drivers/CMSIS/system_stm32f4xx.o
                0x080002f8                SystemInit
 .text.HAL_MspInit
                0x08000344        0x2 Drivers/STM32F4xx_HAL_Driver/stm32f4xx_hal.o
                0x08000344                HAL_MspInit
 *fill*         0x08000346        0x2 
 .text.HAL_InitTick
                0x08000348       0x28 Drivers/STM32F4xx_HAL_Driver/stm32f4xx_hal.o
                0x08000348                HAL_InitTick
 .text.HAL_Init
                0x08000370       0x34 Drivers/STM32F4xx_HAL_Driver/stm32f4xx_hal.o
                0x08000370                HAL_Init
 .text.HAL_IncTick
                0x080003a4       0x10 Drivers/STM32F4xx_HAL_Driver/stm32f4xx_hal.o
                0x080003a4                HAL_IncTick
 .text.HAL_GetTick
                0x080003b4        0xc Drivers/STM32F4xx_HAL_Driver/stm32f4xx_hal.o
                0x080003b4                HAL_GetTick
 .text.HAL_Delay
                0x080003c0       0x1a Drivers/STM32F4xx_HAL_Driver/stm32f4xx_hal.o
                0x080003c0                HAL_Delay
 *fill*         0x080003da        0x2 
 .text.HAL_ADC_Init
                0x080003dc      0x154 Drivers/STM32F4xx_HAL_Driver/stm32f4xx_hal_adc.o
                0x080003dc                HAL_ADC_Init
 .text.HAL_ADC_Start_IT
                0x08000530       0xcc Drivers/STM32F4xx_HAL_Driver/stm32f4xx_hal_adc.o
                0x08000530                HAL_ADC_Start_IT
 .text.HAL_ADC_GetValue
                0x080005fc        0x6 Drivers/STM32F4xx_HAL_Driver/stm32f4xx_hal_adc.o
                0x080005fc                HAL_ADC_GetValue
 .text.HAL_ADC_LevelOutOfWindowCallback
                0x08000602        0x2 Drivers/STM32F4xx_HAL_Driver/stm32f4xx_hal_adc.o
                0x08000602                HAL_ADC_LevelOutOfWindowCallback
 .text.HAL_ADC_ErrorCallback
                0x08000604        0x2 Drivers/STM32F4xx_HAL_Driver/stm32f4xx_hal_adc.o
                0x08000604                HAL_ADC_ErrorCallback
 .text.HAL_ADC_IRQHandler
                0x08000606      0x128 Drivers/STM32F4xx_HAL_Driver/stm32f4xx_hal_adc.o
                0x08000606                HAL_ADC_IRQHandler
 *fill*         0x0800072e        0x2 
 .text.HAL_ADC_ConfigChannel
                0x08000730      0x12c Drivers/STM32F4xx_HAL_Driver/stm32f4xx_hal_adc.o
                0x08000730                HAL_ADC_ConfigChannel
 .text.HAL_ADCEx_InjectedConvCpltCallback
                0x0800085c        0x2 Drivers/STM32F4xx_HAL_Driver/stm32f4xx_hal_adc_ex.o
                0x0800085c                HAL_ADCEx_InjectedConvCpltCallback
 *fill*         0x0800085e        0x2 
 .text.HAL_NVIC_SetPriorityGrouping
                0x08000860       0x24 Drivers/STM32F4xx_HAL_Driver/stm32f4xx_hal_cortex.o
                0x08000860                HAL_NVIC_SetPriorityGrouping
 .text.HAL_NVIC_SetPriority
                0x08000884       0x68 Drivers/STM32F4xx_HAL_Driver/stm32f4xx_hal_cortex.o
                0x08000884                HAL_NVIC_SetPriority
 .text.HAL_NVIC_EnableIRQ
                0x080008ec       0x18 Drivers/STM32F4xx_HAL_Driver/stm32f4xx_hal_cortex.o
                0x080008ec                HAL_NVIC_EnableIRQ
 .text.HAL_SYSTICK_Config
                0x08000904       0x2c Drivers/STM32F4xx_HAL_Driver/stm32f4xx_hal_cortex.o
                0x08000904                HAL_SYSTICK_Config
 .text.HAL_GPIO_Init
                0x08000930      0x1b4 Drivers/STM32F4xx_HAL_Driver/stm32f4xx_hal_gpio.o
                0x08000930                HAL_GPIO_Init
 .text.HAL_GPIO_WritePin
                0x08000ae4        0x8 Drivers/STM32F4xx_HAL_Driver/stm32f4xx_hal_gpio.o
                0x08000ae4                HAL_GPIO_WritePin
 .text.HAL_GPIO_TogglePin
                0x08000aec        0x8 Drivers/STM32F4xx_HAL_Driver/stm32f4xx_hal_gpio.o
                0x08000aec                HAL_GPIO_TogglePin
 .text.HAL_RCC_GetSysClockFreq
                0x08000af4       0x7c Drivers/STM32F4xx_HAL_Driver/stm32f4xx_hal_rcc.o
                0x08000af4                HAL_RCC_GetSysClockFreq
 .text.HAL_RCC_ClockConfig
                0x08000b70      0x168 Drivers/STM32F4xx_HAL_Driver/stm32f4xx_hal_rcc.o
                0x08000b70                HAL_RCC_ClockConfig
 .text.HAL_RCC_OscConfig
                0x08000cd8      0x2e4 Drivers/STM32F4xx_HAL_Driver/stm32f4xx_hal_rcc_ex.o
                0x08000cd8                HAL_RCC_OscConfig
 .text.Reset_Handler
                0x08000fbc       0x50 Example/SW4STM32/startup_stm32f412zx.o
                0x08000fbc                Reset_Handler
 .text.Default_Handler
                0x0800100c        0x2 Example/SW4STM32/startup_stm32f412zx.o
                0x0800100c                RTC_Alarm_IRQHandler
                0x0800100c                EXTI2_IRQHandler
                0x0800100c                TIM8_CC_IRQHandler
                0x0800100c                FMPI2C1_EV_IRQHandler
                0x0800100c                SPI4_IRQHandler
                0x0800100c                TIM1_CC_IRQHandler
                0x0800100c                DMA2_Stream5_IRQHandler
                0x0800100c                DMA1_Stream5_IRQHandler
                0x0800100c                TIM6_IRQHandler
                0x0800100c                PVD_IRQHandler
                0x0800100c                SDIO_IRQHandler
                0x0800100c                TAMP_STAMP_IRQHandler
                0x0800100c                CAN2_RX1_IRQHandler
                0x0800100c                EXTI3_IRQHandler
                0x0800100c                TIM8_TRG_COM_TIM14_IRQHandler
                0x0800100c                DFSDM1_FLT1_IRQHandler
                0x0800100c                TIM1_UP_TIM10_IRQHandler
                0x0800100c                TIM8_UP_TIM13_IRQHandler
                0x0800100c                I2C3_ER_IRQHandler
                0x0800100c                EXTI0_IRQHandler
                0x0800100c                I2C2_EV_IRQHandler
                0x0800100c                DMA1_Stream2_IRQHandler
                0x0800100c                CAN1_RX0_IRQHandler
                0x0800100c                FPU_IRQHandler
                0x0800100c                CAN2_SCE_IRQHandler
                0x0800100c                DMA2_Stream2_IRQHandler
                0x0800100c                SPI1_IRQHandler
                0x0800100c                TIM1_BRK_TIM9_IRQHandler
                0x0800100c                CAN2_RX0_IRQHandler
                0x0800100c                DMA2_Stream3_IRQHandler
                0x0800100c                USART6_IRQHandler
                0x0800100c                USART3_IRQHandler
                0x0800100c                CAN1_RX1_IRQHandler
                0x0800100c                DMA2_Stream0_IRQHandler
                0x0800100c                TIM4_IRQHandler
                0x0800100c                QUADSPI_IRQHandler
                0x0800100c                I2C1_EV_IRQHandler
                0x0800100c                DMA1_Stream6_IRQHandler
                0x0800100c                DMA1_Stream1_IRQHandler
                0x0800100c                TIM3_IRQHandler
                0x0800100c                RCC_IRQHandler
                0x0800100c                TIM8_BRK_TIM12_IRQHandler
                0x0800100c                Default_Handler
                0x0800100c                EXTI15_10_IRQHandler
                0x0800100c                DMA1_Stream7_IRQHandler
                0x0800100c                SPI5_IRQHandler
                0x0800100c                TIM7_IRQHandler
                0x0800100c                CAN2_TX_IRQHandler
                0x0800100c                TIM5_IRQHandler
                0x0800100c                DMA2_Stream7_IRQHandler
                0x0800100c                I2C3_EV_IRQHandler
                0x0800100c                EXTI9_5_IRQHandler
                0x0800100c                RTC_WKUP_IRQHandler
                0x0800100c                SPI2_IRQHandler
                0x0800100c                DMA1_Stream0_IRQHandler
                0x0800100c                CAN1_TX_IRQHandler
                0x0800100c                FMPI2C1_ER_IRQHandler
                0x0800100c                EXTI4_IRQHandler
                0x0800100c                RNG_IRQHandler
                0x0800100c                WWDG_IRQHandler
                0x0800100c                TIM2_IRQHandler
                0x0800100c                OTG_FS_WKUP_IRQHandler
                0x0800100c                TIM1_TRG_COM_TIM11_IRQHandler
                0x0800100c                EXTI1_IRQHandler
                0x0800100c                USART2_IRQHandler
                0x0800100c                DFSDM1_FLT0_IRQHandler
                0x0800100c                I2C2_ER_IRQHandler
                0x0800100c                DMA2_Stream1_IRQHandler
                0x0800100c                CAN1_SCE_IRQHandler
                0x0800100c                FLASH_IRQHandler
                0x0800100c                DMA2_Stream4_IRQHandler
                0x0800100c                USART1_IRQHandler
                0x0800100c                OTG_FS_IRQHandler
                0x0800100c                SPI3_IRQHandler
                0x0800100c                DMA1_Stream4_IRQHandler
                0x0800100c                I2C1_ER_IRQHandler
                0x0800100c                DMA2_Stream6_IRQHandler
                0x0800100c                DMA1_Stream3_IRQHandler
 *fill*         0x0800100e        0x2 
 .text.startup.main
                0x08001010      0x194 Example/User/main.o
                0x08001010                main
 .text.HAL_ADC_ConvCpltCallback
                0x080011a4       0x14 Example/User/main.o
                0x080011a4                HAL_ADC_ConvCpltCallback
 .text.HAL_ADC_MspInit
                0x080011b8       0x60 Example/User/stm32f4xx_hal_msp.o
                0x080011b8                HAL_ADC_MspInit
 .text.NMI_Handler
                0x08001218        0x2 Example/User/stm32f4xx_it.o
                0x08001218                NMI_Handler
 .text.HardFault_Handler
                0x0800121a        0x2 Example/User/stm32f4xx_it.o
                0x0800121a                HardFault_Handler
 .text.MemManage_Handler
                0x0800121c        0x2 Example/User/stm32f4xx_it.o
                0x0800121c                MemManage_Handler
 .text.BusFault_Handler
                0x0800121e        0x2 Example/User/stm32f4xx_it.o
                0x0800121e                BusFault_Handler
 .text.UsageFault_Handler
                0x08001220        0x2 Example/User/stm32f4xx_it.o
                0x08001220                UsageFault_Handler
 .text.SVC_Handler
                0x08001222        0x2 Example/User/stm32f4xx_it.o
                0x08001222                SVC_Handler
 .text.DebugMon_Handler
                0x08001224        0x2 Example/User/stm32f4xx_it.o
                0x08001224                DebugMon_Handler
 .text.PendSV_Handler
                0x08001226        0x2 Example/User/stm32f4xx_it.o
                0x08001226                PendSV_Handler
 .text.SysTick_Handler
                0x08001228        0x4 Example/User/stm32f4xx_it.o
                0x08001228                SysTick_Handler
 .text.ADC_IRQHandler
                0x0800122c        0xc Example/User/stm32f4xx_it.o
                0x0800122c                ADC_IRQHandler
 .text.__libc_init_array
                0x08001238       0x4c c:/ac6/systemworkbench/plugins/fr.ac6.mcu.externaltools.arm-none.win32_1.7.0.201602121829/tools/compiler/bin/../lib/gcc/arm-none-eabi/5.2.1/../../../../arm-none-eabi/lib/armv7e-m/fpu\libc_nano.a(lib_a-init.o)
                0x08001238                __libc_init_array
 *(.glue_7)
 .glue_7        0x08001284        0x0 linker stubs
 *(.glue_7t)
 .glue_7t       0x08001284        0x0 linker stubs
 *(.eh_frame)
 .eh_frame      0x08001284        0x0 c:/ac6/systemworkbench/plugins/fr.ac6.mcu.externaltools.arm-none.win32_1.7.0.201602121829/tools/compiler/bin/../lib/gcc/arm-none-eabi/5.2.1/armv7e-m/fpu/crtbegin.o
 *(.init)
 .init          0x08001284        0x4 c:/ac6/systemworkbench/plugins/fr.ac6.mcu.externaltools.arm-none.win32_1.7.0.201602121829/tools/compiler/bin/../lib/gcc/arm-none-eabi/5.2.1/armv7e-m/fpu/crti.o
                0x08001284                _init
 .init          0x08001288        0x8 c:/ac6/systemworkbench/plugins/fr.ac6.mcu.externaltools.arm-none.win32_1.7.0.201602121829/tools/compiler/bin/../lib/gcc/arm-none-eabi/5.2.1/armv7e-m/fpu/crtn.o
 *(.fini)
 .fini          0x08001290        0x4 c:/ac6/systemworkbench/plugins/fr.ac6.mcu.externaltools.arm-none.win32_1.7.0.201602121829/tools/compiler/bin/../lib/gcc/arm-none-eabi/5.2.1/armv7e-m/fpu/crti.o
                0x08001290                _fini
 .fini          0x08001294        0x8 c:/ac6/systemworkbench/plugins/fr.ac6.mcu.externaltools.arm-none.win32_1.7.0.201602121829/tools/compiler/bin/../lib/gcc/arm-none-eabi/5.2.1/armv7e-m/fpu/crtn.o
                0x0800129c                . = ALIGN (0x4)
                0x0800129c                _etext = .

.vfp11_veneer   0x0800129c        0x0
 .vfp11_veneer  0x0800129c        0x0 linker stubs

.v4_bx          0x0800129c        0x0
 .v4_bx         0x0800129c        0x0 linker stubs

.iplt           0x0800129c        0x0
 .iplt          0x0800129c        0x0 c:/ac6/systemworkbench/plugins/fr.ac6.mcu.externaltools.arm-none.win32_1.7.0.201602121829/tools/compiler/bin/../lib/gcc/arm-none-eabi/5.2.1/armv7e-m/fpu/crtbegin.o

.rodata         0x0800129c       0x1c
                0x0800129c                . = ALIGN (0x4)
 *(.rodata)
 .rodata        0x0800129c        0xa Drivers/BSP/STM32412ZG_Nucleo/stm32f4xx_nucleo_144.o
                0x0800129c                GPIO_PIN
                0x080012a2                BUTTON_IRQn
                0x080012a4                BUTTON_PIN
 .rodata        0x080012a6       0x10 Drivers/STM32F4xx_HAL_Driver/stm32f4xx_hal_rcc.o
                0x080012a6                APBAHBPrescTable
 *(.rodata*)
                0x080012b8                . = ALIGN (0x4)
 *fill*         0x080012b6        0x2 

.rel.dyn        0x080012b8        0x0
 .rel.iplt      0x080012b8        0x0 c:/ac6/systemworkbench/plugins/fr.ac6.mcu.externaltools.arm-none.win32_1.7.0.201602121829/tools/compiler/bin/../lib/gcc/arm-none-eabi/5.2.1/armv7e-m/fpu/crtbegin.o

.ARM.extab
 *(.ARM.extab* .gnu.linkonce.armextab.*)

.ARM            0x080012b8        0x0
                0x080012b8                __exidx_start = .
 *(.ARM.exidx*)
                0x080012b8                __exidx_end = .

.preinit_array  0x080012b8        0x0
                0x080012b8                PROVIDE (__preinit_array_start, .)
 *(.preinit_array*)
                0x080012b8                PROVIDE (__preinit_array_end, .)

.init_array     0x080012b8        0x4
                0x080012b8                PROVIDE (__init_array_start, .)
 *(SORT(.init_array.*))
 *(.init_array*)
 .init_array    0x080012b8        0x4 c:/ac6/systemworkbench/plugins/fr.ac6.mcu.externaltools.arm-none.win32_1.7.0.201602121829/tools/compiler/bin/../lib/gcc/arm-none-eabi/5.2.1/armv7e-m/fpu/crtbegin.o
                0x080012bc                PROVIDE (__init_array_end, .)

.fini_array     0x080012bc        0x4
                [!provide]                PROVIDE (__fini_array_start, .)
 *(SORT(.fini_array.*))
 *(.fini_array*)
 .fini_array    0x080012bc        0x4 c:/ac6/systemworkbench/plugins/fr.ac6.mcu.externaltools.arm-none.win32_1.7.0.201602121829/tools/compiler/bin/../lib/gcc/arm-none-eabi/5.2.1/armv7e-m/fpu/crtbegin.o
                [!provide]                PROVIDE (__fini_array_end, .)
                0x080012c0                _sidata = LOADADDR (.data)

.data           0x20000000       0x14 load address 0x080012c0
                0x20000000                . = ALIGN (0x4)
                0x20000000                _sdata = .
 *(.data)
 .data          0x20000000       0x10 Drivers/BSP/STM32412ZG_Nucleo/stm32f4xx_nucleo_144.o
                0x20000000                GPIO_PORT
                0x2000000c                BUTTON_PORT
 .data          0x20000010        0x4 Drivers/CMSIS/system_stm32f4xx.o
                0x20000010                SystemCoreClock
 *(.data*)
                0x20000014                . = ALIGN (0x4)
                0x20000014                _edata = .

.jcr            0x20000014        0x0 load address 0x080012d4
 .jcr           0x20000014        0x0 c:/ac6/systemworkbench/plugins/fr.ac6.mcu.externaltools.arm-none.win32_1.7.0.201602121829/tools/compiler/bin/../lib/gcc/arm-none-eabi/5.2.1/armv7e-m/fpu/crtbegin.o

.tm_clone_table
                0x20000014        0x0 load address 0x080012d4
 .tm_clone_table
                0x20000014        0x0 c:/ac6/systemworkbench/plugins/fr.ac6.mcu.externaltools.arm-none.win32_1.7.0.201602121829/tools/compiler/bin/../lib/gcc/arm-none-eabi/5.2.1/armv7e-m/fpu/crtbegin.o
 .tm_clone_table
                0x20000014        0x0 c:/ac6/systemworkbench/plugins/fr.ac6.mcu.externaltools.arm-none.win32_1.7.0.201602121829/tools/compiler/bin/../lib/gcc/arm-none-eabi/5.2.1/armv7e-m/fpu/crtend.o

.igot.plt       0x20000014        0x0 load address 0x080012d4
 .igot.plt      0x20000014        0x0 c:/ac6/systemworkbench/plugins/fr.ac6.mcu.externaltools.arm-none.win32_1.7.0.201602121829/tools/compiler/bin/../lib/gcc/arm-none-eabi/5.2.1/armv7e-m/fpu/crtbegin.o
                0x20000014                . = ALIGN (0x4)

.bss            0x20000014       0x80 load address 0x080012d4
                0x20000014                _sbss = .
                0x20000014                __bss_start__ = _sbss
 *(.bss)
 .bss           0x20000014       0x1c c:/ac6/systemworkbench/plugins/fr.ac6.mcu.externaltools.arm-none.win32_1.7.0.201602121829/tools/compiler/bin/../lib/gcc/arm-none-eabi/5.2.1/armv7e-m/fpu/crtbegin.o
 .bss           0x20000030       0x16 Example/User/main.o
                0x20000044                uhADCxConvertedValue
 *(.bss*)
 *(COMMON)
 *fill*         0x20000046        0x2 
 COMMON         0x20000048        0x4 Drivers/STM32F4xx_HAL_Driver/stm32f4xx_hal.o
                0x20000048                uwTick
 COMMON         0x2000004c       0x48 Example/User/main.o
                0x2000004c                AdcHandle
                0x20000094                . = ALIGN (0x4)
                0x20000094                _ebss = .
                0x20000094                __bss_end__ = _ebss

._user_heap_stack
                0x20000094      0x604 load address 0x080012d4
                0x20000098                . = ALIGN (0x8)
 *fill*         0x20000094        0x4 
                [!provide]                PROVIDE (end, .)
                [!provide]                PROVIDE (_end, .)
                0x20000298                . = (. + _Min_Heap_Size)
 *fill*         0x20000098      0x200 
                0x20000698                . = (. + _Min_Stack_Size)
 *fill*         0x20000298      0x400 
                0x20000698                . = ALIGN (0x8)

/DISCARD/
 libc.a(*)
 libm.a(*)
 libgcc.a(*)

.ARM.attributes
                0x00000000       0x30
 *(.ARM.attributes)
 .ARM.attributes
                0x00000000       0x22 c:/ac6/systemworkbench/plugins/fr.ac6.mcu.externaltools.arm-none.win32_1.7.0.201602121829/tools/compiler/bin/../lib/gcc/arm-none-eabi/5.2.1/armv7e-m/fpu/crti.o
 .ARM.attributes
                0x00000022       0x34 c:/ac6/systemworkbench/plugins/fr.ac6.mcu.externaltools.arm-none.win32_1.7.0.201602121829/tools/compiler/bin/../lib/gcc/arm-none-eabi/5.2.1/armv7e-m/fpu/crtbegin.o
 .ARM.attributes
                0x00000056       0x39 Drivers/BSP/STM32412ZG_Nucleo/stm32f4xx_nucleo_144.o
 .ARM.attributes
                0x0000008f       0x39 Drivers/CMSIS/system_stm32f4xx.o
 .ARM.attributes
                0x000000c8       0x39 Drivers/STM32F4xx_HAL_Driver/stm32f4xx_hal.o
 .ARM.attributes
                0x00000101       0x39 Drivers/STM32F4xx_HAL_Driver/stm32f4xx_hal_adc.o
 .ARM.attributes
                0x0000013a       0x39 Drivers/STM32F4xx_HAL_Driver/stm32f4xx_hal_adc_ex.o
 .ARM.attributes
                0x00000173       0x39 Drivers/STM32F4xx_HAL_Driver/stm32f4xx_hal_cortex.o
 .ARM.attributes
                0x000001ac       0x39 Drivers/STM32F4xx_HAL_Driver/stm32f4xx_hal_gpio.o
 .ARM.attributes
                0x000001e5       0x39 Drivers/STM32F4xx_HAL_Driver/stm32f4xx_hal_rcc.o
 .ARM.attributes
                0x0000021e       0x39 Drivers/STM32F4xx_HAL_Driver/stm32f4xx_hal_rcc_ex.o
 .ARM.attributes
                0x00000257       0x21 Example/SW4STM32/startup_stm32f412zx.o
 .ARM.attributes
                0x00000278       0x39 Example/User/main.o
 .ARM.attributes
                0x000002b1       0x39 Example/User/stm32f4xx_hal_msp.o
 .ARM.attributes
                0x000002ea       0x39 Example/User/stm32f4xx_it.o
 .ARM.attributes
                0x00000323       0x34 c:/ac6/systemworkbench/plugins/fr.ac6.mcu.externaltools.arm-none.win32_1.7.0.201602121829/tools/compiler/bin/../lib/gcc/arm-none-eabi/5.2.1/../../../../arm-none-eabi/lib/armv7e-m/fpu\libc_nano.a(lib_a-init.o)
 .ARM.attributes
                0x00000357       0x34 c:/ac6/systemworkbench/plugins/fr.ac6.mcu.externaltools.arm-none.win32_1.7.0.201602121829/tools/compiler/bin/../lib/gcc/arm-none-eabi/5.2.1/armv7e-m/fpu/crtend.o
 .ARM.attributes
                0x0000038b       0x22 c:/ac6/systemworkbench/plugins/fr.ac6.mcu.externaltools.arm-none.win32_1.7.0.201602121829/tools/compiler/bin/../lib/gcc/arm-none-eabi/5.2.1/armv7e-m/fpu/crtn.o
OUTPUT(STM32412ZG_Nucleo.elf elf32-littlearm)

.debug_info     0x00000000     0x8737
 .debug_info    0x00000000     0x12a3 Drivers/BSP/STM32412ZG_Nucleo/stm32f4xx_nucleo_144.o
 .debug_info    0x000012a3      0x4e4 Drivers/CMSIS/system_stm32f4xx.o
 .debug_info    0x00001787      0x902 Drivers/STM32F4xx_HAL_Driver/stm32f4xx_hal.o
 .debug_info    0x00002089      0xcc2 Drivers/STM32F4xx_HAL_Driver/stm32f4xx_hal_adc.o
 .debug_info    0x00002d4b      0xb1c Drivers/STM32F4xx_HAL_Driver/stm32f4xx_hal_adc_ex.o
 .debug_info    0x00003867      0xe58 Drivers/STM32F4xx_HAL_Driver/stm32f4xx_hal_cortex.o
 .debug_info    0x000046bf      0x76f Drivers/STM32F4xx_HAL_Driver/stm32f4xx_hal_gpio.o
 .debug_info    0x00004e2e      0xcc2 Drivers/STM32F4xx_HAL_Driver/stm32f4xx_hal_rcc.o
 .debug_info    0x00005af0      0xb94 Drivers/STM32F4xx_HAL_Driver/stm32f4xx_hal_rcc_ex.o
 .debug_info    0x00006684      0x167 Example/SW4STM32/startup_stm32f412zx.o
 .debug_info    0x000067eb      0xe34 Example/User/main.o
 .debug_info    0x0000761f      0xb31 Example/User/stm32f4xx_hal_msp.o
 .debug_info    0x00008150      0x5e7 Example/User/stm32f4xx_it.o

.debug_abbrev   0x00000000     0x1b67
 .debug_abbrev  0x00000000      0x307 Drivers/BSP/STM32412ZG_Nucleo/stm32f4xx_nucleo_144.o
 .debug_abbrev  0x00000307      0x104 Drivers/CMSIS/system_stm32f4xx.o
 .debug_abbrev  0x0000040b      0x247 Drivers/STM32F4xx_HAL_Driver/stm32f4xx_hal.o
 .debug_abbrev  0x00000652      0x2c8 Drivers/STM32F4xx_HAL_Driver/stm32f4xx_hal_adc.o
 .debug_abbrev  0x0000091a      0x25f Drivers/STM32F4xx_HAL_Driver/stm32f4xx_hal_adc_ex.o
 .debug_abbrev  0x00000b79      0x332 Drivers/STM32F4xx_HAL_Driver/stm32f4xx_hal_cortex.o
 .debug_abbrev  0x00000eab      0x1cb Drivers/STM32F4xx_HAL_Driver/stm32f4xx_hal_gpio.o
 .debug_abbrev  0x00001076      0x321 Drivers/STM32F4xx_HAL_Driver/stm32f4xx_hal_rcc.o
 .debug_abbrev  0x00001397      0x22f Drivers/STM32F4xx_HAL_Driver/stm32f4xx_hal_rcc_ex.o
 .debug_abbrev  0x000015c6       0x12 Example/SW4STM32/startup_stm32f412zx.o
 .debug_abbrev  0x000015d8      0x250 Example/User/main.o
 .debug_abbrev  0x00001828      0x1ac Example/User/stm32f4xx_hal_msp.o
 .debug_abbrev  0x000019d4      0x193 Example/User/stm32f4xx_it.o

.debug_loc      0x00000000     0x2363
 .debug_loc     0x00000000      0x201 Drivers/BSP/STM32412ZG_Nucleo/stm32f4xx_nucleo_144.o
 .debug_loc     0x00000201       0xd7 Drivers/CMSIS/system_stm32f4xx.o
 .debug_loc     0x000002d8       0x92 Drivers/STM32F4xx_HAL_Driver/stm32f4xx_hal.o
 .debug_loc     0x0000036a      0x771 Drivers/STM32F4xx_HAL_Driver/stm32f4xx_hal_adc.o
 .debug_loc     0x00000adb      0x688 Drivers/STM32F4xx_HAL_Driver/stm32f4xx_hal_adc_ex.o
 .debug_loc     0x00001163      0x4ab Drivers/STM32F4xx_HAL_Driver/stm32f4xx_hal_cortex.o
 .debug_loc     0x0000160e      0x374 Drivers/STM32F4xx_HAL_Driver/stm32f4xx_hal_gpio.o
 .debug_loc     0x00001982      0x49b Drivers/STM32F4xx_HAL_Driver/stm32f4xx_hal_rcc.o
 .debug_loc     0x00001e1d      0x4b9 Drivers/STM32F4xx_HAL_Driver/stm32f4xx_hal_rcc_ex.o
 .debug_loc     0x000022d6       0x4b Example/User/main.o
 .debug_loc     0x00002321       0x42 Example/User/stm32f4xx_hal_msp.o

.debug_aranges  0x00000000      0x520
 .debug_aranges
                0x00000000       0x78 Drivers/BSP/STM32412ZG_Nucleo/stm32f4xx_nucleo_144.o
 .debug_aranges
                0x00000078       0x28 Drivers/CMSIS/system_stm32f4xx.o
 .debug_aranges
                0x000000a0       0xb8 Drivers/STM32F4xx_HAL_Driver/stm32f4xx_hal.o
 .debug_aranges
                0x00000158       0xb8 Drivers/STM32F4xx_HAL_Driver/stm32f4xx_hal_adc.o
 .debug_aranges
                0x00000210       0x90 Drivers/STM32F4xx_HAL_Driver/stm32f4xx_hal_adc_ex.o
 .debug_aranges
                0x000002a0       0x98 Drivers/STM32F4xx_HAL_Driver/stm32f4xx_hal_cortex.o
 .debug_aranges
                0x00000338       0x58 Drivers/STM32F4xx_HAL_Driver/stm32f4xx_hal_gpio.o
 .debug_aranges
                0x00000390       0x80 Drivers/STM32F4xx_HAL_Driver/stm32f4xx_hal_rcc.o
 .debug_aranges
                0x00000410       0x48 Drivers/STM32F4xx_HAL_Driver/stm32f4xx_hal_rcc_ex.o
 .debug_aranges
                0x00000458       0x28 Example/SW4STM32/startup_stm32f412zx.o
 .debug_aranges
                0x00000480       0x28 Example/User/main.o
 .debug_aranges
                0x000004a8       0x28 Example/User/stm32f4xx_hal_msp.o
 .debug_aranges
                0x000004d0       0x50 Example/User/stm32f4xx_it.o

.debug_ranges   0x00000000      0x848
 .debug_ranges  0x00000000      0x110 Drivers/BSP/STM32412ZG_Nucleo/stm32f4xx_nucleo_144.o
 .debug_ranges  0x00000110       0x18 Drivers/CMSIS/system_stm32f4xx.o
 .debug_ranges  0x00000128       0xa8 Drivers/STM32F4xx_HAL_Driver/stm32f4xx_hal.o
 .debug_ranges  0x000001d0       0xc0 Drivers/STM32F4xx_HAL_Driver/stm32f4xx_hal_adc.o
 .debug_ranges  0x00000290       0x80 Drivers/STM32F4xx_HAL_Driver/stm32f4xx_hal_adc_ex.o
 .debug_ranges  0x00000310      0x148 Drivers/STM32F4xx_HAL_Driver/stm32f4xx_hal_cortex.o
 .debug_ranges  0x00000458       0x70 Drivers/STM32F4xx_HAL_Driver/stm32f4xx_hal_gpio.o
 .debug_ranges  0x000004c8      0x150 Drivers/STM32F4xx_HAL_Driver/stm32f4xx_hal_rcc.o
 .debug_ranges  0x00000618      0x140 Drivers/STM32F4xx_HAL_Driver/stm32f4xx_hal_rcc_ex.o
 .debug_ranges  0x00000758       0x20 Example/SW4STM32/startup_stm32f412zx.o
 .debug_ranges  0x00000778       0x48 Example/User/main.o
 .debug_ranges  0x000007c0       0x48 Example/User/stm32f4xx_hal_msp.o
 .debug_ranges  0x00000808       0x40 Example/User/stm32f4xx_it.o

.debug_macro    0x00000000    0x13182
 .debug_macro   0x00000000      0x2fe Drivers/BSP/STM32412ZG_Nucleo/stm32f4xx_nucleo_144.o
 .debug_macro   0x000002fe      0x898 Drivers/BSP/STM32412ZG_Nucleo/stm32f4xx_nucleo_144.o
 .debug_macro   0x00000b96      0x18d Drivers/BSP/STM32412ZG_Nucleo/stm32f4xx_nucleo_144.o
 .debug_macro   0x00000d23       0x31 Drivers/BSP/STM32412ZG_Nucleo/stm32f4xx_nucleo_144.o
 .debug_macro   0x00000d54       0x28 Drivers/BSP/STM32412ZG_Nucleo/stm32f4xx_nucleo_144.o
 .debug_macro   0x00000d7c       0x22 Drivers/BSP/STM32412ZG_Nucleo/stm32f4xx_nucleo_144.o
 .debug_macro   0x00000d9e       0x44 Drivers/BSP/STM32412ZG_Nucleo/stm32f4xx_nucleo_144.o
 .debug_macro   0x00000de2       0xfd Drivers/BSP/STM32412ZG_Nucleo/stm32f4xx_nucleo_144.o
 .debug_macro   0x00000edf       0x22 Drivers/BSP/STM32412ZG_Nucleo/stm32f4xx_nucleo_144.o
 .debug_macro   0x00000f01      0x1df Drivers/BSP/STM32412ZG_Nucleo/stm32f4xx_nucleo_144.o
 .debug_macro   0x000010e0       0x35 Drivers/BSP/STM32412ZG_Nucleo/stm32f4xx_nucleo_144.o
 .debug_macro   0x00001115       0x50 Drivers/BSP/STM32412ZG_Nucleo/stm32f4xx_nucleo_144.o
 .debug_macro   0x00001165      0xe66 Drivers/BSP/STM32412ZG_Nucleo/stm32f4xx_nucleo_144.o
 .debug_macro   0x00001fcb     0x86bd Drivers/BSP/STM32412ZG_Nucleo/stm32f4xx_nucleo_144.o
 .debug_macro   0x0000a688       0x43 Drivers/BSP/STM32412ZG_Nucleo/stm32f4xx_nucleo_144.o
 .debug_macro   0x0000a6cb     0x347f Drivers/BSP/STM32412ZG_Nucleo/stm32f4xx_nucleo_144.o
 .debug_macro   0x0000db4a       0x58 Drivers/BSP/STM32412ZG_Nucleo/stm32f4xx_nucleo_144.o
 .debug_macro   0x0000dba2       0x35 Drivers/BSP/STM32412ZG_Nucleo/stm32f4xx_nucleo_144.o
 .debug_macro   0x0000dbd7       0x9c Drivers/BSP/STM32412ZG_Nucleo/stm32f4xx_nucleo_144.o
 .debug_macro   0x0000dc73       0x16 Drivers/BSP/STM32412ZG_Nucleo/stm32f4xx_nucleo_144.o
 .debug_macro   0x0000dc89       0x97 Drivers/BSP/STM32412ZG_Nucleo/stm32f4xx_nucleo_144.o
 .debug_macro   0x0000dd20      0x329 Drivers/BSP/STM32412ZG_Nucleo/stm32f4xx_nucleo_144.o
 .debug_macro   0x0000e049       0xfd Drivers/BSP/STM32412ZG_Nucleo/stm32f4xx_nucleo_144.o
 .debug_macro   0x0000e146       0x10 Drivers/BSP/STM32412ZG_Nucleo/stm32f4xx_nucleo_144.o
 .debug_macro   0x0000e156       0x52 Drivers/BSP/STM32412ZG_Nucleo/stm32f4xx_nucleo_144.o
 .debug_macro   0x0000e1a8       0x16 Drivers/BSP/STM32412ZG_Nucleo/stm32f4xx_nucleo_144.o
 .debug_macro   0x0000e1be       0x43 Drivers/BSP/STM32412ZG_Nucleo/stm32f4xx_nucleo_144.o
 .debug_macro   0x0000e201      0x187 Drivers/BSP/STM32412ZG_Nucleo/stm32f4xx_nucleo_144.o
 .debug_macro   0x0000e388       0x10 Drivers/BSP/STM32412ZG_Nucleo/stm32f4xx_nucleo_144.o
 .debug_macro   0x0000e398       0x22 Drivers/BSP/STM32412ZG_Nucleo/stm32f4xx_nucleo_144.o
 .debug_macro   0x0000e3ba       0x3a Drivers/BSP/STM32412ZG_Nucleo/stm32f4xx_nucleo_144.o
 .debug_macro   0x0000e3f4       0x10 Drivers/BSP/STM32412ZG_Nucleo/stm32f4xx_nucleo_144.o
 .debug_macro   0x0000e404       0x40 Drivers/BSP/STM32412ZG_Nucleo/stm32f4xx_nucleo_144.o
 .debug_macro   0x0000e444       0x65 Drivers/BSP/STM32412ZG_Nucleo/stm32f4xx_nucleo_144.o
 .debug_macro   0x0000e4a9       0x16 Drivers/BSP/STM32412ZG_Nucleo/stm32f4xx_nucleo_144.o
 .debug_macro   0x0000e4bf      0x197 Drivers/BSP/STM32412ZG_Nucleo/stm32f4xx_nucleo_144.o
 .debug_macro   0x0000e656       0x57 Drivers/BSP/STM32412ZG_Nucleo/stm32f4xx_nucleo_144.o
 .debug_macro   0x0000e6ad      0x979 Drivers/BSP/STM32412ZG_Nucleo/stm32f4xx_nucleo_144.o
 .debug_macro   0x0000f026      0x9e1 Drivers/BSP/STM32412ZG_Nucleo/stm32f4xx_nucleo_144.o
 .debug_macro   0x0000fa07      0x11e Drivers/BSP/STM32412ZG_Nucleo/stm32f4xx_nucleo_144.o
 .debug_macro   0x0000fb25      0x18b Drivers/BSP/STM32412ZG_Nucleo/stm32f4xx_nucleo_144.o
 .debug_macro   0x0000fcb0       0x27 Drivers/BSP/STM32412ZG_Nucleo/stm32f4xx_nucleo_144.o
 .debug_macro   0x0000fcd7      0x287 Drivers/BSP/STM32412ZG_Nucleo/stm32f4xx_nucleo_144.o
 .debug_macro   0x0000ff5e       0x5f Drivers/BSP/STM32412ZG_Nucleo/stm32f4xx_nucleo_144.o
 .debug_macro   0x0000ffbd      0x23a Drivers/BSP/STM32412ZG_Nucleo/stm32f4xx_nucleo_144.o
 .debug_macro   0x000101f7      0x391 Drivers/BSP/STM32412ZG_Nucleo/stm32f4xx_nucleo_144.o
 .debug_macro   0x00010588      0x16f Drivers/BSP/STM32412ZG_Nucleo/stm32f4xx_nucleo_144.o
 .debug_macro   0x000106f7       0xf9 Drivers/BSP/STM32412ZG_Nucleo/stm32f4xx_nucleo_144.o
 .debug_macro   0x000107f0      0x13a Drivers/BSP/STM32412ZG_Nucleo/stm32f4xx_nucleo_144.o
 .debug_macro   0x0001092a      0x29c Drivers/BSP/STM32412ZG_Nucleo/stm32f4xx_nucleo_144.o
 .debug_macro   0x00010bc6       0x2e Drivers/BSP/STM32412ZG_Nucleo/stm32f4xx_nucleo_144.o
 .debug_macro   0x00010bf4      0x11e Drivers/BSP/STM32412ZG_Nucleo/stm32f4xx_nucleo_144.o
 .debug_macro   0x00010d12       0x91 Drivers/BSP/STM32412ZG_Nucleo/stm32f4xx_nucleo_144.o
 .debug_macro   0x00010da3       0x89 Drivers/BSP/STM32412ZG_Nucleo/stm32f4xx_nucleo_144.o
 .debug_macro   0x00010e2c      0x11e Drivers/BSP/STM32412ZG_Nucleo/stm32f4xx_nucleo_144.o
 .debug_macro   0x00010f4a      0x13c Drivers/BSP/STM32412ZG_Nucleo/stm32f4xx_nucleo_144.o
 .debug_macro   0x00011086      0x2cb Drivers/CMSIS/system_stm32f4xx.o
 .debug_macro   0x00011351      0x313 Drivers/STM32F4xx_HAL_Driver/stm32f4xx_hal.o
 .debug_macro   0x00011664      0x2c6 Drivers/STM32F4xx_HAL_Driver/stm32f4xx_hal_adc.o
 .debug_macro   0x0001192a      0x2c5 Drivers/STM32F4xx_HAL_Driver/stm32f4xx_hal_adc_ex.o
 .debug_macro   0x00011bef      0x2c5 Drivers/STM32F4xx_HAL_Driver/stm32f4xx_hal_cortex.o
 .debug_macro   0x00011eb4      0x2fd Drivers/STM32F4xx_HAL_Driver/stm32f4xx_hal_gpio.o
 .debug_macro   0x000121b1      0x2ef Drivers/STM32F4xx_HAL_Driver/stm32f4xx_hal_rcc.o
 .debug_macro   0x000124a0      0x2c5 Drivers/STM32F4xx_HAL_Driver/stm32f4xx_hal_rcc_ex.o
 .debug_macro   0x00012765      0x2dd Example/User/main.o
 .debug_macro   0x00012a42      0x142 Example/User/main.o
 .debug_macro   0x00012b84       0x3a Example/User/main.o
 .debug_macro   0x00012bbe      0x2dd Example/User/stm32f4xx_hal_msp.o
 .debug_macro   0x00012e9b      0x2e7 Example/User/stm32f4xx_it.o

.debug_line     0x00000000     0x7a3e
 .debug_line    0x00000000      0x997 Drivers/BSP/STM32412ZG_Nucleo/stm32f4xx_nucleo_144.o
 .debug_line    0x00000997      0x886 Drivers/CMSIS/system_stm32f4xx.o
 .debug_line    0x0000121d      0x99e Drivers/STM32F4xx_HAL_Driver/stm32f4xx_hal.o
 .debug_line    0x00001bbb      0xc6f Drivers/STM32F4xx_HAL_Driver/stm32f4xx_hal_adc.o
 .debug_line    0x0000282a      0xb32 Drivers/STM32F4xx_HAL_Driver/stm32f4xx_hal_adc_ex.o
 .debug_line    0x0000335c      0xa12 Drivers/STM32F4xx_HAL_Driver/stm32f4xx_hal_cortex.o
 .debug_line    0x00003d6e      0x9df Drivers/STM32F4xx_HAL_Driver/stm32f4xx_hal_gpio.o
 .debug_line    0x0000474d      0xb1f Drivers/STM32F4xx_HAL_Driver/stm32f4xx_hal_rcc.o
 .debug_line    0x0000526c      0xb36 Drivers/STM32F4xx_HAL_Driver/stm32f4xx_hal_rcc_ex.o
 .debug_line    0x00005da2       0xfe Example/SW4STM32/startup_stm32f412zx.o
 .debug_line    0x00005ea0      0x961 Example/User/main.o
 .debug_line    0x00006801      0x8fb Example/User/stm32f4xx_hal_msp.o
 .debug_line    0x000070fc      0x942 Example/User/stm32f4xx_it.o

.debug_str      0x00000000    0x68a68
 .debug_str     0x00000000    0x66fbe Drivers/BSP/STM32412ZG_Nucleo/stm32f4xx_nucleo_144.o
                              0x67371 (size before relaxing)
 .debug_str     0x00066fbe      0x14d Drivers/CMSIS/system_stm32f4xx.o
                              0x65dcf (size before relaxing)
 .debug_str     0x0006710b      0x4fe Drivers/STM32F4xx_HAL_Driver/stm32f4xx_hal.o
                              0x66751 (size before relaxing)
 .debug_str     0x00067609      0x247 Drivers/STM32F4xx_HAL_Driver/stm32f4xx_hal_adc.o
                              0x662bb (size before relaxing)
 .debug_str     0x00067850      0x34a Drivers/STM32F4xx_HAL_Driver/stm32f4xx_hal_adc_ex.o
                              0x66383 (size before relaxing)
 .debug_str     0x00067b9a      0x32c Drivers/STM32F4xx_HAL_Driver/stm32f4xx_hal_cortex.o
                              0x66598 (size before relaxing)
 .debug_str     0x00067ec6      0x24d Drivers/STM32F4xx_HAL_Driver/stm32f4xx_hal_gpio.o
                              0x6600c (size before relaxing)
 .debug_str     0x00068113      0x3a7 Drivers/STM32F4xx_HAL_Driver/stm32f4xx_hal_rcc.o
                              0x661a0 (size before relaxing)
 .debug_str     0x000684ba      0x205 Drivers/STM32F4xx_HAL_Driver/stm32f4xx_hal_rcc_ex.o
                              0x6601a (size before relaxing)
 .debug_str     0x000686bf      0x1e1 Example/User/main.o
                              0x66d69 (size before relaxing)
 .debug_str     0x000688a0       0xbb Example/User/stm32f4xx_hal_msp.o
                              0x66fbc (size before relaxing)
 .debug_str     0x0006895b      0x10d Example/User/stm32f4xx_it.o
                              0x66990 (size before relaxing)

.comment        0x00000000       0x6e
 .comment       0x00000000       0x6e Drivers/BSP/STM32412ZG_Nucleo/stm32f4xx_nucleo_144.o
                                 0x6f (size before relaxing)
 .comment       0x0000006e       0x6f Drivers/CMSIS/system_stm32f4xx.o
 .comment       0x0000006e       0x6f Drivers/STM32F4xx_HAL_Driver/stm32f4xx_hal.o
 .comment       0x0000006e       0x6f Drivers/STM32F4xx_HAL_Driver/stm32f4xx_hal_adc.o
 .comment       0x0000006e       0x6f Drivers/STM32F4xx_HAL_Driver/stm32f4xx_hal_adc_ex.o
 .comment       0x0000006e       0x6f Drivers/STM32F4xx_HAL_Driver/stm32f4xx_hal_cortex.o
 .comment       0x0000006e       0x6f Drivers/STM32F4xx_HAL_Driver/stm32f4xx_hal_gpio.o
 .comment       0x0000006e       0x6f Drivers/STM32F4xx_HAL_Driver/stm32f4xx_hal_rcc.o
 .comment       0x0000006e       0x6f Drivers/STM32F4xx_HAL_Driver/stm32f4xx_hal_rcc_ex.o
 .comment       0x0000006e       0x6f Example/User/main.o
 .comment       0x0000006e       0x6f Example/User/stm32f4xx_hal_msp.o
 .comment       0x0000006e       0x6f Example/User/stm32f4xx_it.o

.debug_frame    0x00000000      0xbd0
 .debug_frame   0x00000000      0x144 Drivers/BSP/STM32412ZG_Nucleo/stm32f4xx_nucleo_144.o
 .debug_frame   0x00000144       0x30 Drivers/CMSIS/system_stm32f4xx.o
 .debug_frame   0x00000174      0x184 Drivers/STM32F4xx_HAL_Driver/stm32f4xx_hal.o
 .debug_frame   0x000002f8      0x23c Drivers/STM32F4xx_HAL_Driver/stm32f4xx_hal_adc.o
 .debug_frame   0x00000534      0x154 Drivers/STM32F4xx_HAL_Driver/stm32f4xx_hal_adc_ex.o
 .debug_frame   0x00000688      0x130 Drivers/STM32F4xx_HAL_Driver/stm32f4xx_hal_cortex.o
 .debug_frame   0x000007b8       0xd4 Drivers/STM32F4xx_HAL_Driver/stm32f4xx_hal_gpio.o
 .debug_frame   0x0000088c      0x138 Drivers/STM32F4xx_HAL_Driver/stm32f4xx_hal_rcc.o
 .debug_frame   0x000009c4       0xa8 Drivers/STM32F4xx_HAL_Driver/stm32f4xx_hal_rcc_ex.o
 .debug_frame   0x00000a6c       0x48 Example/User/main.o
 .debug_frame   0x00000ab4       0x40 Example/User/stm32f4xx_hal_msp.o
 .debug_frame   0x00000af4       0xb0 Example/User/stm32f4xx_it.o
 .debug_frame   0x00000ba4       0x2c c:/ac6/systemworkbench/plugins/fr.ac6.mcu.externaltools.arm-none.win32_1.7.0.201602121829/tools/compiler/bin/../lib/gcc/arm-none-eabi/5.2.1/../../../../arm-none-eabi/lib/armv7e-m/fpu\libc_nano.a(lib_a-init.o)
